******************************************************************************
            TI ARM Clang Linker PC v4.0.1                      
******************************************************************************
>> Linked Mon Mar  3 20:24:48 2025

OUTPUT FILE NAME:   <Serial_communication.out>
ENTRY POINT SYMBOL: "_c_int00_noinit_noargs"  address: 00000121


MEMORY CONFIGURATION

         name            origin    length      used     unused   attr    fill
----------------------  --------  ---------  --------  --------  ----  --------
  FLASH                 00000000   00020000  00000170  0001fe90  R  X
  SRAM                  20200000   00008000  00000200  00007e00  RW X
  BCR_CONFIG            41c00000   000000ff  00000000  000000ff  R   
  BSL_CONFIG            41c00100   00000080  00000000  00000080  R   


SEGMENT ALLOCATION MAP

run origin  load origin   length   init length attrs members
----------  ----------- ---------- ----------- ----- -------
00000000    00000000    00000170   00000170    r-x
  00000000    00000000    000000c0   000000c0    r-- .intvecs
  000000c0    000000c0    000000b0   000000b0    r-x .text
20207e00    20207e00    00000200   00000000    rw-
  20207e00    20207e00    00000200   00000000    rw- .stack


SECTION ALLOCATION MAP

 output                                  attributes/
section   page    origin      length       input sections
--------  ----  ----------  ----------   ----------------
.intvecs   0    00000000    000000c0     
                  00000000    000000c0     startup_mspm0g350x_ticlang.o (.intvecs)

.text      0    000000c0    000000b0     
                  000000c0    00000040     ti_msp_dl_config.o (.text.SYSCFG_DL_SYSCTL_init)
                  00000100    00000020     ti_msp_dl_config.o (.text.SYSCFG_DL_initPower)
                  00000120    00000020     libc.a : boot_cortex_m.c.obj (.text:_c_int00_noinit_noargs)
                  00000140    00000010     ti_msp_dl_config.o (.text.SYSCFG_DL_init)
                  00000150    0000000a     driverlib.a : dl_common.o (.text.DL_Common_delayCycles)
                  0000015a    00000006     Serial.o (.text.main)
                  00000160    00000004     startup_mspm0g350x_ticlang.o (.text.Reset_Handler)
                  00000164    00000004     libc.a : pre_init.c.obj (.text._system_pre_init)
                  00000168    00000004            : exit.c.obj (.text:abort)
                  0000016c    00000002     startup_mspm0g350x_ticlang.o (.text.Default_Handler)
                  0000016e    00000002     ti_msp_dl_config.o (.text.SYSCFG_DL_GPIO_init)

.cinit     0    00000000    00000000     

.init_array 
*          0    00000000    00000000     UNINITIALIZED

.binit     0    00000000    00000000     

.stack     0    20207e00    00000200     UNINITIALIZED
                  20207e00    00000004     libc.a : boot_cortex_m.c.obj (.stack)
                  20207e04    000001fc     --HOLE--

__llvm_prf_cnts 
*          0    20200000    00000000     UNINITIALIZED

__llvm_prf_bits 
*          0    20200000    00000000     UNINITIALIZED

MODULE SUMMARY

       Module                         code   ro data   rw data
       ------                         ----   -------   -------
    .\
       startup_mspm0g350x_ticlang.o   6      192       0      
       ti_msp_dl_config.o             114    0         0      
       Serial.o                       6      0         0      
    +--+------------------------------+------+---------+---------+
       Total:                         126    192       0      
                                                              
    C:/ti/mspm0_sdk_2_04_00_06/source/ti/driverlib/lib/ticlang/m0p/mspm0g1x0x_g3x0x/driverlib.a
       dl_common.o                    10     0         0      
    +--+------------------------------+------+---------+---------+
       Total:                         10     0         0      
                                                              
    C:\ti\ccs2002\ccs\tools\compiler\ti-cgt-armllvm_4.0.1.LTS\lib\armv6m-ti-none-eabi/c/libc.a
       boot_cortex_m.c.obj            32     0         0      
       exit.c.obj                     4      0         0      
       pre_init.c.obj                 4      0         0      
    +--+------------------------------+------+---------+---------+
       Total:                         40     0         0      
                                                              
       Stack:                         0      0         512    
    +--+------------------------------+------+---------+---------+
       Grand Total:                   176    192       512    


GLOBAL SYMBOLS: SORTED ALPHABETICALLY BY Name 

address   name                    
-------   ----                    
0000016d  ADC0_IRQHandler         
0000016d  ADC1_IRQHandler         
0000016d  AES_IRQHandler          
00000168  C$$EXIT                 
0000016d  CANFD0_IRQHandler       
0000016d  DAC0_IRQHandler         
00000151  DL_Common_delayCycles   
0000016d  DMA_IRQHandler          
0000016d  Default_Handler         
0000016d  GROUP0_IRQHandler       
0000016d  GROUP1_IRQHandler       
0000016d  HardFault_Handler       
0000016d  I2C0_IRQHandler         
0000016d  I2C1_IRQHandler         
0000016d  NMI_Handler             
0000016d  PendSV_Handler          
0000016d  RTC_IRQHandler          
00000161  Reset_Handler           
0000016d  SPI0_IRQHandler         
0000016d  SPI1_IRQHandler         
0000016d  SVC_Handler             
0000016f  SYSCFG_DL_GPIO_init     
000000c1  SYSCFG_DL_SYSCTL_init   
00000141  SYSCFG_DL_init          
00000101  SYSCFG_DL_initPower     
0000016d  SysTick_Handler         
0000016d  TIMA0_IRQHandler        
0000016d  TIMA1_IRQHandler        
0000016d  TIMG0_IRQHandler        
0000016d  TIMG12_IRQHandler       
0000016d  TIMG6_IRQHandler        
0000016d  TIMG7_IRQHandler        
0000016d  TIMG8_IRQHandler        
0000016d  UART0_IRQHandler        
0000016d  UART1_IRQHandler        
0000016d  UART2_IRQHandler        
0000016d  UART3_IRQHandler        
20208000  __STACK_END             
00000200  __STACK_SIZE            
00000000  __TI_ATRegion0_region_sz
00000000  __TI_ATRegion0_src_addr 
00000000  __TI_ATRegion0_trg_addr 
00000000  __TI_ATRegion1_region_sz
00000000  __TI_ATRegion1_src_addr 
00000000  __TI_ATRegion1_trg_addr 
00000000  __TI_ATRegion2_region_sz
00000000  __TI_ATRegion2_src_addr 
00000000  __TI_ATRegion2_trg_addr 
00000000  __TI_CINIT_Base         
00000000  __TI_CINIT_Limit        
00000000  __TI_CINIT_Warm         
ffffffff  __TI_pprof_out_hndl     
ffffffff  __TI_prof_data_size     
ffffffff  __TI_prof_data_start    
00000000  __TI_static_base__      
ffffffff  __binit__               
UNDEFED   __mpu_init              
20207e00  __stack                 
20200000  __start___llvm_prf_bits 
20200000  __start___llvm_prf_cnts 
20200000  __stop___llvm_prf_bits  
20200000  __stop___llvm_prf_cnts  
00000121  _c_int00_noinit_noargs  
00000165  _system_pre_init        
00000169  abort                   
ffffffff  binit                   
00000000  interruptVectors        
0000015b  main                    


GLOBAL SYMBOLS: SORTED BY Symbol Address 

address   name                    
-------   ----                    
00000000  __TI_ATRegion0_region_sz
00000000  __TI_ATRegion0_src_addr 
00000000  __TI_ATRegion0_trg_addr 
00000000  __TI_ATRegion1_region_sz
00000000  __TI_ATRegion1_src_addr 
00000000  __TI_ATRegion1_trg_addr 
00000000  __TI_ATRegion2_region_sz
00000000  __TI_ATRegion2_src_addr 
00000000  __TI_ATRegion2_trg_addr 
00000000  __TI_CINIT_Base         
00000000  __TI_CINIT_Limit        
00000000  __TI_CINIT_Warm         
00000000  __TI_static_base__      
00000000  interruptVectors        
000000c1  SYSCFG_DL_SYSCTL_init   
00000101  SYSCFG_DL_initPower     
00000121  _c_int00_noinit_noargs  
00000141  SYSCFG_DL_init          
00000151  DL_Common_delayCycles   
0000015b  main                    
00000161  Reset_Handler           
00000165  _system_pre_init        
00000168  C$$EXIT                 
00000169  abort                   
0000016d  ADC0_IRQHandler         
0000016d  ADC1_IRQHandler         
0000016d  AES_IRQHandler          
0000016d  CANFD0_IRQHandler       
0000016d  DAC0_IRQHandler         
0000016d  DMA_IRQHandler          
0000016d  Default_Handler         
0000016d  GROUP0_IRQHandler       
0000016d  GROUP1_IRQHandler       
0000016d  HardFault_Handler       
0000016d  I2C0_IRQHandler         
0000016d  I2C1_IRQHandler         
0000016d  NMI_Handler             
0000016d  PendSV_Handler          
0000016d  RTC_IRQHandler          
0000016d  SPI0_IRQHandler         
0000016d  SPI1_IRQHandler         
0000016d  SVC_Handler             
0000016d  SysTick_Handler         
0000016d  TIMA0_IRQHandler        
0000016d  TIMA1_IRQHandler        
0000016d  TIMG0_IRQHandler        
0000016d  TIMG12_IRQHandler       
0000016d  TIMG6_IRQHandler        
0000016d  TIMG7_IRQHandler        
0000016d  TIMG8_IRQHandler        
0000016d  UART0_IRQHandler        
0000016d  UART1_IRQHandler        
0000016d  UART2_IRQHandler        
0000016d  UART3_IRQHandler        
0000016f  SYSCFG_DL_GPIO_init     
00000200  __STACK_SIZE            
20200000  __start___llvm_prf_bits 
20200000  __start___llvm_prf_cnts 
20200000  __stop___llvm_prf_bits  
20200000  __stop___llvm_prf_cnts  
20207e00  __stack                 
20208000  __STACK_END             
ffffffff  __TI_pprof_out_hndl     
ffffffff  __TI_prof_data_size     
ffffffff  __TI_prof_data_start    
ffffffff  __binit__               
ffffffff  binit                   
UNDEFED   __mpu_init              

[68 symbols]
