******************************************************************************
            TI ARM Clang Linker PC v4.0.2                      
******************************************************************************
>> Linked Sun Mar  9 18:06:43 2025

OUTPUT FILE NAME:   <Serial_communication.out>
ENTRY POINT SYMBOL: "_c_int00_noargs"  address: 000003c1


MEMORY CONFIGURATION

         name            origin    length      used     unused   attr    fill
----------------------  --------  ---------  --------  --------  ----  --------
  FLASH                 00000000   00020000  000004c8  0001fb38  R  X
  SRAM                  20200000   00008000  00000205  00007dfb  RW X
  BCR_CONFIG            41c00000   000000ff  00000000  000000ff  R   
  BSL_CONFIG            41c00100   00000080  00000000  00000080  R   


SEGMENT ALLOCATION MAP

run origin  load origin   length   init length attrs members
----------  ----------- ---------- ----------- ----- -------
00000000    00000000    000004c8   000004c8    r-x
  00000000    00000000    000000c0   000000c0    r-- .intvecs
  000000c0    000000c0    000003d0   000003d0    r-x .text
  00000490    00000490    00000020   00000020    r-- .rodata
  000004b0    000004b0    00000018   00000018    r-- .cinit
20200000    20200000    00000005   00000000    rw-
  20200000    20200000    00000005   00000000    rw- .data
20207e00    20207e00    00000200   00000000    rw-
  20207e00    20207e00    00000200   00000000    rw- .stack


SECTION ALLOCATION MAP

 output                                  attributes/
section   page    origin      length       input sections
--------  ----  ----------  ----------   ----------------
.intvecs   0    00000000    000000c0     
                  00000000    000000c0     startup_mspm0g350x_ticlang.o (.intvecs)

.text      0    000000c0    000003d0     
                  000000c0    0000009a     libc.a : memcpy16.S.obj (.text:memcpy)
                  0000015a    00000002     startup_mspm0g350x_ticlang.o (.text.Default_Handler)
                  0000015c    00000090     Serial.o (.text.main)
                  000001ec    0000007c     libc.a : copy_decompress_lzss.c.obj (.text:decompress:lzss)
                  00000268    0000006c     ti_msp_dl_config.o (.text.SYSCFG_DL_UART_0_init)
                  000002d4    00000048     driverlib.a : dl_uart.o (.text.DL_UART_init)
                  0000031c    0000003c     ti_msp_dl_config.o (.text.SYSCFG_DL_SYSCTL_init)
                  00000358    0000003c     libc.a : autoinit.c.obj (.text:__TI_auto_init_nobinit_nopinit)
                  00000394    0000002c     ti_msp_dl_config.o (.text.SYSCFG_DL_initPower)
                  000003c0    00000028     libc.a : boot_cortex_m.c.obj (.text:_c_int00_noargs)
                  000003e8    00000020     Serial.o (.text.UART0_IRQHandler)
                  00000408    00000014     ti_msp_dl_config.o (.text.SYSCFG_DL_GPIO_init)
                  0000041c    00000014     ti_msp_dl_config.o (.text.SYSCFG_DL_init)
                  00000430    00000014     Serial.o (.text.SysTick_Handler)
                  00000444    00000012     driverlib.a : dl_uart.o (.text.DL_UART_setClockConfig)
                  00000456    00000012     libc.a : copy_decompress_none.c.obj (.text:decompress:none)
                  00000468    0000000a     driverlib.a : dl_common.o (.text.DL_Common_delayCycles)
                  00000472    00000002     --HOLE-- [fill = 0]
                  00000474    00000008     libclang_rt.builtins.a : aeabi_memcpy.S.obj (.text.__aeabi_memcpy)
                  0000047c    00000006     libc.a : exit.c.obj (.text:abort)
                  00000482    00000004     libsysbm.a : hostexit.c.obj (.text.HOSTexit)
                  00000486    00000004     startup_mspm0g350x_ticlang.o (.text.Reset_Handler)
                  0000048a    00000004     libc.a : pre_init.c.obj (.text._system_pre_init)
                  0000048e    00000002     --HOLE-- [fill = 0]

.cinit     0    000004b0    00000018     
                  000004b0    00000008     (__TI_handler_table)
                  000004b8    00000007     (.cinit..data.load) [load image, compression = lzss]
                  000004bf    00000001     --HOLE-- [fill = 0]
                  000004c0    00000008     (__TI_cinit_table)

.rodata    0    00000490    00000020     
                  00000490    00000010     Serial.o (.rodata.str1.3218052037662060792.1)
                  000004a0    0000000a     ti_msp_dl_config.o (.rodata.gUART_0Config)
                  000004aa    00000002     ti_msp_dl_config.o (.rodata.gUART_0ClockConfig)
                  000004ac    00000004     --HOLE-- [fill = 0]

.init_array 
*          0    00000000    00000000     UNINITIALIZED

.binit     0    00000000    00000000     

.data      0    20200000    00000005     UNINITIALIZED
                  20200000    00000004     Serial.o (.data.delay_times)
                  20200004    00000001     Serial.o (.data.uart_data)

.stack     0    20207e00    00000200     UNINITIALIZED
                  20207e00    00000004     libc.a : boot_cortex_m.c.obj (.stack)
                  20207e04    000001fc     --HOLE--

__llvm_prf_cnts 
*          0    20200000    00000000     UNINITIALIZED

__llvm_prf_bits 
*          0    20200000    00000000     UNINITIALIZED

MODULE SUMMARY

       Module                         code   ro data   rw data
       ------                         ----   -------   -------
    .\
       ti_msp_dl_config.o             252    12        0      
       Serial.o                       196    16        5      
       startup_mspm0g350x_ticlang.o   6      192       0      
    +--+------------------------------+------+---------+---------+
       Total:                         454    220       5      
                                                              
    C:/ti/mspm0_sdk_2_04_00_06/source/ti/driverlib/lib/ticlang/m0p/mspm0g1x0x_g3x0x/driverlib.a
       dl_uart.o                      90     0         0      
       dl_common.o                    10     0         0      
    +--+------------------------------+------+---------+---------+
       Total:                         100    0         0      
                                                              
    C:\ti\ccs2010\ccs\tools\compiler\ti-cgt-armllvm_4.0.2.LTS\lib\armv6m-ti-none-eabi/c/libc.a
       memcpy16.S.obj                 154    0         0      
       copy_decompress_lzss.c.obj     124    0         0      
       autoinit.c.obj                 60     0         0      
       boot_cortex_m.c.obj            40     0         0      
       copy_decompress_none.c.obj     18     0         0      
       exit.c.obj                     6      0         0      
       pre_init.c.obj                 4      0         0      
    +--+------------------------------+------+---------+---------+
       Total:                         406    0         0      
                                                              
    C:\ti\ccs2010\ccs\tools\compiler\ti-cgt-armllvm_4.0.2.LTS\lib\armv6m-ti-none-eabi/c/libsysbm.a
       hostexit.c.obj                 4      0         0      
    +--+------------------------------+------+---------+---------+
       Total:                         4      0         0      
                                                              
    C:\ti\ccs2010\ccs\tools\compiler\ti-cgt-armllvm_4.0.2.LTS\lib\armv6m-ti-none-eabi/libclang_rt.builtins.a
       aeabi_memcpy.S.obj             8      0         0      
    +--+------------------------------+------+---------+---------+
       Total:                         8      0         0      
                                                              
       Stack:                         0      0         512    
       Linker Generated:              0      23        0      
    +--+------------------------------+------+---------+---------+
       Grand Total:                   972    243       517    


LINKER GENERATED COPY TABLES

__TI_cinit_table @ 000004c0 records: 1, size/record: 8, table size: 8
	.data: load addr=000004b8, load size=00000007 bytes, run addr=20200000, run size=00000005 bytes, compression=lzss


LINKER GENERATED HANDLER TABLE

__TI_handler_table @ 000004b0 records: 2, size/record: 4, table size: 8
	index: 0, handler: __TI_decompress_lzss
	index: 1, handler: __TI_decompress_none


GLOBAL SYMBOLS: SORTED ALPHABETICALLY BY Name 

address   name                          
-------   ----                          
0000015b  ADC0_IRQHandler               
0000015b  ADC1_IRQHandler               
0000015b  AES_IRQHandler                
00000482  C$$EXIT                       
0000015b  CANFD0_IRQHandler             
0000015b  DAC0_IRQHandler               
00000469  DL_Common_delayCycles         
000002d5  DL_UART_init                  
00000445  DL_UART_setClockConfig        
0000015b  DMA_IRQHandler                
0000015b  Default_Handler               
0000015b  GROUP0_IRQHandler             
0000015b  GROUP1_IRQHandler             
00000483  HOSTexit                      
0000015b  HardFault_Handler             
0000015b  I2C0_IRQHandler               
0000015b  I2C1_IRQHandler               
0000015b  NMI_Handler                   
0000015b  PendSV_Handler                
0000015b  RTC_IRQHandler                
00000487  Reset_Handler                 
0000015b  SPI0_IRQHandler               
0000015b  SPI1_IRQHandler               
0000015b  SVC_Handler                   
00000409  SYSCFG_DL_GPIO_init           
0000031d  SYSCFG_DL_SYSCTL_init         
00000269  SYSCFG_DL_UART_0_init         
0000041d  SYSCFG_DL_init                
00000395  SYSCFG_DL_initPower           
00000431  SysTick_Handler               
0000015b  TIMA0_IRQHandler              
0000015b  TIMA1_IRQHandler              
0000015b  TIMG0_IRQHandler              
0000015b  TIMG12_IRQHandler             
0000015b  TIMG6_IRQHandler              
0000015b  TIMG7_IRQHandler              
0000015b  TIMG8_IRQHandler              
000003e9  UART0_IRQHandler              
0000015b  UART1_IRQHandler              
0000015b  UART2_IRQHandler              
0000015b  UART3_IRQHandler              
20208000  __STACK_END                   
00000200  __STACK_SIZE                  
00000000  __TI_ATRegion0_region_sz      
00000000  __TI_ATRegion0_src_addr       
00000000  __TI_ATRegion0_trg_addr       
00000000  __TI_ATRegion1_region_sz      
00000000  __TI_ATRegion1_src_addr       
00000000  __TI_ATRegion1_trg_addr       
00000000  __TI_ATRegion2_region_sz      
00000000  __TI_ATRegion2_src_addr       
00000000  __TI_ATRegion2_trg_addr       
000004c0  __TI_CINIT_Base               
000004c8  __TI_CINIT_Limit              
000004c8  __TI_CINIT_Warm               
000004b0  __TI_Handler_Table_Base       
000004b8  __TI_Handler_Table_Limit      
00000359  __TI_auto_init_nobinit_nopinit
000001ed  __TI_decompress_lzss          
00000457  __TI_decompress_none          
ffffffff  __TI_pprof_out_hndl           
ffffffff  __TI_prof_data_size           
ffffffff  __TI_prof_data_start          
00000000  __TI_static_base__            
00000475  __aeabi_memcpy                
00000475  __aeabi_memcpy4               
00000475  __aeabi_memcpy8               
ffffffff  __binit__                     
UNDEFED   __mpu_init                    
20207e00  __stack                       
20200000  __start___llvm_prf_bits       
20200000  __start___llvm_prf_cnts       
20200000  __stop___llvm_prf_bits        
20200000  __stop___llvm_prf_cnts        
000003c1  _c_int00_noargs               
UNDEFED   _system_post_cinit            
0000048b  _system_pre_init              
0000047d  abort                         
ffffffff  binit                         
20200000  delay_times                   
00000000  interruptVectors              
0000015d  main                          
000000c1  memcpy                        
20200004  uart_data                     


GLOBAL SYMBOLS: SORTED BY Symbol Address 

address   name                          
-------   ----                          
00000000  __TI_ATRegion0_region_sz      
00000000  __TI_ATRegion0_src_addr       
00000000  __TI_ATRegion0_trg_addr       
00000000  __TI_ATRegion1_region_sz      
00000000  __TI_ATRegion1_src_addr       
00000000  __TI_ATRegion1_trg_addr       
00000000  __TI_ATRegion2_region_sz      
00000000  __TI_ATRegion2_src_addr       
00000000  __TI_ATRegion2_trg_addr       
00000000  __TI_static_base__            
00000000  interruptVectors              
000000c1  memcpy                        
0000015b  ADC0_IRQHandler               
0000015b  ADC1_IRQHandler               
0000015b  AES_IRQHandler                
0000015b  CANFD0_IRQHandler             
0000015b  DAC0_IRQHandler               
0000015b  DMA_IRQHandler                
0000015b  Default_Handler               
0000015b  GROUP0_IRQHandler             
0000015b  GROUP1_IRQHandler             
0000015b  HardFault_Handler             
0000015b  I2C0_IRQHandler               
0000015b  I2C1_IRQHandler               
0000015b  NMI_Handler                   
0000015b  PendSV_Handler                
0000015b  RTC_IRQHandler                
0000015b  SPI0_IRQHandler               
0000015b  SPI1_IRQHandler               
0000015b  SVC_Handler                   
0000015b  TIMA0_IRQHandler              
0000015b  TIMA1_IRQHandler              
0000015b  TIMG0_IRQHandler              
0000015b  TIMG12_IRQHandler             
0000015b  TIMG6_IRQHandler              
0000015b  TIMG7_IRQHandler              
0000015b  TIMG8_IRQHandler              
0000015b  UART1_IRQHandler              
0000015b  UART2_IRQHandler              
0000015b  UART3_IRQHandler              
0000015d  main                          
000001ed  __TI_decompress_lzss          
00000200  __STACK_SIZE                  
00000269  SYSCFG_DL_UART_0_init         
000002d5  DL_UART_init                  
0000031d  SYSCFG_DL_SYSCTL_init         
00000359  __TI_auto_init_nobinit_nopinit
00000395  SYSCFG_DL_initPower           
000003c1  _c_int00_noargs               
000003e9  UART0_IRQHandler              
00000409  SYSCFG_DL_GPIO_init           
0000041d  SYSCFG_DL_init                
00000431  SysTick_Handler               
00000445  DL_UART_setClockConfig        
00000457  __TI_decompress_none          
00000469  DL_Common_delayCycles         
00000475  __aeabi_memcpy                
00000475  __aeabi_memcpy4               
00000475  __aeabi_memcpy8               
0000047d  abort                         
00000482  C$$EXIT                       
00000483  HOSTexit                      
00000487  Reset_Handler                 
0000048b  _system_pre_init              
000004b0  __TI_Handler_Table_Base       
000004b8  __TI_Handler_Table_Limit      
000004c0  __TI_CINIT_Base               
000004c8  __TI_CINIT_Limit              
000004c8  __TI_CINIT_Warm               
20200000  __start___llvm_prf_bits       
20200000  __start___llvm_prf_cnts       
20200000  __stop___llvm_prf_bits        
20200000  __stop___llvm_prf_cnts        
20200000  delay_times                   
20200004  uart_data                     
20207e00  __stack                       
20208000  __STACK_END                   
ffffffff  __TI_pprof_out_hndl           
ffffffff  __TI_prof_data_size           
ffffffff  __TI_prof_data_start          
ffffffff  __binit__                     
ffffffff  binit                         
UNDEFED   __mpu_init                    
UNDEFED   _system_post_cinit            

[84 symbols]
