******************************************************************************
            TI ARM Clang Linker PC v4.0.2                      
******************************************************************************
>> Linked Sun Mar 16 12:31:43 2025

OUTPUT FILE NAME:   <I2C.out>
ENTRY POINT SYMBOL: "_c_int00_noargs"  address: 00000505


MEMORY CONFIGURATION

         name            origin    length      used     unused   attr    fill
----------------------  --------  ---------  --------  --------  ----  --------
  FLASH                 00000000   00020000  00000628  0001f9d8  R  X
  SRAM                  20200000   00008000  00000219  00007de7  RW X
  BCR_CONFIG            41c00000   000000ff  00000000  000000ff  R   
  BSL_CONFIG            41c00100   00000080  00000000  00000080  R   


SEGMENT ALLOCATION MAP

run origin  load origin   length   init length attrs members
----------  ----------- ---------- ----------- ----- -------
00000000    00000000    00000628   00000628    r-x
  00000000    00000000    000000c0   000000c0    r-- .intvecs
  000000c0    000000c0    00000520   00000520    r-x .text
  000005e0    000005e0    00000008   00000008    r-- .rodata
  000005e8    000005e8    00000040   00000040    r-- .cinit
20200000    20200000    00000019   00000000    rw-
  20200000    20200000    00000010   00000000    rw- .data
  20200010    20200010    00000009   00000000    rw- .bss
20207e00    20207e00    00000200   00000000    rw-
  20207e00    20207e00    00000200   00000000    rw- .stack


SECTION ALLOCATION MAP

 output                                  attributes/
section   page    origin      length       input sections
--------  ----  ----------  ----------   ----------------
.intvecs   0    00000000    000000c0     
                  00000000    000000c0     startup_mspm0g350x_ticlang.o (.intvecs)

.text      0    000000c0    00000520     
                  000000c0    00000110     I2C.o (.text.main)
                  000001d0    0000009a     libc.a : memcpy16.S.obj (.text:memcpy)
                  0000026a    00000002     startup_mspm0g350x_ticlang.o (.text.Default_Handler)
                  0000026c    0000007c     I2C.o (.text.I2C0_IRQHandler)
                  000002e8    0000007c     libc.a : copy_decompress_lzss.c.obj (.text:decompress:lzss)
                  00000364    00000068     ti_msp_dl_config.o (.text.SYSCFG_DL_I2C_0_init)
                  000003cc    0000005e     driverlib.a : dl_i2c.o (.text.DL_I2C_fillControllerTXFIFO)
                  0000042a    00000002     --HOLE-- [fill = 0]
                  0000042c    0000003c     libc.a : autoinit.c.obj (.text:__TI_auto_init_nobinit_nopinit)
                  00000468    00000038     ti_msp_dl_config.o (.text.SYSCFG_DL_GPIO_init)
                  000004a0    00000034     ti_msp_dl_config.o (.text.SYSCFG_DL_initPower)
                  000004d4    00000030     ti_msp_dl_config.o (.text.SYSCFG_DL_SYSCTL_init)
                  00000504    00000028     libc.a : boot_cortex_m.c.obj (.text:_c_int00_noargs)
                  0000052c    00000026     driverlib.a : dl_i2c.o (.text.DL_I2C_setClockConfig)
                  00000552    00000002     --HOLE-- [fill = 0]
                  00000554    00000020     ti_msp_dl_config.o (.text.SYSCFG_DL_CRC_init)
                  00000574    00000018     ti_msp_dl_config.o (.text.SYSCFG_DL_init)
                  0000058c    00000016     libc.a : copy_zero_init.c.obj (.text:decompress:ZI:__TI_zero_init_nomemset)
                  000005a2    00000012            : copy_decompress_none.c.obj (.text:decompress:none)
                  000005b4    0000000a     driverlib.a : dl_common.o (.text.DL_Common_delayCycles)
                  000005be    00000002     --HOLE-- [fill = 0]
                  000005c0    00000008     libclang_rt.builtins.a : aeabi_memcpy.S.obj (.text.__aeabi_memcpy)
                  000005c8    00000006     libc.a : exit.c.obj (.text:abort)
                  000005ce    00000004     libsysbm.a : hostexit.c.obj (.text.HOSTexit)
                  000005d2    00000004     startup_mspm0g350x_ticlang.o (.text.Reset_Handler)
                  000005d6    00000004     libc.a : pre_init.c.obj (.text._system_pre_init)
                  000005da    00000006     --HOLE-- [fill = 0]

.cinit     0    000005e8    00000040     
                  000005e8    00000016     (.cinit..data.load) [load image, compression = lzss]
                  000005fe    00000002     --HOLE-- [fill = 0]
                  00000600    0000000c     (__TI_handler_table)
                  0000060c    00000008     (.cinit..bss.load) [load image, compression = zero_init]
                  00000614    00000010     (__TI_cinit_table)
                  00000624    00000004     --HOLE-- [fill = 0]

.rodata    0    000005e0    00000008     
                  000005e0    00000002     ti_msp_dl_config.o (.rodata.gI2C_0ClockConfig)
                  000005e2    00000006     --HOLE-- [fill = 0]

.init_array 
*          0    00000000    00000000     UNINITIALIZED

.binit     0    00000000    00000000     

.data      0    20200000    00000010     UNINITIALIZED
                  20200000    00000010     I2C.o (.data.gTxPacket)

.bss       0    20200010    00000009     UNINITIALIZED
                  20200010    00000004     (.common:gTxCount)
                  20200014    00000004     (.common:gTxLen)
                  20200018    00000001     (.common:gI2cControllerStatus)

.stack     0    20207e00    00000200     UNINITIALIZED
                  20207e00    00000004     libc.a : boot_cortex_m.c.obj (.stack)
                  20207e04    000001fc     --HOLE--

__llvm_prf_cnts 
*          0    20200000    00000000     UNINITIALIZED

__llvm_prf_bits 
*          0    20200000    00000000     UNINITIALIZED

MODULE SUMMARY

       Module                         code   ro data   rw data
       ------                         ----   -------   -------
    .\
       I2C.o                          396    0         25     
       ti_msp_dl_config.o             316    2         0      
       startup_mspm0g350x_ticlang.o   6      192       0      
    +--+------------------------------+------+---------+---------+
       Total:                         718    194       25     
                                                              
    C:/ti/mspm0_sdk_2_04_00_06/source/ti/driverlib/lib/ticlang/m0p/mspm0g1x0x_g3x0x/driverlib.a
       dl_i2c.o                       132    0         0      
       dl_common.o                    10     0         0      
    +--+------------------------------+------+---------+---------+
       Total:                         142    0         0      
                                                              
    C:\ti\ccs2010\ccs\tools\compiler\ti-cgt-armllvm_4.0.2.LTS\lib\armv6m-ti-none-eabi/c/libc.a
       memcpy16.S.obj                 154    0         0      
       copy_decompress_lzss.c.obj     124    0         0      
       autoinit.c.obj                 60     0         0      
       boot_cortex_m.c.obj            40     0         0      
       copy_zero_init.c.obj           22     0         0      
       copy_decompress_none.c.obj     18     0         0      
       exit.c.obj                     6      0         0      
       pre_init.c.obj                 4      0         0      
    +--+------------------------------+------+---------+---------+
       Total:                         428    0         0      
                                                              
    C:\ti\ccs2010\ccs\tools\compiler\ti-cgt-armllvm_4.0.2.LTS\lib\armv6m-ti-none-eabi/c/libsysbm.a
       hostexit.c.obj                 4      0         0      
    +--+------------------------------+------+---------+---------+
       Total:                         4      0         0      
                                                              
    C:\ti\ccs2010\ccs\tools\compiler\ti-cgt-armllvm_4.0.2.LTS\lib\armv6m-ti-none-eabi/libclang_rt.builtins.a
       aeabi_memcpy.S.obj             8      0         0      
    +--+------------------------------+------+---------+---------+
       Total:                         8      0         0      
                                                              
       Stack:                         0      0         512    
       Linker Generated:              0      58        0      
    +--+------------------------------+------+---------+---------+
       Grand Total:                   1300   252       537    


LINKER GENERATED COPY TABLES

__TI_cinit_table @ 00000614 records: 2, size/record: 8, table size: 16
	.data: load addr=000005e8, load size=00000016 bytes, run addr=20200000, run size=00000010 bytes, compression=lzss
	.bss: load addr=0000060c, load size=00000008 bytes, run addr=20200010, run size=00000009 bytes, compression=zero_init


LINKER GENERATED HANDLER TABLE

__TI_handler_table @ 00000600 records: 3, size/record: 4, table size: 12
	index: 0, handler: __TI_decompress_lzss
	index: 1, handler: __TI_decompress_none
	index: 2, handler: __TI_zero_init


GLOBAL SYMBOLS: SORTED ALPHABETICALLY BY Name 

address   name                          
-------   ----                          
0000026b  ADC0_IRQHandler               
0000026b  ADC1_IRQHandler               
0000026b  AES_IRQHandler                
000005ce  C$$EXIT                       
0000026b  CANFD0_IRQHandler             
0000026b  DAC0_IRQHandler               
000005b5  DL_Common_delayCycles         
000003cd  DL_I2C_fillControllerTXFIFO   
0000052d  DL_I2C_setClockConfig         
0000026b  DMA_IRQHandler                
0000026b  Default_Handler               
0000026b  GROUP0_IRQHandler             
0000026b  GROUP1_IRQHandler             
000005cf  HOSTexit                      
0000026b  HardFault_Handler             
0000026d  I2C0_IRQHandler               
0000026b  I2C1_IRQHandler               
0000026b  NMI_Handler                   
0000026b  PendSV_Handler                
0000026b  RTC_IRQHandler                
000005d3  Reset_Handler                 
0000026b  SPI0_IRQHandler               
0000026b  SPI1_IRQHandler               
0000026b  SVC_Handler                   
00000555  SYSCFG_DL_CRC_init            
00000469  SYSCFG_DL_GPIO_init           
00000365  SYSCFG_DL_I2C_0_init          
000004d5  SYSCFG_DL_SYSCTL_init         
00000575  SYSCFG_DL_init                
000004a1  SYSCFG_DL_initPower           
0000026b  SysTick_Handler               
0000026b  TIMA0_IRQHandler              
0000026b  TIMA1_IRQHandler              
0000026b  TIMG0_IRQHandler              
0000026b  TIMG12_IRQHandler             
0000026b  TIMG6_IRQHandler              
0000026b  TIMG7_IRQHandler              
0000026b  TIMG8_IRQHandler              
0000026b  UART0_IRQHandler              
0000026b  UART1_IRQHandler              
0000026b  UART2_IRQHandler              
0000026b  UART3_IRQHandler              
20208000  __STACK_END                   
00000200  __STACK_SIZE                  
00000000  __TI_ATRegion0_region_sz      
00000000  __TI_ATRegion0_src_addr       
00000000  __TI_ATRegion0_trg_addr       
00000000  __TI_ATRegion1_region_sz      
00000000  __TI_ATRegion1_src_addr       
00000000  __TI_ATRegion1_trg_addr       
00000000  __TI_ATRegion2_region_sz      
00000000  __TI_ATRegion2_src_addr       
00000000  __TI_ATRegion2_trg_addr       
00000614  __TI_CINIT_Base               
00000624  __TI_CINIT_Limit              
00000624  __TI_CINIT_Warm               
00000600  __TI_Handler_Table_Base       
0000060c  __TI_Handler_Table_Limit      
0000042d  __TI_auto_init_nobinit_nopinit
000002e9  __TI_decompress_lzss          
000005a3  __TI_decompress_none          
ffffffff  __TI_pprof_out_hndl           
ffffffff  __TI_prof_data_size           
ffffffff  __TI_prof_data_start          
00000000  __TI_static_base__            
0000058d  __TI_zero_init_nomemset       
000005c1  __aeabi_memcpy                
000005c1  __aeabi_memcpy4               
000005c1  __aeabi_memcpy8               
ffffffff  __binit__                     
UNDEFED   __mpu_init                    
20207e00  __stack                       
20200000  __start___llvm_prf_bits       
20200000  __start___llvm_prf_cnts       
20200000  __stop___llvm_prf_bits        
20200000  __stop___llvm_prf_cnts        
00000505  _c_int00_noargs               
UNDEFED   _system_post_cinit            
000005d7  _system_pre_init              
000005c9  abort                         
ffffffff  binit                         
20200018  gI2cControllerStatus          
20200010  gTxCount                      
20200014  gTxLen                        
20200000  gTxPacket                     
00000000  interruptVectors              
000000c1  main                          
000001d1  memcpy                        


GLOBAL SYMBOLS: SORTED BY Symbol Address 

address   name                          
-------   ----                          
00000000  __TI_ATRegion0_region_sz      
00000000  __TI_ATRegion0_src_addr       
00000000  __TI_ATRegion0_trg_addr       
00000000  __TI_ATRegion1_region_sz      
00000000  __TI_ATRegion1_src_addr       
00000000  __TI_ATRegion1_trg_addr       
00000000  __TI_ATRegion2_region_sz      
00000000  __TI_ATRegion2_src_addr       
00000000  __TI_ATRegion2_trg_addr       
00000000  __TI_static_base__            
00000000  interruptVectors              
000000c1  main                          
000001d1  memcpy                        
00000200  __STACK_SIZE                  
0000026b  ADC0_IRQHandler               
0000026b  ADC1_IRQHandler               
0000026b  AES_IRQHandler                
0000026b  CANFD0_IRQHandler             
0000026b  DAC0_IRQHandler               
0000026b  DMA_IRQHandler                
0000026b  Default_Handler               
0000026b  GROUP0_IRQHandler             
0000026b  GROUP1_IRQHandler             
0000026b  HardFault_Handler             
0000026b  I2C1_IRQHandler               
0000026b  NMI_Handler                   
0000026b  PendSV_Handler                
0000026b  RTC_IRQHandler                
0000026b  SPI0_IRQHandler               
0000026b  SPI1_IRQHandler               
0000026b  SVC_Handler                   
0000026b  SysTick_Handler               
0000026b  TIMA0_IRQHandler              
0000026b  TIMA1_IRQHandler              
0000026b  TIMG0_IRQHandler              
0000026b  TIMG12_IRQHandler             
0000026b  TIMG6_IRQHandler              
0000026b  TIMG7_IRQHandler              
0000026b  TIMG8_IRQHandler              
0000026b  UART0_IRQHandler              
0000026b  UART1_IRQHandler              
0000026b  UART2_IRQHandler              
0000026b  UART3_IRQHandler              
0000026d  I2C0_IRQHandler               
000002e9  __TI_decompress_lzss          
00000365  SYSCFG_DL_I2C_0_init          
000003cd  DL_I2C_fillControllerTXFIFO   
0000042d  __TI_auto_init_nobinit_nopinit
00000469  SYSCFG_DL_GPIO_init           
000004a1  SYSCFG_DL_initPower           
000004d5  SYSCFG_DL_SYSCTL_init         
00000505  _c_int00_noargs               
0000052d  DL_I2C_setClockConfig         
00000555  SYSCFG_DL_CRC_init            
00000575  SYSCFG_DL_init                
0000058d  __TI_zero_init_nomemset       
000005a3  __TI_decompress_none          
000005b5  DL_Common_delayCycles         
000005c1  __aeabi_memcpy                
000005c1  __aeabi_memcpy4               
000005c1  __aeabi_memcpy8               
000005c9  abort                         
000005ce  C$$EXIT                       
000005cf  HOSTexit                      
000005d3  Reset_Handler                 
000005d7  _system_pre_init              
00000600  __TI_Handler_Table_Base       
0000060c  __TI_Handler_Table_Limit      
00000614  __TI_CINIT_Base               
00000624  __TI_CINIT_Limit              
00000624  __TI_CINIT_Warm               
20200000  __start___llvm_prf_bits       
20200000  __start___llvm_prf_cnts       
20200000  __stop___llvm_prf_bits        
20200000  __stop___llvm_prf_cnts        
20200000  gTxPacket                     
20200010  gTxCount                      
20200014  gTxLen                        
20200018  gI2cControllerStatus          
20207e00  __stack                       
20208000  __STACK_END                   
ffffffff  __TI_pprof_out_hndl           
ffffffff  __TI_prof_data_size           
ffffffff  __TI_prof_data_start          
ffffffff  __binit__                     
ffffffff  binit                         
UNDEFED   __mpu_init                    
UNDEFED   _system_post_cinit            

[88 symbols]
