******************************************************************************
            TI ARM Clang Linker PC v4.0.2                      
******************************************************************************
>> Linked Sat Mar 15 20:48:26 2025

OUTPUT FILE NAME:   <I2C.out>
ENTRY POINT SYMBOL: "_c_int00_noargs"  address: 000005e9


MEMORY CONFIGURATION

         name            origin    length      used     unused   attr    fill
----------------------  --------  ---------  --------  --------  ----  --------
  FLASH                 00000000   00020000  00000708  0001f8f8  R  X
  SRAM                  20200000   00008000  00000231  00007dcf  RW X
  BCR_CONFIG            41c00000   000000ff  00000000  000000ff  R   
  BSL_CONFIG            41c00100   00000080  00000000  00000080  R   


SEGMENT ALLOCATION MAP

run origin  load origin   length   init length attrs members
----------  ----------- ---------- ----------- ----- -------
00000000    00000000    00000708   00000708    r-x
  00000000    00000000    000000c0   000000c0    r-- .intvecs
  000000c0    000000c0    00000600   00000600    r-x .text
  000006c0    000006c0    00000008   00000008    r-- .rodata
  000006c8    000006c8    00000040   00000040    r-- .cinit
20200000    20200000    00000031   00000000    rw-
  20200000    20200000    00000021   00000000    rw- .bss
  20200021    20200021    00000010   00000000    rw- .data
20207e00    20207e00    00000200   00000000    rw-
  20207e00    20207e00    00000200   00000000    rw- .stack


SECTION ALLOCATION MAP

 output                                  attributes/
section   page    origin      length       input sections
--------  ----  ----------  ----------   ----------------
.intvecs   0    00000000    000000c0     
                  00000000    000000c0     startup_mspm0g350x_ticlang.o (.intvecs)

.text      0    000000c0    00000600     
                  000000c0    0000019c     I2C.o (.text.main)
                  0000025c    000000d4     I2C.o (.text.I2C0_IRQHandler)
                  00000330    0000009a     libc.a : memcpy16.S.obj (.text:memcpy)
                  000003ca    00000002     startup_mspm0g350x_ticlang.o (.text.Default_Handler)
                  000003cc    0000007c     libc.a : copy_decompress_lzss.c.obj (.text:decompress:lzss)
                  00000448    00000068     ti_msp_dl_config.o (.text.SYSCFG_DL_I2C_0_init)
                  000004b0    0000005e     driverlib.a : dl_i2c.o (.text.DL_I2C_fillControllerTXFIFO)
                  0000050e    00000002     --HOLE-- [fill = 0]
                  00000510    0000003c     libc.a : autoinit.c.obj (.text:__TI_auto_init_nobinit_nopinit)
                  0000054c    00000038     ti_msp_dl_config.o (.text.SYSCFG_DL_GPIO_init)
                  00000584    00000034     ti_msp_dl_config.o (.text.SYSCFG_DL_initPower)
                  000005b8    00000030     ti_msp_dl_config.o (.text.SYSCFG_DL_SYSCTL_init)
                  000005e8    00000028     libc.a : boot_cortex_m.c.obj (.text:_c_int00_noargs)
                  00000610    00000026     driverlib.a : dl_i2c.o (.text.DL_I2C_setClockConfig)
                  00000636    00000002     --HOLE-- [fill = 0]
                  00000638    00000020     ti_msp_dl_config.o (.text.SYSCFG_DL_CRC_init)
                  00000658    00000018     ti_msp_dl_config.o (.text.SYSCFG_DL_init)
                  00000670    00000016     libc.a : copy_zero_init.c.obj (.text:decompress:ZI:__TI_zero_init_nomemset)
                  00000686    00000012            : copy_decompress_none.c.obj (.text:decompress:none)
                  00000698    0000000a     driverlib.a : dl_common.o (.text.DL_Common_delayCycles)
                  000006a2    00000002     --HOLE-- [fill = 0]
                  000006a4    00000008     libclang_rt.builtins.a : aeabi_memcpy.S.obj (.text.__aeabi_memcpy)
                  000006ac    00000006     libc.a : exit.c.obj (.text:abort)
                  000006b2    00000004     libsysbm.a : hostexit.c.obj (.text.HOSTexit)
                  000006b6    00000004     startup_mspm0g350x_ticlang.o (.text.Reset_Handler)
                  000006ba    00000004     libc.a : pre_init.c.obj (.text._system_pre_init)
                  000006be    00000002     --HOLE-- [fill = 0]

.cinit     0    000006c8    00000040     
                  000006c8    00000016     (.cinit..data.load) [load image, compression = lzss]
                  000006de    00000002     --HOLE-- [fill = 0]
                  000006e0    0000000c     (__TI_handler_table)
                  000006ec    00000008     (.cinit..bss.load) [load image, compression = zero_init]
                  000006f4    00000010     (__TI_cinit_table)
                  00000704    00000004     --HOLE-- [fill = 0]

.rodata    0    000006c0    00000008     
                  000006c0    00000002     ti_msp_dl_config.o (.rodata.gI2C_0ClockConfig)
                  000006c2    00000006     --HOLE-- [fill = 0]

.init_array 
*          0    00000000    00000000     UNINITIALIZED

.binit     0    00000000    00000000     

.bss       0    20200000    00000021     UNINITIALIZED
                  20200000    00000010     (.common:gRxPacket)
                  20200010    00000004     (.common:gRxCount)
                  20200014    00000004     (.common:gRxLen)
                  20200018    00000004     (.common:gTxCount)
                  2020001c    00000004     (.common:gTxLen)
                  20200020    00000001     (.common:gI2cControllerStatus)

.data      0    20200021    00000010     UNINITIALIZED
                  20200021    00000010     I2C.o (.data.gTxPacket)

.stack     0    20207e00    00000200     UNINITIALIZED
                  20207e00    00000004     libc.a : boot_cortex_m.c.obj (.stack)
                  20207e04    000001fc     --HOLE--

__llvm_prf_cnts 
*          0    20200000    00000000     UNINITIALIZED

__llvm_prf_bits 
*          0    20200000    00000000     UNINITIALIZED

MODULE SUMMARY

       Module                         code   ro data   rw data
       ------                         ----   -------   -------
    .\
       I2C.o                          624    0         49     
       ti_msp_dl_config.o             316    2         0      
       startup_mspm0g350x_ticlang.o   6      192       0      
    +--+------------------------------+------+---------+---------+
       Total:                         946    194       49     
                                                              
    C:/ti/mspm0_sdk_2_04_00_06/source/ti/driverlib/lib/ticlang/m0p/mspm0g1x0x_g3x0x/driverlib.a
       dl_i2c.o                       132    0         0      
       dl_common.o                    10     0         0      
    +--+------------------------------+------+---------+---------+
       Total:                         142    0         0      
                                                              
    C:\ti\ccs2010\ccs\tools\compiler\ti-cgt-armllvm_4.0.2.LTS\lib\armv6m-ti-none-eabi/c/libc.a
       memcpy16.S.obj                 154    0         0      
       copy_decompress_lzss.c.obj     124    0         0      
       autoinit.c.obj                 60     0         0      
       boot_cortex_m.c.obj            40     0         0      
       copy_zero_init.c.obj           22     0         0      
       copy_decompress_none.c.obj     18     0         0      
       exit.c.obj                     6      0         0      
       pre_init.c.obj                 4      0         0      
    +--+------------------------------+------+---------+---------+
       Total:                         428    0         0      
                                                              
    C:\ti\ccs2010\ccs\tools\compiler\ti-cgt-armllvm_4.0.2.LTS\lib\armv6m-ti-none-eabi/c/libsysbm.a
       hostexit.c.obj                 4      0         0      
    +--+------------------------------+------+---------+---------+
       Total:                         4      0         0      
                                                              
    C:\ti\ccs2010\ccs\tools\compiler\ti-cgt-armllvm_4.0.2.LTS\lib\armv6m-ti-none-eabi/libclang_rt.builtins.a
       aeabi_memcpy.S.obj             8      0         0      
    +--+------------------------------+------+---------+---------+
       Total:                         8      0         0      
                                                              
       Stack:                         0      0         512    
       Linker Generated:              0      58        0      
    +--+------------------------------+------+---------+---------+
       Grand Total:                   1528   252       561    


LINKER GENERATED COPY TABLES

__TI_cinit_table @ 000006f4 records: 2, size/record: 8, table size: 16
	.data: load addr=000006c8, load size=00000016 bytes, run addr=20200021, run size=00000010 bytes, compression=lzss
	.bss: load addr=000006ec, load size=00000008 bytes, run addr=20200000, run size=00000021 bytes, compression=zero_init


LINKER GENERATED HANDLER TABLE

__TI_handler_table @ 000006e0 records: 3, size/record: 4, table size: 12
	index: 0, handler: __TI_decompress_lzss
	index: 1, handler: __TI_decompress_none
	index: 2, handler: __TI_zero_init


GLOBAL SYMBOLS: SORTED ALPHABETICALLY BY Name 

address   name                          
-------   ----                          
000003cb  ADC0_IRQHandler               
000003cb  ADC1_IRQHandler               
000003cb  AES_IRQHandler                
000006b2  C$$EXIT                       
000003cb  CANFD0_IRQHandler             
000003cb  DAC0_IRQHandler               
00000699  DL_Common_delayCycles         
000004b1  DL_I2C_fillControllerTXFIFO   
00000611  DL_I2C_setClockConfig         
000003cb  DMA_IRQHandler                
000003cb  Default_Handler               
000003cb  GROUP0_IRQHandler             
000003cb  GROUP1_IRQHandler             
000006b3  HOSTexit                      
000003cb  HardFault_Handler             
0000025d  I2C0_IRQHandler               
000003cb  I2C1_IRQHandler               
000003cb  NMI_Handler                   
000003cb  PendSV_Handler                
000003cb  RTC_IRQHandler                
000006b7  Reset_Handler                 
000003cb  SPI0_IRQHandler               
000003cb  SPI1_IRQHandler               
000003cb  SVC_Handler                   
00000639  SYSCFG_DL_CRC_init            
0000054d  SYSCFG_DL_GPIO_init           
00000449  SYSCFG_DL_I2C_0_init          
000005b9  SYSCFG_DL_SYSCTL_init         
00000659  SYSCFG_DL_init                
00000585  SYSCFG_DL_initPower           
000003cb  SysTick_Handler               
000003cb  TIMA0_IRQHandler              
000003cb  TIMA1_IRQHandler              
000003cb  TIMG0_IRQHandler              
000003cb  TIMG12_IRQHandler             
000003cb  TIMG6_IRQHandler              
000003cb  TIMG7_IRQHandler              
000003cb  TIMG8_IRQHandler              
000003cb  UART0_IRQHandler              
000003cb  UART1_IRQHandler              
000003cb  UART2_IRQHandler              
000003cb  UART3_IRQHandler              
20208000  __STACK_END                   
00000200  __STACK_SIZE                  
00000000  __TI_ATRegion0_region_sz      
00000000  __TI_ATRegion0_src_addr       
00000000  __TI_ATRegion0_trg_addr       
00000000  __TI_ATRegion1_region_sz      
00000000  __TI_ATRegion1_src_addr       
00000000  __TI_ATRegion1_trg_addr       
00000000  __TI_ATRegion2_region_sz      
00000000  __TI_ATRegion2_src_addr       
00000000  __TI_ATRegion2_trg_addr       
000006f4  __TI_CINIT_Base               
00000704  __TI_CINIT_Limit              
00000704  __TI_CINIT_Warm               
000006e0  __TI_Handler_Table_Base       
000006ec  __TI_Handler_Table_Limit      
00000511  __TI_auto_init_nobinit_nopinit
000003cd  __TI_decompress_lzss          
00000687  __TI_decompress_none          
ffffffff  __TI_pprof_out_hndl           
ffffffff  __TI_prof_data_size           
ffffffff  __TI_prof_data_start          
00000000  __TI_static_base__            
00000671  __TI_zero_init_nomemset       
000006a5  __aeabi_memcpy                
000006a5  __aeabi_memcpy4               
000006a5  __aeabi_memcpy8               
ffffffff  __binit__                     
UNDEFED   __mpu_init                    
20207e00  __stack                       
20200000  __start___llvm_prf_bits       
20200000  __start___llvm_prf_cnts       
20200000  __stop___llvm_prf_bits        
20200000  __stop___llvm_prf_cnts        
000005e9  _c_int00_noargs               
UNDEFED   _system_post_cinit            
000006bb  _system_pre_init              
000006ad  abort                         
ffffffff  binit                         
20200020  gI2cControllerStatus          
20200010  gRxCount                      
20200014  gRxLen                        
20200000  gRxPacket                     
20200018  gTxCount                      
2020001c  gTxLen                        
20200021  gTxPacket                     
00000000  interruptVectors              
000000c1  main                          
00000331  memcpy                        


GLOBAL SYMBOLS: SORTED BY Symbol Address 

address   name                          
-------   ----                          
00000000  __TI_ATRegion0_region_sz      
00000000  __TI_ATRegion0_src_addr       
00000000  __TI_ATRegion0_trg_addr       
00000000  __TI_ATRegion1_region_sz      
00000000  __TI_ATRegion1_src_addr       
00000000  __TI_ATRegion1_trg_addr       
00000000  __TI_ATRegion2_region_sz      
00000000  __TI_ATRegion2_src_addr       
00000000  __TI_ATRegion2_trg_addr       
00000000  __TI_static_base__            
00000000  interruptVectors              
000000c1  main                          
00000200  __STACK_SIZE                  
0000025d  I2C0_IRQHandler               
00000331  memcpy                        
000003cb  ADC0_IRQHandler               
000003cb  ADC1_IRQHandler               
000003cb  AES_IRQHandler                
000003cb  CANFD0_IRQHandler             
000003cb  DAC0_IRQHandler               
000003cb  DMA_IRQHandler                
000003cb  Default_Handler               
000003cb  GROUP0_IRQHandler             
000003cb  GROUP1_IRQHandler             
000003cb  HardFault_Handler             
000003cb  I2C1_IRQHandler               
000003cb  NMI_Handler                   
000003cb  PendSV_Handler                
000003cb  RTC_IRQHandler                
000003cb  SPI0_IRQHandler               
000003cb  SPI1_IRQHandler               
000003cb  SVC_Handler                   
000003cb  SysTick_Handler               
000003cb  TIMA0_IRQHandler              
000003cb  TIMA1_IRQHandler              
000003cb  TIMG0_IRQHandler              
000003cb  TIMG12_IRQHandler             
000003cb  TIMG6_IRQHandler              
000003cb  TIMG7_IRQHandler              
000003cb  TIMG8_IRQHandler              
000003cb  UART0_IRQHandler              
000003cb  UART1_IRQHandler              
000003cb  UART2_IRQHandler              
000003cb  UART3_IRQHandler              
000003cd  __TI_decompress_lzss          
00000449  SYSCFG_DL_I2C_0_init          
000004b1  DL_I2C_fillControllerTXFIFO   
00000511  __TI_auto_init_nobinit_nopinit
0000054d  SYSCFG_DL_GPIO_init           
00000585  SYSCFG_DL_initPower           
000005b9  SYSCFG_DL_SYSCTL_init         
000005e9  _c_int00_noargs               
00000611  DL_I2C_setClockConfig         
00000639  SYSCFG_DL_CRC_init            
00000659  SYSCFG_DL_init                
00000671  __TI_zero_init_nomemset       
00000687  __TI_decompress_none          
00000699  DL_Common_delayCycles         
000006a5  __aeabi_memcpy                
000006a5  __aeabi_memcpy4               
000006a5  __aeabi_memcpy8               
000006ad  abort                         
000006b2  C$$EXIT                       
000006b3  HOSTexit                      
000006b7  Reset_Handler                 
000006bb  _system_pre_init              
000006e0  __TI_Handler_Table_Base       
000006ec  __TI_Handler_Table_Limit      
000006f4  __TI_CINIT_Base               
00000704  __TI_CINIT_Limit              
00000704  __TI_CINIT_Warm               
20200000  __start___llvm_prf_bits       
20200000  __start___llvm_prf_cnts       
20200000  __stop___llvm_prf_bits        
20200000  __stop___llvm_prf_cnts        
20200000  gRxPacket                     
20200010  gRxCount                      
20200014  gRxLen                        
20200018  gTxCount                      
2020001c  gTxLen                        
20200020  gI2cControllerStatus          
20200021  gTxPacket                     
20207e00  __stack                       
20208000  __STACK_END                   
ffffffff  __TI_pprof_out_hndl           
ffffffff  __TI_prof_data_size           
ffffffff  __TI_prof_data_start          
ffffffff  __binit__                     
ffffffff  binit                         
UNDEFED   __mpu_init                    
UNDEFED   _system_post_cinit            

[91 symbols]
