******************************************************************************
            TI ARM Clang Linker PC v4.0.2                      
******************************************************************************
>> Linked Mon Mar 10 11:05:47 2025

OUTPUT FILE NAME:   <SPI.out>
ENTRY POINT SYMBOL: "_c_int00_noargs"  address: 00000249


MEMORY CONFIGURATION

         name            origin    length      used     unused   attr    fill
----------------------  --------  ---------  --------  --------  ----  --------
  FLASH                 00000000   00020000  00000358  0001fca8  R  X
  SRAM                  20200000   00008000  00000228  00007dd8  RW X
  BCR_CONFIG            41c00000   000000ff  00000000  000000ff  R   
  BSL_CONFIG            41c00100   00000080  00000000  00000080  R   


SEGMENT ALLOCATION MAP

run origin  load origin   length   init length attrs members
----------  ----------- ---------- ----------- ----- -------
00000000    00000000    00000358   00000358    r-x
  00000000    00000000    000000c0   000000c0    r-- .intvecs
  000000c0    000000c0    00000270   00000270    r-x .text
  00000330    00000330    00000010   00000010    r-- .rodata
  00000340    00000340    00000018   00000018    r-- .cinit
20200000    20200000    00000028   00000000    rw-
  20200000    20200000    00000028   00000000    rw- .bss
20207e00    20207e00    00000200   00000000    rw-
  20207e00    20207e00    00000200   00000000    rw- .stack


SECTION ALLOCATION MAP

 output                                  attributes/
section   page    origin      length       input sections
--------  ----  ----------  ----------   ----------------
.intvecs   0    00000000    000000c0     
                  00000000    000000c0     startup_mspm0g350x_ticlang.o (.intvecs)

.text      0    000000c0    00000270     
                  000000c0    00000054     SPI.o (.text.main)
                  00000114    00000048     ti_msp_dl_config.o (.text.SYSCFG_DL_SPI_init)
                  0000015c    00000044     driverlib.a : dl_spi.o (.text.DL_SPI_init)
                  000001a0    00000040     ti_msp_dl_config.o (.text.SYSCFG_DL_SYSCTL_init)
                  000001e0    0000003c     libc.a : autoinit.c.obj (.text:__TI_auto_init_nobinit_nopinit)
                  0000021c    0000002c     ti_msp_dl_config.o (.text.SYSCFG_DL_initPower)
                  00000248    00000028     libc.a : boot_cortex_m.c.obj (.text:_c_int00_noargs)
                  00000270    00000020     driverlib.a : dl_spi.o (.text.DL_SPI_receiveDataBlocking16)
                  00000290    00000020                 : dl_spi.o (.text.DL_SPI_transmitDataBlocking16)
                  000002b0    00000020     ti_msp_dl_config.o (.text.SYSCFG_DL_init)
                  000002d0    00000018     ti_msp_dl_config.o (.text.SYSCFG_DL_GPIO_init)
                  000002e8    00000016     libc.a : copy_zero_init.c.obj (.text:decompress:ZI:__TI_zero_init_nomemset)
                  000002fe    00000012     driverlib.a : dl_spi.o (.text.DL_SPI_setClockConfig)
                  00000310    0000000a                 : dl_common.o (.text.DL_Common_delayCycles)
                  0000031a    00000006     libc.a : exit.c.obj (.text:abort)
                  00000320    00000004     libsysbm.a : hostexit.c.obj (.text.HOSTexit)
                  00000324    00000004     startup_mspm0g350x_ticlang.o (.text.Reset_Handler)
                  00000328    00000004     libc.a : pre_init.c.obj (.text._system_pre_init)
                  0000032c    00000002     startup_mspm0g350x_ticlang.o (.text.Default_Handler)
                  0000032e    00000002     --HOLE-- [fill = 0]

.cinit     0    00000340    00000018     
                  00000340    00000008     (.cinit..bss.load) [load image, compression = zero_init]
                  00000348    00000004     (__TI_handler_table)
                  0000034c    00000008     (__TI_cinit_table)
                  00000354    00000004     --HOLE-- [fill = 0]

.rodata    0    00000330    00000010     
                  00000330    0000000a     ti_msp_dl_config.o (.rodata.gSPI_config)
                  0000033a    00000002     ti_msp_dl_config.o (.rodata.gSPI_clockConfig)
                  0000033c    00000004     --HOLE-- [fill = 0]

.init_array 
*          0    00000000    00000000     UNINITIALIZED

.binit     0    00000000    00000000     

.bss       0    20200000    00000028     UNINITIALIZED
                  20200000    00000028     (.common:gSPIBackup)

.stack     0    20207e00    00000200     UNINITIALIZED
                  20207e00    00000004     libc.a : boot_cortex_m.c.obj (.stack)
                  20207e04    000001fc     --HOLE--

__llvm_prf_cnts 
*          0    20200000    00000000     UNINITIALIZED

__llvm_prf_bits 
*          0    20200000    00000000     UNINITIALIZED

MODULE SUMMARY

       Module                         code   ro data   rw data
       ------                         ----   -------   -------
    .\
       ti_msp_dl_config.o             236    12        40     
       startup_mspm0g350x_ticlang.o   6      192       0      
       SPI.o                          84     0         0      
    +--+------------------------------+------+---------+---------+
       Total:                         326    204       40     
                                                              
    C:/ti/mspm0_sdk_2_04_00_06/source/ti/driverlib/lib/ticlang/m0p/mspm0g1x0x_g3x0x/driverlib.a
       dl_spi.o                       150    0         0      
       dl_common.o                    10     0         0      
    +--+------------------------------+------+---------+---------+
       Total:                         160    0         0      
                                                              
    C:\ti\ccs2010\ccs\tools\compiler\ti-cgt-armllvm_4.0.2.LTS\lib\armv6m-ti-none-eabi/c/libc.a
       autoinit.c.obj                 60     0         0      
       boot_cortex_m.c.obj            40     0         0      
       copy_zero_init.c.obj           22     0         0      
       exit.c.obj                     6      0         0      
       pre_init.c.obj                 4      0         0      
    +--+------------------------------+------+---------+---------+
       Total:                         132    0         0      
                                                              
    C:\ti\ccs2010\ccs\tools\compiler\ti-cgt-armllvm_4.0.2.LTS\lib\armv6m-ti-none-eabi/c/libsysbm.a
       hostexit.c.obj                 4      0         0      
    +--+------------------------------+------+---------+---------+
       Total:                         4      0         0      
                                                              
       Stack:                         0      0         512    
       Linker Generated:              0      20        0      
    +--+------------------------------+------+---------+---------+
       Grand Total:                   622    224       552    


LINKER GENERATED COPY TABLES

__TI_cinit_table @ 0000034c records: 1, size/record: 8, table size: 8
	.bss: load addr=00000340, load size=00000008 bytes, run addr=20200000, run size=00000028 bytes, compression=zero_init


LINKER GENERATED HANDLER TABLE

__TI_handler_table @ 00000348 records: 1, size/record: 4, table size: 4
	index: 0, handler: __TI_zero_init


GLOBAL SYMBOLS: SORTED ALPHABETICALLY BY Name 

address   name                          
-------   ----                          
0000032d  ADC0_IRQHandler               
0000032d  ADC1_IRQHandler               
0000032d  AES_IRQHandler                
00000320  C$$EXIT                       
0000032d  CANFD0_IRQHandler             
0000032d  DAC0_IRQHandler               
00000311  DL_Common_delayCycles         
0000015d  DL_SPI_init                   
00000271  DL_SPI_receiveDataBlocking16  
000002ff  DL_SPI_setClockConfig         
00000291  DL_SPI_transmitDataBlocking16 
0000032d  DMA_IRQHandler                
0000032d  Default_Handler               
0000032d  GROUP0_IRQHandler             
0000032d  GROUP1_IRQHandler             
00000321  HOSTexit                      
0000032d  HardFault_Handler             
0000032d  I2C0_IRQHandler               
0000032d  I2C1_IRQHandler               
0000032d  NMI_Handler                   
0000032d  PendSV_Handler                
0000032d  RTC_IRQHandler                
00000325  Reset_Handler                 
0000032d  SPI0_IRQHandler               
0000032d  SPI1_IRQHandler               
0000032d  SVC_Handler                   
000002d1  SYSCFG_DL_GPIO_init           
00000115  SYSCFG_DL_SPI_init            
000001a1  SYSCFG_DL_SYSCTL_init         
000002b1  SYSCFG_DL_init                
0000021d  SYSCFG_DL_initPower           
0000032d  SysTick_Handler               
0000032d  TIMA0_IRQHandler              
0000032d  TIMA1_IRQHandler              
0000032d  TIMG0_IRQHandler              
0000032d  TIMG12_IRQHandler             
0000032d  TIMG6_IRQHandler              
0000032d  TIMG7_IRQHandler              
0000032d  TIMG8_IRQHandler              
0000032d  UART0_IRQHandler              
0000032d  UART1_IRQHandler              
0000032d  UART2_IRQHandler              
0000032d  UART3_IRQHandler              
20208000  __STACK_END                   
00000200  __STACK_SIZE                  
00000000  __TI_ATRegion0_region_sz      
00000000  __TI_ATRegion0_src_addr       
00000000  __TI_ATRegion0_trg_addr       
00000000  __TI_ATRegion1_region_sz      
00000000  __TI_ATRegion1_src_addr       
00000000  __TI_ATRegion1_trg_addr       
00000000  __TI_ATRegion2_region_sz      
00000000  __TI_ATRegion2_src_addr       
00000000  __TI_ATRegion2_trg_addr       
0000034c  __TI_CINIT_Base               
00000354  __TI_CINIT_Limit              
00000354  __TI_CINIT_Warm               
00000348  __TI_Handler_Table_Base       
0000034c  __TI_Handler_Table_Limit      
000001e1  __TI_auto_init_nobinit_nopinit
ffffffff  __TI_pprof_out_hndl           
ffffffff  __TI_prof_data_size           
ffffffff  __TI_prof_data_start          
00000000  __TI_static_base__            
000002e9  __TI_zero_init_nomemset       
ffffffff  __binit__                     
UNDEFED   __mpu_init                    
20207e00  __stack                       
20200000  __start___llvm_prf_bits       
20200000  __start___llvm_prf_cnts       
20200000  __stop___llvm_prf_bits        
20200000  __stop___llvm_prf_cnts        
00000249  _c_int00_noargs               
UNDEFED   _system_post_cinit            
00000329  _system_pre_init              
0000031b  abort                         
ffffffff  binit                         
20200000  gSPIBackup                    
00000000  interruptVectors              
000000c1  main                          


GLOBAL SYMBOLS: SORTED BY Symbol Address 

address   name                          
-------   ----                          
00000000  __TI_ATRegion0_region_sz      
00000000  __TI_ATRegion0_src_addr       
00000000  __TI_ATRegion0_trg_addr       
00000000  __TI_ATRegion1_region_sz      
00000000  __TI_ATRegion1_src_addr       
00000000  __TI_ATRegion1_trg_addr       
00000000  __TI_ATRegion2_region_sz      
00000000  __TI_ATRegion2_src_addr       
00000000  __TI_ATRegion2_trg_addr       
00000000  __TI_static_base__            
00000000  interruptVectors              
000000c1  main                          
00000115  SYSCFG_DL_SPI_init            
0000015d  DL_SPI_init                   
000001a1  SYSCFG_DL_SYSCTL_init         
000001e1  __TI_auto_init_nobinit_nopinit
00000200  __STACK_SIZE                  
0000021d  SYSCFG_DL_initPower           
00000249  _c_int00_noargs               
00000271  DL_SPI_receiveDataBlocking16  
00000291  DL_SPI_transmitDataBlocking16 
000002b1  SYSCFG_DL_init                
000002d1  SYSCFG_DL_GPIO_init           
000002e9  __TI_zero_init_nomemset       
000002ff  DL_SPI_setClockConfig         
00000311  DL_Common_delayCycles         
0000031b  abort                         
00000320  C$$EXIT                       
00000321  HOSTexit                      
00000325  Reset_Handler                 
00000329  _system_pre_init              
0000032d  ADC0_IRQHandler               
0000032d  ADC1_IRQHandler               
0000032d  AES_IRQHandler                
0000032d  CANFD0_IRQHandler             
0000032d  DAC0_IRQHandler               
0000032d  DMA_IRQHandler                
0000032d  Default_Handler               
0000032d  GROUP0_IRQHandler             
0000032d  GROUP1_IRQHandler             
0000032d  HardFault_Handler             
0000032d  I2C0_IRQHandler               
0000032d  I2C1_IRQHandler               
0000032d  NMI_Handler                   
0000032d  PendSV_Handler                
0000032d  RTC_IRQHandler                
0000032d  SPI0_IRQHandler               
0000032d  SPI1_IRQHandler               
0000032d  SVC_Handler                   
0000032d  SysTick_Handler               
0000032d  TIMA0_IRQHandler              
0000032d  TIMA1_IRQHandler              
0000032d  TIMG0_IRQHandler              
0000032d  TIMG12_IRQHandler             
0000032d  TIMG6_IRQHandler              
0000032d  TIMG7_IRQHandler              
0000032d  TIMG8_IRQHandler              
0000032d  UART0_IRQHandler              
0000032d  UART1_IRQHandler              
0000032d  UART2_IRQHandler              
0000032d  UART3_IRQHandler              
00000348  __TI_Handler_Table_Base       
0000034c  __TI_CINIT_Base               
0000034c  __TI_Handler_Table_Limit      
00000354  __TI_CINIT_Limit              
00000354  __TI_CINIT_Warm               
20200000  __start___llvm_prf_bits       
20200000  __start___llvm_prf_cnts       
20200000  __stop___llvm_prf_bits        
20200000  __stop___llvm_prf_cnts        
20200000  gSPIBackup                    
20207e00  __stack                       
20208000  __STACK_END                   
ffffffff  __TI_pprof_out_hndl           
ffffffff  __TI_prof_data_size           
ffffffff  __TI_prof_data_start          
ffffffff  __binit__                     
ffffffff  binit                         
UNDEFED   __mpu_init                    
UNDEFED   _system_post_cinit            

[80 symbols]
