******************************************************************************
            TI ARM Clang Linker PC v4.0.2                      
******************************************************************************
>> Linked Wed Mar 12 19:44:31 2025

OUTPUT FILE NAME:   <SPI.out>
ENTRY POINT SYMBOL: "_c_int00_noargs"  address: 000002dd


MEMORY CONFIGURATION

         name            origin    length      used     unused   attr    fill
----------------------  --------  ---------  --------  --------  ----  --------
  FLASH                 00000000   00020000  000003d8  0001fc28  R  X
  SRAM                  20200000   00008000  00000228  00007dd8  RW X
  BCR_CONFIG            41c00000   000000ff  00000000  000000ff  R   
  BSL_CONFIG            41c00100   00000080  00000000  00000080  R   


SEGMENT ALLOCATION MAP

run origin  load origin   length   init length attrs members
----------  ----------- ---------- ----------- ----- -------
00000000    00000000    000003d8   000003d8    r-x
  00000000    00000000    000000c0   000000c0    r-- .intvecs
  000000c0    000000c0    000002f0   000002f0    r-x .text
  000003b0    000003b0    00000010   00000010    r-- .rodata
  000003c0    000003c0    00000018   00000018    r-- .cinit
20200000    20200000    00000028   00000000    rw-
  20200000    20200000    00000028   00000000    rw- .bss
20207e00    20207e00    00000200   00000000    rw-
  20207e00    20207e00    00000200   00000000    rw- .stack


SECTION ALLOCATION MAP

 output                                  attributes/
section   page    origin      length       input sections
--------  ----  ----------  ----------   ----------------
.intvecs   0    00000000    000000c0     
                  00000000    000000c0     startup_mspm0g350x_ticlang.o (.intvecs)

.text      0    000000c0    000002f0     
                  000000c0    000000b8     SPI.o (.text.main)
                  00000178    0000004c     ti_msp_dl_config.o (.text.SYSCFG_DL_SPI_init)
                  000001c4    00000044     driverlib.a : dl_spi.o (.text.DL_SPI_init)
                  00000208    00000040     ti_msp_dl_config.o (.text.SYSCFG_DL_SYSCTL_init)
                  00000248    0000003c     libc.a : autoinit.c.obj (.text:__TI_auto_init_nobinit_nopinit)
                  00000284    0000002c     ti_msp_dl_config.o (.text.SYSCFG_DL_GPIO_init)
                  000002b0    0000002c     ti_msp_dl_config.o (.text.SYSCFG_DL_initPower)
                  000002dc    00000028     libc.a : boot_cortex_m.c.obj (.text:_c_int00_noargs)
                  00000304    00000020     driverlib.a : dl_spi.o (.text.DL_SPI_receiveDataBlocking16)
                  00000324    00000020                 : dl_spi.o (.text.DL_SPI_transmitDataBlocking16)
                  00000344    00000020     ti_msp_dl_config.o (.text.SYSCFG_DL_init)
                  00000364    00000016     libc.a : copy_zero_init.c.obj (.text:decompress:ZI:__TI_zero_init_nomemset)
                  0000037a    00000012     driverlib.a : dl_spi.o (.text.DL_SPI_setClockConfig)
                  0000038c    0000000a                 : dl_common.o (.text.DL_Common_delayCycles)
                  00000396    00000006     libc.a : exit.c.obj (.text:abort)
                  0000039c    00000004     libsysbm.a : hostexit.c.obj (.text.HOSTexit)
                  000003a0    00000004     startup_mspm0g350x_ticlang.o (.text.Reset_Handler)
                  000003a4    00000004     libc.a : pre_init.c.obj (.text._system_pre_init)
                  000003a8    00000002     startup_mspm0g350x_ticlang.o (.text.Default_Handler)
                  000003aa    00000006     --HOLE-- [fill = 0]

.cinit     0    000003c0    00000018     
                  000003c0    00000008     (.cinit..bss.load) [load image, compression = zero_init]
                  000003c8    00000004     (__TI_handler_table)
                  000003cc    00000008     (__TI_cinit_table)
                  000003d4    00000004     --HOLE-- [fill = 0]

.rodata    0    000003b0    00000010     
                  000003b0    0000000a     ti_msp_dl_config.o (.rodata.gSPI_config)
                  000003ba    00000002     ti_msp_dl_config.o (.rodata.gSPI_clockConfig)
                  000003bc    00000004     --HOLE-- [fill = 0]

.init_array 
*          0    00000000    00000000     UNINITIALIZED

.binit     0    00000000    00000000     

.bss       0    20200000    00000028     UNINITIALIZED
                  20200000    00000028     (.common:gSPIBackup)

.stack     0    20207e00    00000200     UNINITIALIZED
                  20207e00    00000004     libc.a : boot_cortex_m.c.obj (.stack)
                  20207e04    000001fc     --HOLE--

__llvm_prf_cnts 
*          0    20200000    00000000     UNINITIALIZED

__llvm_prf_bits 
*          0    20200000    00000000     UNINITIALIZED

MODULE SUMMARY

       Module                         code   ro data   rw data
       ------                         ----   -------   -------
    .\
       ti_msp_dl_config.o             260    12        40     
       startup_mspm0g350x_ticlang.o   6      192       0      
       SPI.o                          184    0         0      
    +--+------------------------------+------+---------+---------+
       Total:                         450    204       40     
                                                              
    C:/ti/mspm0_sdk_2_04_00_06/source/ti/driverlib/lib/ticlang/m0p/mspm0g1x0x_g3x0x/driverlib.a
       dl_spi.o                       150    0         0      
       dl_common.o                    10     0         0      
    +--+------------------------------+------+---------+---------+
       Total:                         160    0         0      
                                                              
    C:\ti\ccs2010\ccs\tools\compiler\ti-cgt-armllvm_4.0.2.LTS\lib\armv6m-ti-none-eabi/c/libc.a
       autoinit.c.obj                 60     0         0      
       boot_cortex_m.c.obj            40     0         0      
       copy_zero_init.c.obj           22     0         0      
       exit.c.obj                     6      0         0      
       pre_init.c.obj                 4      0         0      
    +--+------------------------------+------+---------+---------+
       Total:                         132    0         0      
                                                              
    C:\ti\ccs2010\ccs\tools\compiler\ti-cgt-armllvm_4.0.2.LTS\lib\armv6m-ti-none-eabi/c/libsysbm.a
       hostexit.c.obj                 4      0         0      
    +--+------------------------------+------+---------+---------+
       Total:                         4      0         0      
                                                              
       Stack:                         0      0         512    
       Linker Generated:              0      20        0      
    +--+------------------------------+------+---------+---------+
       Grand Total:                   746    224       552    


LINKER GENERATED COPY TABLES

__TI_cinit_table @ 000003cc records: 1, size/record: 8, table size: 8
	.bss: load addr=000003c0, load size=00000008 bytes, run addr=20200000, run size=00000028 bytes, compression=zero_init


LINKER GENERATED HANDLER TABLE

__TI_handler_table @ 000003c8 records: 1, size/record: 4, table size: 4
	index: 0, handler: __TI_zero_init


GLOBAL SYMBOLS: SORTED ALPHABETICALLY BY Name 

address   name                          
-------   ----                          
000003a9  ADC0_IRQHandler               
000003a9  ADC1_IRQHandler               
000003a9  AES_IRQHandler                
0000039c  C$$EXIT                       
000003a9  CANFD0_IRQHandler             
000003a9  DAC0_IRQHandler               
0000038d  DL_Common_delayCycles         
000001c5  DL_SPI_init                   
00000305  DL_SPI_receiveDataBlocking16  
0000037b  DL_SPI_setClockConfig         
00000325  DL_SPI_transmitDataBlocking16 
000003a9  DMA_IRQHandler                
000003a9  Default_Handler               
000003a9  GROUP0_IRQHandler             
000003a9  GROUP1_IRQHandler             
0000039d  HOSTexit                      
000003a9  HardFault_Handler             
000003a9  I2C0_IRQHandler               
000003a9  I2C1_IRQHandler               
000003a9  NMI_Handler                   
000003a9  PendSV_Handler                
000003a9  RTC_IRQHandler                
000003a1  Reset_Handler                 
000003a9  SPI0_IRQHandler               
000003a9  SPI1_IRQHandler               
000003a9  SVC_Handler                   
00000285  SYSCFG_DL_GPIO_init           
00000179  SYSCFG_DL_SPI_init            
00000209  SYSCFG_DL_SYSCTL_init         
00000345  SYSCFG_DL_init                
000002b1  SYSCFG_DL_initPower           
000003a9  SysTick_Handler               
000003a9  TIMA0_IRQHandler              
000003a9  TIMA1_IRQHandler              
000003a9  TIMG0_IRQHandler              
000003a9  TIMG12_IRQHandler             
000003a9  TIMG6_IRQHandler              
000003a9  TIMG7_IRQHandler              
000003a9  TIMG8_IRQHandler              
000003a9  UART0_IRQHandler              
000003a9  UART1_IRQHandler              
000003a9  UART2_IRQHandler              
000003a9  UART3_IRQHandler              
20208000  __STACK_END                   
00000200  __STACK_SIZE                  
00000000  __TI_ATRegion0_region_sz      
00000000  __TI_ATRegion0_src_addr       
00000000  __TI_ATRegion0_trg_addr       
00000000  __TI_ATRegion1_region_sz      
00000000  __TI_ATRegion1_src_addr       
00000000  __TI_ATRegion1_trg_addr       
00000000  __TI_ATRegion2_region_sz      
00000000  __TI_ATRegion2_src_addr       
00000000  __TI_ATRegion2_trg_addr       
000003cc  __TI_CINIT_Base               
000003d4  __TI_CINIT_Limit              
000003d4  __TI_CINIT_Warm               
000003c8  __TI_Handler_Table_Base       
000003cc  __TI_Handler_Table_Limit      
00000249  __TI_auto_init_nobinit_nopinit
ffffffff  __TI_pprof_out_hndl           
ffffffff  __TI_prof_data_size           
ffffffff  __TI_prof_data_start          
00000000  __TI_static_base__            
00000365  __TI_zero_init_nomemset       
ffffffff  __binit__                     
UNDEFED   __mpu_init                    
20207e00  __stack                       
20200000  __start___llvm_prf_bits       
20200000  __start___llvm_prf_cnts       
20200000  __stop___llvm_prf_bits        
20200000  __stop___llvm_prf_cnts        
000002dd  _c_int00_noargs               
UNDEFED   _system_post_cinit            
000003a5  _system_pre_init              
00000397  abort                         
ffffffff  binit                         
20200000  gSPIBackup                    
00000000  interruptVectors              
000000c1  main                          


GLOBAL SYMBOLS: SORTED BY Symbol Address 

address   name                          
-------   ----                          
00000000  __TI_ATRegion0_region_sz      
00000000  __TI_ATRegion0_src_addr       
00000000  __TI_ATRegion0_trg_addr       
00000000  __TI_ATRegion1_region_sz      
00000000  __TI_ATRegion1_src_addr       
00000000  __TI_ATRegion1_trg_addr       
00000000  __TI_ATRegion2_region_sz      
00000000  __TI_ATRegion2_src_addr       
00000000  __TI_ATRegion2_trg_addr       
00000000  __TI_static_base__            
00000000  interruptVectors              
000000c1  main                          
00000179  SYSCFG_DL_SPI_init            
000001c5  DL_SPI_init                   
00000200  __STACK_SIZE                  
00000209  SYSCFG_DL_SYSCTL_init         
00000249  __TI_auto_init_nobinit_nopinit
00000285  SYSCFG_DL_GPIO_init           
000002b1  SYSCFG_DL_initPower           
000002dd  _c_int00_noargs               
00000305  DL_SPI_receiveDataBlocking16  
00000325  DL_SPI_transmitDataBlocking16 
00000345  SYSCFG_DL_init                
00000365  __TI_zero_init_nomemset       
0000037b  DL_SPI_setClockConfig         
0000038d  DL_Common_delayCycles         
00000397  abort                         
0000039c  C$$EXIT                       
0000039d  HOSTexit                      
000003a1  Reset_Handler                 
000003a5  _system_pre_init              
000003a9  ADC0_IRQHandler               
000003a9  ADC1_IRQHandler               
000003a9  AES_IRQHandler                
000003a9  CANFD0_IRQHandler             
000003a9  DAC0_IRQHandler               
000003a9  DMA_IRQHandler                
000003a9  Default_Handler               
000003a9  GROUP0_IRQHandler             
000003a9  GROUP1_IRQHandler             
000003a9  HardFault_Handler             
000003a9  I2C0_IRQHandler               
000003a9  I2C1_IRQHandler               
000003a9  NMI_Handler                   
000003a9  PendSV_Handler                
000003a9  RTC_IRQHandler                
000003a9  SPI0_IRQHandler               
000003a9  SPI1_IRQHandler               
000003a9  SVC_Handler                   
000003a9  SysTick_Handler               
000003a9  TIMA0_IRQHandler              
000003a9  TIMA1_IRQHandler              
000003a9  TIMG0_IRQHandler              
000003a9  TIMG12_IRQHandler             
000003a9  TIMG6_IRQHandler              
000003a9  TIMG7_IRQHandler              
000003a9  TIMG8_IRQHandler              
000003a9  UART0_IRQHandler              
000003a9  UART1_IRQHandler              
000003a9  UART2_IRQHandler              
000003a9  UART3_IRQHandler              
000003c8  __TI_Handler_Table_Base       
000003cc  __TI_CINIT_Base               
000003cc  __TI_Handler_Table_Limit      
000003d4  __TI_CINIT_Limit              
000003d4  __TI_CINIT_Warm               
20200000  __start___llvm_prf_bits       
20200000  __start___llvm_prf_cnts       
20200000  __stop___llvm_prf_bits        
20200000  __stop___llvm_prf_cnts        
20200000  gSPIBackup                    
20207e00  __stack                       
20208000  __STACK_END                   
ffffffff  __TI_pprof_out_hndl           
ffffffff  __TI_prof_data_size           
ffffffff  __TI_prof_data_start          
ffffffff  __binit__                     
ffffffff  binit                         
UNDEFED   __mpu_init                    
UNDEFED   _system_post_cinit            

[80 symbols]
