******************************************************************************
            TI ARM Clang Linker PC v4.0.2                      
******************************************************************************
>> Linked Fri May  2 12:14:30 2025

OUTPUT FILE NAME:   <Timers.out>
ENTRY POINT SYMBOL: "_c_int00_noargs"  address: 000002c5


MEMORY CONFIGURATION

         name            origin    length      used     unused   attr    fill
----------------------  --------  ---------  --------  --------  ----  --------
  FLASH                 00000000   00020000  000003c0  0001fc40  R  X
  SRAM                  20200000   00008000  000002bc  00007d44  RW X
  BCR_CONFIG            41c00000   000000ff  00000000  000000ff  R   
  BSL_CONFIG            41c00100   00000080  00000000  00000080  R   


SEGMENT ALLOCATION MAP

run origin  load origin   length   init length attrs members
----------  ----------- ---------- ----------- ----- -------
00000000    00000000    000003c0   000003c0    r-x
  00000000    00000000    000000c0   000000c0    r-- .intvecs
  000000c0    000000c0    000002d0   000002d0    r-x .text
  00000390    00000390    00000018   00000018    r-- .rodata
  000003a8    000003a8    00000018   00000018    r-- .cinit
20200000    20200000    000000bc   00000000    rw-
  20200000    20200000    000000bc   00000000    rw- .bss
20207e00    20207e00    00000200   00000000    rw-
  20207e00    20207e00    00000200   00000000    rw- .stack


SECTION ALLOCATION MAP

 output                                  attributes/
section   page    origin      length       input sections
--------  ----  ----------  ----------   ----------------
.intvecs   0    00000000    000000c0     
                  00000000    000000c0     startup_mspm0g350x_ticlang.o (.intvecs)

.text      0    000000c0    000002d0     
                  000000c0    000000e8     driverlib.a : dl_timer.o (.text.DL_Timer_initTimerMode)
                  000001a8    00000044     ti_msp_dl_config.o (.text.SYSCFG_DL_TIMER_0_init)
                  000001ec    0000003c     ti_msp_dl_config.o (.text.SYSCFG_DL_SYSCTL_init)
                  00000228    0000003c     libc.a : autoinit.c.obj (.text:__TI_auto_init_nobinit_nopinit)
                  00000264    00000034     Timer.o (.text.main)
                  00000298    0000002c     ti_msp_dl_config.o (.text.SYSCFG_DL_initPower)
                  000002c4    00000028     libc.a : boot_cortex_m.c.obj (.text:_c_int00_noargs)
                  000002ec    00000020     ti_msp_dl_config.o (.text.SYSCFG_DL_init)
                  0000030c    0000001c     driverlib.a : dl_timer.o (.text.DL_Timer_setClockConfig)
                  00000328    0000001c     Timer.o (.text.TIMA0_IRQHandler)
                  00000344    00000018     ti_msp_dl_config.o (.text.SYSCFG_DL_GPIO_init)
                  0000035c    00000016     libc.a : copy_zero_init.c.obj (.text:decompress:ZI:__TI_zero_init_nomemset)
                  00000372    0000000a     driverlib.a : dl_common.o (.text.DL_Common_delayCycles)
                  0000037c    00000006     libc.a : exit.c.obj (.text:abort)
                  00000382    00000004     libsysbm.a : hostexit.c.obj (.text.HOSTexit)
                  00000386    00000004     startup_mspm0g350x_ticlang.o (.text.Reset_Handler)
                  0000038a    00000004     libc.a : pre_init.c.obj (.text._system_pre_init)
                  0000038e    00000002     startup_mspm0g350x_ticlang.o (.text.Default_Handler)

.cinit     0    000003a8    00000018     
                  000003a8    00000008     (.cinit..bss.load) [load image, compression = zero_init]
                  000003b0    00000004     (__TI_handler_table)
                  000003b4    00000008     (__TI_cinit_table)
                  000003bc    00000004     --HOLE-- [fill = 0]

.rodata    0    00000390    00000018     
                  00000390    00000014     ti_msp_dl_config.o (.rodata.gTIMER_0TimerConfig)
                  000003a4    00000003     ti_msp_dl_config.o (.rodata.gTIMER_0ClockConfig)
                  000003a7    00000001     --HOLE-- [fill = 0]

.init_array 
*          0    00000000    00000000     UNINITIALIZED

.binit     0    00000000    00000000     

.bss       0    20200000    000000bc     UNINITIALIZED
                  20200000    000000bc     (.common:gTIMER_0Backup)

.stack     0    20207e00    00000200     UNINITIALIZED
                  20207e00    00000004     libc.a : boot_cortex_m.c.obj (.stack)
                  20207e04    000001fc     --HOLE--

__llvm_prf_cnts 
*          0    20200000    00000000     UNINITIALIZED

__llvm_prf_bits 
*          0    20200000    00000000     UNINITIALIZED

MODULE SUMMARY

       Module                         code   ro data   rw data
       ------                         ----   -------   -------
    .\
       ti_msp_dl_config.o             228    23        188    
       startup_mspm0g350x_ticlang.o   6      192       0      
       Timer.o                        80     0         0      
    +--+------------------------------+------+---------+---------+
       Total:                         314    215       188    
                                                              
    C:/ti/mspm0_sdk_2_04_00_06/source/ti/driverlib/lib/ticlang/m0p/mspm0g1x0x_g3x0x/driverlib.a
       dl_timer.o                     260    0         0      
       dl_common.o                    10     0         0      
    +--+------------------------------+------+---------+---------+
       Total:                         270    0         0      
                                                              
    C:\ti\ccs2010\ccs\tools\compiler\ti-cgt-armllvm_4.0.2.LTS\lib\armv6m-ti-none-eabi/c/libc.a
       autoinit.c.obj                 60     0         0      
       boot_cortex_m.c.obj            40     0         0      
       copy_zero_init.c.obj           22     0         0      
       exit.c.obj                     6      0         0      
       pre_init.c.obj                 4      0         0      
    +--+------------------------------+------+---------+---------+
       Total:                         132    0         0      
                                                              
    C:\ti\ccs2010\ccs\tools\compiler\ti-cgt-armllvm_4.0.2.LTS\lib\armv6m-ti-none-eabi/c/libsysbm.a
       hostexit.c.obj                 4      0         0      
    +--+------------------------------+------+---------+---------+
       Total:                         4      0         0      
                                                              
       Stack:                         0      0         512    
       Linker Generated:              0      20        0      
    +--+------------------------------+------+---------+---------+
       Grand Total:                   720    235       700    


LINKER GENERATED COPY TABLES

__TI_cinit_table @ 000003b4 records: 1, size/record: 8, table size: 8
	.bss: load addr=000003a8, load size=00000008 bytes, run addr=20200000, run size=000000bc bytes, compression=zero_init


LINKER GENERATED HANDLER TABLE

__TI_handler_table @ 000003b0 records: 1, size/record: 4, table size: 4
	index: 0, handler: __TI_zero_init


GLOBAL SYMBOLS: SORTED ALPHABETICALLY BY Name 

address   name                          
-------   ----                          
0000038f  ADC0_IRQHandler               
0000038f  ADC1_IRQHandler               
0000038f  AES_IRQHandler                
00000382  C$$EXIT                       
0000038f  CANFD0_IRQHandler             
0000038f  DAC0_IRQHandler               
00000373  DL_Common_delayCycles         
000000c1  DL_Timer_initTimerMode        
0000030d  DL_Timer_setClockConfig       
0000038f  DMA_IRQHandler                
0000038f  Default_Handler               
0000038f  GROUP0_IRQHandler             
0000038f  GROUP1_IRQHandler             
00000383  HOSTexit                      
0000038f  HardFault_Handler             
0000038f  I2C0_IRQHandler               
0000038f  I2C1_IRQHandler               
0000038f  NMI_Handler                   
0000038f  PendSV_Handler                
0000038f  RTC_IRQHandler                
00000387  Reset_Handler                 
0000038f  SPI0_IRQHandler               
0000038f  SPI1_IRQHandler               
0000038f  SVC_Handler                   
00000345  SYSCFG_DL_GPIO_init           
000001ed  SYSCFG_DL_SYSCTL_init         
000001a9  SYSCFG_DL_TIMER_0_init        
000002ed  SYSCFG_DL_init                
00000299  SYSCFG_DL_initPower           
0000038f  SysTick_Handler               
00000329  TIMA0_IRQHandler              
0000038f  TIMA1_IRQHandler              
0000038f  TIMG0_IRQHandler              
0000038f  TIMG12_IRQHandler             
0000038f  TIMG6_IRQHandler              
0000038f  TIMG7_IRQHandler              
0000038f  TIMG8_IRQHandler              
0000038f  UART0_IRQHandler              
0000038f  UART1_IRQHandler              
0000038f  UART2_IRQHandler              
0000038f  UART3_IRQHandler              
20208000  __STACK_END                   
00000200  __STACK_SIZE                  
00000000  __TI_ATRegion0_region_sz      
00000000  __TI_ATRegion0_src_addr       
00000000  __TI_ATRegion0_trg_addr       
00000000  __TI_ATRegion1_region_sz      
00000000  __TI_ATRegion1_src_addr       
00000000  __TI_ATRegion1_trg_addr       
00000000  __TI_ATRegion2_region_sz      
00000000  __TI_ATRegion2_src_addr       
00000000  __TI_ATRegion2_trg_addr       
000003b4  __TI_CINIT_Base               
000003bc  __TI_CINIT_Limit              
000003bc  __TI_CINIT_Warm               
000003b0  __TI_Handler_Table_Base       
000003b4  __TI_Handler_Table_Limit      
00000229  __TI_auto_init_nobinit_nopinit
ffffffff  __TI_pprof_out_hndl           
ffffffff  __TI_prof_data_size           
ffffffff  __TI_prof_data_start          
00000000  __TI_static_base__            
0000035d  __TI_zero_init_nomemset       
ffffffff  __binit__                     
UNDEFED   __mpu_init                    
20207e00  __stack                       
20200000  __start___llvm_prf_bits       
20200000  __start___llvm_prf_cnts       
20200000  __stop___llvm_prf_bits        
20200000  __stop___llvm_prf_cnts        
000002c5  _c_int00_noargs               
UNDEFED   _system_post_cinit            
0000038b  _system_pre_init              
0000037d  abort                         
ffffffff  binit                         
20200000  gTIMER_0Backup                
00000000  interruptVectors              
00000265  main                          


GLOBAL SYMBOLS: SORTED BY Symbol Address 

address   name                          
-------   ----                          
00000000  __TI_ATRegion0_region_sz      
00000000  __TI_ATRegion0_src_addr       
00000000  __TI_ATRegion0_trg_addr       
00000000  __TI_ATRegion1_region_sz      
00000000  __TI_ATRegion1_src_addr       
00000000  __TI_ATRegion1_trg_addr       
00000000  __TI_ATRegion2_region_sz      
00000000  __TI_ATRegion2_src_addr       
00000000  __TI_ATRegion2_trg_addr       
00000000  __TI_static_base__            
00000000  interruptVectors              
000000c1  DL_Timer_initTimerMode        
000001a9  SYSCFG_DL_TIMER_0_init        
000001ed  SYSCFG_DL_SYSCTL_init         
00000200  __STACK_SIZE                  
00000229  __TI_auto_init_nobinit_nopinit
00000265  main                          
00000299  SYSCFG_DL_initPower           
000002c5  _c_int00_noargs               
000002ed  SYSCFG_DL_init                
0000030d  DL_Timer_setClockConfig       
00000329  TIMA0_IRQHandler              
00000345  SYSCFG_DL_GPIO_init           
0000035d  __TI_zero_init_nomemset       
00000373  DL_Common_delayCycles         
0000037d  abort                         
00000382  C$$EXIT                       
00000383  HOSTexit                      
00000387  Reset_Handler                 
0000038b  _system_pre_init              
0000038f  ADC0_IRQHandler               
0000038f  ADC1_IRQHandler               
0000038f  AES_IRQHandler                
0000038f  CANFD0_IRQHandler             
0000038f  DAC0_IRQHandler               
0000038f  DMA_IRQHandler                
0000038f  Default_Handler               
0000038f  GROUP0_IRQHandler             
0000038f  GROUP1_IRQHandler             
0000038f  HardFault_Handler             
0000038f  I2C0_IRQHandler               
0000038f  I2C1_IRQHandler               
0000038f  NMI_Handler                   
0000038f  PendSV_Handler                
0000038f  RTC_IRQHandler                
0000038f  SPI0_IRQHandler               
0000038f  SPI1_IRQHandler               
0000038f  SVC_Handler                   
0000038f  SysTick_Handler               
0000038f  TIMA1_IRQHandler              
0000038f  TIMG0_IRQHandler              
0000038f  TIMG12_IRQHandler             
0000038f  TIMG6_IRQHandler              
0000038f  TIMG7_IRQHandler              
0000038f  TIMG8_IRQHandler              
0000038f  UART0_IRQHandler              
0000038f  UART1_IRQHandler              
0000038f  UART2_IRQHandler              
0000038f  UART3_IRQHandler              
000003b0  __TI_Handler_Table_Base       
000003b4  __TI_CINIT_Base               
000003b4  __TI_Handler_Table_Limit      
000003bc  __TI_CINIT_Limit              
000003bc  __TI_CINIT_Warm               
20200000  __start___llvm_prf_bits       
20200000  __start___llvm_prf_cnts       
20200000  __stop___llvm_prf_bits        
20200000  __stop___llvm_prf_cnts        
20200000  gTIMER_0Backup                
20207e00  __stack                       
20208000  __STACK_END                   
ffffffff  __TI_pprof_out_hndl           
ffffffff  __TI_prof_data_size           
ffffffff  __TI_prof_data_start          
ffffffff  __binit__                     
ffffffff  binit                         
UNDEFED   __mpu_init                    
UNDEFED   _system_post_cinit            

[78 symbols]
