******************************************************************************
            TI ARM Clang Linker PC v4.0.2                      
******************************************************************************
>> Linked Fri May  2 15:59:04 2025

OUTPUT FILE NAME:   <Timers.out>
ENTRY POINT SYMBOL: "_c_int00_noargs"  address: 00000411


MEMORY CONFIGURATION

         name            origin    length      used     unused   attr    fill
----------------------  --------  ---------  --------  --------  ----  --------
  FLASH                 00000000   00020000  00000528  0001fad8  R  X
  SRAM                  20200000   00008000  000002be  00007d42  RW X
  BCR_CONFIG            41c00000   000000ff  00000000  000000ff  R   
  BSL_CONFIG            41c00100   00000080  00000000  00000080  R   


SEGMENT ALLOCATION MAP

run origin  load origin   length   init length attrs members
----------  ----------- ---------- ----------- ----- -------
00000000    00000000    00000528   00000528    r-x
  00000000    00000000    000000c0   000000c0    r-- .intvecs
  000000c0    000000c0    00000420   00000420    r-x .text
  000004e0    000004e0    00000018   00000018    r-- .rodata
  000004f8    000004f8    00000030   00000030    r-- .cinit
20200000    20200000    000000be   00000000    rw-
  20200000    20200000    000000bc   00000000    rw- .bss
  202000bc    202000bc    00000002   00000000    rw- .data
20207e00    20207e00    00000200   00000000    rw-
  20207e00    20207e00    00000200   00000000    rw- .stack


SECTION ALLOCATION MAP

 output                                  attributes/
section   page    origin      length       input sections
--------  ----  ----------  ----------   ----------------
.intvecs   0    00000000    000000c0     
                  00000000    000000c0     startup_mspm0g350x_ticlang.o (.intvecs)

.text      0    000000c0    00000420     
                  000000c0    000000e8     driverlib.a : dl_timer.o (.text.DL_Timer_initTimerMode)
                  000001a8    0000009a     libc.a : memcpy16.S.obj (.text:memcpy)
                  00000242    00000002     startup_mspm0g350x_ticlang.o (.text.Default_Handler)
                  00000244    0000007c     libc.a : copy_decompress_lzss.c.obj (.text:decompress:lzss)
                  000002c0    00000044     ti_msp_dl_config.o (.text.SYSCFG_DL_TIMER_0_init)
                  00000304    0000003c     ti_msp_dl_config.o (.text.SYSCFG_DL_SYSCTL_init)
                  00000340    0000003c     libc.a : autoinit.c.obj (.text:__TI_auto_init_nobinit_nopinit)
                  0000037c    00000034     Timer.o (.text.TIMA0_IRQHandler)
                  000003b0    00000034     Timer.o (.text.main)
                  000003e4    0000002c     ti_msp_dl_config.o (.text.SYSCFG_DL_initPower)
                  00000410    00000028     libc.a : boot_cortex_m.c.obj (.text:_c_int00_noargs)
                  00000438    00000020     ti_msp_dl_config.o (.text.SYSCFG_DL_init)
                  00000458    0000001c     driverlib.a : dl_timer.o (.text.DL_Timer_setClockConfig)
                  00000474    00000018     ti_msp_dl_config.o (.text.SYSCFG_DL_GPIO_init)
                  0000048c    00000016     libc.a : copy_zero_init.c.obj (.text:decompress:ZI:__TI_zero_init_nomemset)
                  000004a2    00000012            : copy_decompress_none.c.obj (.text:decompress:none)
                  000004b4    0000000a     driverlib.a : dl_common.o (.text.DL_Common_delayCycles)
                  000004be    00000002     --HOLE-- [fill = 0]
                  000004c0    00000008     libclang_rt.builtins.a : aeabi_memcpy.S.obj (.text.__aeabi_memcpy)
                  000004c8    00000006     libc.a : exit.c.obj (.text:abort)
                  000004ce    00000004     libsysbm.a : hostexit.c.obj (.text.HOSTexit)
                  000004d2    00000004     startup_mspm0g350x_ticlang.o (.text.Reset_Handler)
                  000004d6    00000004     libc.a : pre_init.c.obj (.text._system_pre_init)
                  000004da    00000006     --HOLE-- [fill = 0]

.cinit     0    000004f8    00000030     
                  000004f8    0000000c     (__TI_handler_table)
                  00000504    00000008     (.cinit..bss.load) [load image, compression = zero_init]
                  0000050c    00000006     (.cinit..data.load) [load image, compression = lzss]
                  00000512    00000002     --HOLE-- [fill = 0]
                  00000514    00000010     (__TI_cinit_table)
                  00000524    00000004     --HOLE-- [fill = 0]

.rodata    0    000004e0    00000018     
                  000004e0    00000014     ti_msp_dl_config.o (.rodata.gTIMER_0TimerConfig)
                  000004f4    00000003     ti_msp_dl_config.o (.rodata.gTIMER_0ClockConfig)
                  000004f7    00000001     --HOLE-- [fill = 0]

.init_array 
*          0    00000000    00000000     UNINITIALIZED

.binit     0    00000000    00000000     

.bss       0    20200000    000000bc     UNINITIALIZED
                  20200000    000000bc     (.common:gTIMER_0Backup)

.data      0    202000bc    00000002     UNINITIALIZED
                  202000bc    00000002     Timer.o (.data.TIMA0_IRQHandler.counter)

.stack     0    20207e00    00000200     UNINITIALIZED
                  20207e00    00000004     libc.a : boot_cortex_m.c.obj (.stack)
                  20207e04    000001fc     --HOLE--

__llvm_prf_cnts 
*          0    20200000    00000000     UNINITIALIZED

__llvm_prf_bits 
*          0    20200000    00000000     UNINITIALIZED

MODULE SUMMARY

       Module                         code   ro data   rw data
       ------                         ----   -------   -------
    .\
       ti_msp_dl_config.o             228    23        188    
       startup_mspm0g350x_ticlang.o   6      192       0      
       Timer.o                        104    0         2      
    +--+------------------------------+------+---------+---------+
       Total:                         338    215       190    
                                                              
    C:/ti/mspm0_sdk_2_04_00_06/source/ti/driverlib/lib/ticlang/m0p/mspm0g1x0x_g3x0x/driverlib.a
       dl_timer.o                     260    0         0      
       dl_common.o                    10     0         0      
    +--+------------------------------+------+---------+---------+
       Total:                         270    0         0      
                                                              
    C:\ti\ccs2010\ccs\tools\compiler\ti-cgt-armllvm_4.0.2.LTS\lib\armv6m-ti-none-eabi/c/libc.a
       memcpy16.S.obj                 154    0         0      
       copy_decompress_lzss.c.obj     124    0         0      
       autoinit.c.obj                 60     0         0      
       boot_cortex_m.c.obj            40     0         0      
       copy_zero_init.c.obj           22     0         0      
       copy_decompress_none.c.obj     18     0         0      
       exit.c.obj                     6      0         0      
       pre_init.c.obj                 4      0         0      
    +--+------------------------------+------+---------+---------+
       Total:                         428    0         0      
                                                              
    C:\ti\ccs2010\ccs\tools\compiler\ti-cgt-armllvm_4.0.2.LTS\lib\armv6m-ti-none-eabi/c/libsysbm.a
       hostexit.c.obj                 4      0         0      
    +--+------------------------------+------+---------+---------+
       Total:                         4      0         0      
                                                              
    C:\ti\ccs2010\ccs\tools\compiler\ti-cgt-armllvm_4.0.2.LTS\lib\armv6m-ti-none-eabi/libclang_rt.builtins.a
       aeabi_memcpy.S.obj             8      0         0      
    +--+------------------------------+------+---------+---------+
       Total:                         8      0         0      
                                                              
       Stack:                         0      0         512    
       Linker Generated:              0      42        0      
    +--+------------------------------+------+---------+---------+
       Grand Total:                   1048   257       702    


LINKER GENERATED COPY TABLES

__TI_cinit_table @ 00000514 records: 2, size/record: 8, table size: 16
	.bss: load addr=00000504, load size=00000008 bytes, run addr=20200000, run size=000000bc bytes, compression=zero_init
	.data: load addr=0000050c, load size=00000006 bytes, run addr=202000bc, run size=00000002 bytes, compression=lzss


LINKER GENERATED HANDLER TABLE

__TI_handler_table @ 000004f8 records: 3, size/record: 4, table size: 12
	index: 0, handler: __TI_decompress_lzss
	index: 1, handler: __TI_decompress_none
	index: 2, handler: __TI_zero_init


GLOBAL SYMBOLS: SORTED ALPHABETICALLY BY Name 

address   name                          
-------   ----                          
00000243  ADC0_IRQHandler               
00000243  ADC1_IRQHandler               
00000243  AES_IRQHandler                
000004ce  C$$EXIT                       
00000243  CANFD0_IRQHandler             
00000243  DAC0_IRQHandler               
000004b5  DL_Common_delayCycles         
000000c1  DL_Timer_initTimerMode        
00000459  DL_Timer_setClockConfig       
00000243  DMA_IRQHandler                
00000243  Default_Handler               
00000243  GROUP0_IRQHandler             
00000243  GROUP1_IRQHandler             
000004cf  HOSTexit                      
00000243  HardFault_Handler             
00000243  I2C0_IRQHandler               
00000243  I2C1_IRQHandler               
00000243  NMI_Handler                   
00000243  PendSV_Handler                
00000243  RTC_IRQHandler                
000004d3  Reset_Handler                 
00000243  SPI0_IRQHandler               
00000243  SPI1_IRQHandler               
00000243  SVC_Handler                   
00000475  SYSCFG_DL_GPIO_init           
00000305  SYSCFG_DL_SYSCTL_init         
000002c1  SYSCFG_DL_TIMER_0_init        
00000439  SYSCFG_DL_init                
000003e5  SYSCFG_DL_initPower           
00000243  SysTick_Handler               
0000037d  TIMA0_IRQHandler              
00000243  TIMA1_IRQHandler              
00000243  TIMG0_IRQHandler              
00000243  TIMG12_IRQHandler             
00000243  TIMG6_IRQHandler              
00000243  TIMG7_IRQHandler              
00000243  TIMG8_IRQHandler              
00000243  UART0_IRQHandler              
00000243  UART1_IRQHandler              
00000243  UART2_IRQHandler              
00000243  UART3_IRQHandler              
20208000  __STACK_END                   
00000200  __STACK_SIZE                  
00000000  __TI_ATRegion0_region_sz      
00000000  __TI_ATRegion0_src_addr       
00000000  __TI_ATRegion0_trg_addr       
00000000  __TI_ATRegion1_region_sz      
00000000  __TI_ATRegion1_src_addr       
00000000  __TI_ATRegion1_trg_addr       
00000000  __TI_ATRegion2_region_sz      
00000000  __TI_ATRegion2_src_addr       
00000000  __TI_ATRegion2_trg_addr       
00000514  __TI_CINIT_Base               
00000524  __TI_CINIT_Limit              
00000524  __TI_CINIT_Warm               
000004f8  __TI_Handler_Table_Base       
00000504  __TI_Handler_Table_Limit      
00000341  __TI_auto_init_nobinit_nopinit
00000245  __TI_decompress_lzss          
000004a3  __TI_decompress_none          
ffffffff  __TI_pprof_out_hndl           
ffffffff  __TI_prof_data_size           
ffffffff  __TI_prof_data_start          
00000000  __TI_static_base__            
0000048d  __TI_zero_init_nomemset       
000004c1  __aeabi_memcpy                
000004c1  __aeabi_memcpy4               
000004c1  __aeabi_memcpy8               
ffffffff  __binit__                     
UNDEFED   __mpu_init                    
20207e00  __stack                       
20200000  __start___llvm_prf_bits       
20200000  __start___llvm_prf_cnts       
20200000  __stop___llvm_prf_bits        
20200000  __stop___llvm_prf_cnts        
00000411  _c_int00_noargs               
UNDEFED   _system_post_cinit            
000004d7  _system_pre_init              
000004c9  abort                         
ffffffff  binit                         
20200000  gTIMER_0Backup                
00000000  interruptVectors              
000003b1  main                          
000001a9  memcpy                        


GLOBAL SYMBOLS: SORTED BY Symbol Address 

address   name                          
-------   ----                          
00000000  __TI_ATRegion0_region_sz      
00000000  __TI_ATRegion0_src_addr       
00000000  __TI_ATRegion0_trg_addr       
00000000  __TI_ATRegion1_region_sz      
00000000  __TI_ATRegion1_src_addr       
00000000  __TI_ATRegion1_trg_addr       
00000000  __TI_ATRegion2_region_sz      
00000000  __TI_ATRegion2_src_addr       
00000000  __TI_ATRegion2_trg_addr       
00000000  __TI_static_base__            
00000000  interruptVectors              
000000c1  DL_Timer_initTimerMode        
000001a9  memcpy                        
00000200  __STACK_SIZE                  
00000243  ADC0_IRQHandler               
00000243  ADC1_IRQHandler               
00000243  AES_IRQHandler                
00000243  CANFD0_IRQHandler             
00000243  DAC0_IRQHandler               
00000243  DMA_IRQHandler                
00000243  Default_Handler               
00000243  GROUP0_IRQHandler             
00000243  GROUP1_IRQHandler             
00000243  HardFault_Handler             
00000243  I2C0_IRQHandler               
00000243  I2C1_IRQHandler               
00000243  NMI_Handler                   
00000243  PendSV_Handler                
00000243  RTC_IRQHandler                
00000243  SPI0_IRQHandler               
00000243  SPI1_IRQHandler               
00000243  SVC_Handler                   
00000243  SysTick_Handler               
00000243  TIMA1_IRQHandler              
00000243  TIMG0_IRQHandler              
00000243  TIMG12_IRQHandler             
00000243  TIMG6_IRQHandler              
00000243  TIMG7_IRQHandler              
00000243  TIMG8_IRQHandler              
00000243  UART0_IRQHandler              
00000243  UART1_IRQHandler              
00000243  UART2_IRQHandler              
00000243  UART3_IRQHandler              
00000245  __TI_decompress_lzss          
000002c1  SYSCFG_DL_TIMER_0_init        
00000305  SYSCFG_DL_SYSCTL_init         
00000341  __TI_auto_init_nobinit_nopinit
0000037d  TIMA0_IRQHandler              
000003b1  main                          
000003e5  SYSCFG_DL_initPower           
00000411  _c_int00_noargs               
00000439  SYSCFG_DL_init                
00000459  DL_Timer_setClockConfig       
00000475  SYSCFG_DL_GPIO_init           
0000048d  __TI_zero_init_nomemset       
000004a3  __TI_decompress_none          
000004b5  DL_Common_delayCycles         
000004c1  __aeabi_memcpy                
000004c1  __aeabi_memcpy4               
000004c1  __aeabi_memcpy8               
000004c9  abort                         
000004ce  C$$EXIT                       
000004cf  HOSTexit                      
000004d3  Reset_Handler                 
000004d7  _system_pre_init              
000004f8  __TI_Handler_Table_Base       
00000504  __TI_Handler_Table_Limit      
00000514  __TI_CINIT_Base               
00000524  __TI_CINIT_Limit              
00000524  __TI_CINIT_Warm               
20200000  __start___llvm_prf_bits       
20200000  __start___llvm_prf_cnts       
20200000  __stop___llvm_prf_bits        
20200000  __stop___llvm_prf_cnts        
20200000  gTIMER_0Backup                
20207e00  __stack                       
20208000  __STACK_END                   
ffffffff  __TI_pprof_out_hndl           
ffffffff  __TI_prof_data_size           
ffffffff  __TI_prof_data_start          
ffffffff  __binit__                     
ffffffff  binit                         
UNDEFED   __mpu_init                    
UNDEFED   _system_post_cinit            

[84 symbols]
