******************************************************************************
            TI ARM Clang Linker PC v4.0.2                      
******************************************************************************
>> Linked Wed Jul 23 18:19:30 2025

OUTPUT FILE NAME:   <TLC5926_LED_Driver.out>
ENTRY POINT SYMBOL: "_c_int00_noargs"  address: 00000c65


MEMORY CONFIGURATION

         name            origin    length      used     unused   attr    fill
----------------------  --------  ---------  --------  --------  ----  --------
  FLASH                 00000000   00020000  00000d10  0001f2f0  R  X
  SRAM                  20200000   00008000  00000208  00007df8  RW X
  BCR_CONFIG            41c00000   000000ff  00000000  000000ff  R   
  BSL_CONFIG            41c00100   00000080  00000000  00000080  R   


SEGMENT ALLOCATION MAP

run origin  load origin   length   init length attrs members
----------  ----------- ---------- ----------- ----- -------
00000000    00000000    00000d10   00000d10    r-x
  00000000    00000000    000000c0   000000c0    r-- .intvecs
  000000c0    000000c0    00000c38   00000c38    r-x .text
  00000cf8    00000cf8    00000018   00000018    r-- .cinit
20200000    20200000    00000008   00000000    rw-
  20200000    20200000    00000008   00000000    rw- .data
20207e00    20207e00    00000200   00000000    rw-
  20207e00    20207e00    00000200   00000000    rw- .stack


SECTION ALLOCATION MAP

 output                                  attributes/
section   page    origin      length       input sections
--------  ----  ----------  ----------   ----------------
.intvecs   0    00000000    000000c0     
                  00000000    000000c0     startup_mspm0g350x_ticlang.o (.intvecs)

.text      0    000000c0    00000c38     
                  000000c0    0000050c     LED_Driver.o (.text.main)
                  000005cc    00000214     LED_Driver.o (.text.sendWord_SpecialMode)
                  000007e0    00000170     LED_Driver.o (.text.Special_mode)
                  00000950    00000168     LED_Driver.o (.text.Normal_mode)
                  00000ab8    0000009a     libc.a : memcpy16.S.obj (.text:memcpy)
                  00000b52    00000002     startup_mspm0g350x_ticlang.o (.text.Default_Handler)
                  00000b54    0000007c     libc.a : copy_decompress_lzss.c.obj (.text:decompress:lzss)
                  00000bd0    0000003c            : autoinit.c.obj (.text:__TI_auto_init_nobinit_nopinit)
                  00000c0c    00000030     ti_msp_dl_config.o (.text.SYSCFG_DL_SYSCTL_init)
                  00000c3c    00000028     ti_msp_dl_config.o (.text.SYSCFG_DL_GPIO_init)
                  00000c64    00000028     libc.a : boot_cortex_m.c.obj (.text:_c_int00_noargs)
                  00000c8c    00000020     ti_msp_dl_config.o (.text.SYSCFG_DL_initPower)
                  00000cac    00000012     libc.a : copy_decompress_none.c.obj (.text:decompress:none)
                  00000cbe    00000010     ti_msp_dl_config.o (.text.SYSCFG_DL_init)
                  00000cce    0000000a     driverlib.a : dl_common.o (.text.DL_Common_delayCycles)
                  00000cd8    00000008     libclang_rt.builtins.a : aeabi_memcpy.S.obj (.text.__aeabi_memcpy)
                  00000ce0    00000006     libc.a : exit.c.obj (.text:abort)
                  00000ce6    00000004     libsysbm.a : hostexit.c.obj (.text.HOSTexit)
                  00000cea    00000004     startup_mspm0g350x_ticlang.o (.text.Reset_Handler)
                  00000cee    00000004     libc.a : pre_init.c.obj (.text._system_pre_init)
                  00000cf2    00000006     --HOLE-- [fill = 0]

.cinit     0    00000cf8    00000018     
                  00000cf8    00000008     (__TI_handler_table)
                  00000d00    00000007     (.cinit..data.load) [load image, compression = lzss]
                  00000d07    00000001     --HOLE-- [fill = 0]
                  00000d08    00000008     (__TI_cinit_table)

.init_array 
*          0    00000000    00000000     UNINITIALIZED

.binit     0    00000000    00000000     

.data      0    20200000    00000008     UNINITIALIZED
                  20200000    00000002     LED_Driver.o (.data.runSmoothPWMFade.pwm_update_counter)
                  20200002    00000001     LED_Driver.o (.data.OE_PWM_brightness)
                  20200003    00000001     LED_Driver.o (.data.OE_PWM_counter)
                  20200004    00000001     LED_Driver.o (.data.OE_PWM_enabled)
                  20200005    00000001     LED_Driver.o (.data.runSmoothPWMFade.brightness)
                  20200006    00000001     LED_Driver.o (.data.runSmoothPWMFade.first_run)
                  20200007    00000001     LED_Driver.o (.data.runSmoothPWMFade.increasing)

.stack     0    20207e00    00000200     UNINITIALIZED
                  20207e00    00000004     libc.a : boot_cortex_m.c.obj (.stack)
                  20207e04    000001fc     --HOLE--

__llvm_prf_cnts 
*          0    20200000    00000000     UNINITIALIZED

__llvm_prf_bits 
*          0    20200000    00000000     UNINITIALIZED

MODULE SUMMARY

       Module                         code   ro data   rw data
       ------                         ----   -------   -------
    .\
       LED_Driver.o                   2552   0         8      
       startup_mspm0g350x_ticlang.o   6      192       0      
       ti_msp_dl_config.o             136    0         0      
    +--+------------------------------+------+---------+---------+
       Total:                         2694   192       8      
                                                              
    C:/ti/mspm0_sdk_2_04_00_06/source/ti/driverlib/lib/ticlang/m0p/mspm0g1x0x_g3x0x/driverlib.a
       dl_common.o                    10     0         0      
    +--+------------------------------+------+---------+---------+
       Total:                         10     0         0      
                                                              
    C:\ti\ccs2010\ccs\tools\compiler\ti-cgt-armllvm_4.0.2.LTS\lib\armv6m-ti-none-eabi/c/libc.a
       memcpy16.S.obj                 154    0         0      
       copy_decompress_lzss.c.obj     124    0         0      
       autoinit.c.obj                 60     0         0      
       boot_cortex_m.c.obj            40     0         0      
       copy_decompress_none.c.obj     18     0         0      
       exit.c.obj                     6      0         0      
       pre_init.c.obj                 4      0         0      
    +--+------------------------------+------+---------+---------+
       Total:                         406    0         0      
                                                              
    C:\ti\ccs2010\ccs\tools\compiler\ti-cgt-armllvm_4.0.2.LTS\lib\armv6m-ti-none-eabi/c/libsysbm.a
       hostexit.c.obj                 4      0         0      
    +--+------------------------------+------+---------+---------+
       Total:                         4      0         0      
                                                              
    C:\ti\ccs2010\ccs\tools\compiler\ti-cgt-armllvm_4.0.2.LTS\lib\armv6m-ti-none-eabi/libclang_rt.builtins.a
       aeabi_memcpy.S.obj             8      0         0      
    +--+------------------------------+------+---------+---------+
       Total:                         8      0         0      
                                                              
       Stack:                         0      0         512    
       Linker Generated:              0      23        0      
    +--+------------------------------+------+---------+---------+
       Grand Total:                   3122   215       520    


LINKER GENERATED COPY TABLES

__TI_cinit_table @ 00000d08 records: 1, size/record: 8, table size: 8
	.data: load addr=00000d00, load size=00000007 bytes, run addr=20200000, run size=00000008 bytes, compression=lzss


LINKER GENERATED HANDLER TABLE

__TI_handler_table @ 00000cf8 records: 2, size/record: 4, table size: 8
	index: 0, handler: __TI_decompress_lzss
	index: 1, handler: __TI_decompress_none


GLOBAL SYMBOLS: SORTED ALPHABETICALLY BY Name 

address   name                          
-------   ----                          
00000b53  ADC0_IRQHandler               
00000b53  ADC1_IRQHandler               
00000b53  AES_IRQHandler                
00000ce6  C$$EXIT                       
00000b53  CANFD0_IRQHandler             
00000b53  DAC0_IRQHandler               
00000ccf  DL_Common_delayCycles         
00000b53  DMA_IRQHandler                
00000b53  Default_Handler               
00000b53  GROUP0_IRQHandler             
00000b53  GROUP1_IRQHandler             
00000ce7  HOSTexit                      
00000b53  HardFault_Handler             
00000b53  I2C0_IRQHandler               
00000b53  I2C1_IRQHandler               
00000b53  NMI_Handler                   
00000951  Normal_mode                   
20200002  OE_PWM_brightness             
20200003  OE_PWM_counter                
20200004  OE_PWM_enabled                
00000b53  PendSV_Handler                
00000b53  RTC_IRQHandler                
00000ceb  Reset_Handler                 
00000b53  SPI0_IRQHandler               
00000b53  SPI1_IRQHandler               
00000b53  SVC_Handler                   
00000c3d  SYSCFG_DL_GPIO_init           
00000c0d  SYSCFG_DL_SYSCTL_init         
00000cbf  SYSCFG_DL_init                
00000c8d  SYSCFG_DL_initPower           
000007e1  Special_mode                  
00000b53  SysTick_Handler               
00000b53  TIMA0_IRQHandler              
00000b53  TIMA1_IRQHandler              
00000b53  TIMG0_IRQHandler              
00000b53  TIMG12_IRQHandler             
00000b53  TIMG6_IRQHandler              
00000b53  TIMG7_IRQHandler              
00000b53  TIMG8_IRQHandler              
00000b53  UART0_IRQHandler              
00000b53  UART1_IRQHandler              
00000b53  UART2_IRQHandler              
00000b53  UART3_IRQHandler              
20208000  __STACK_END                   
00000200  __STACK_SIZE                  
00000000  __TI_ATRegion0_region_sz      
00000000  __TI_ATRegion0_src_addr       
00000000  __TI_ATRegion0_trg_addr       
00000000  __TI_ATRegion1_region_sz      
00000000  __TI_ATRegion1_src_addr       
00000000  __TI_ATRegion1_trg_addr       
00000000  __TI_ATRegion2_region_sz      
00000000  __TI_ATRegion2_src_addr       
00000000  __TI_ATRegion2_trg_addr       
00000d08  __TI_CINIT_Base               
00000d10  __TI_CINIT_Limit              
00000d10  __TI_CINIT_Warm               
00000cf8  __TI_Handler_Table_Base       
00000d00  __TI_Handler_Table_Limit      
00000bd1  __TI_auto_init_nobinit_nopinit
00000b55  __TI_decompress_lzss          
00000cad  __TI_decompress_none          
ffffffff  __TI_pprof_out_hndl           
ffffffff  __TI_prof_data_size           
ffffffff  __TI_prof_data_start          
00000000  __TI_static_base__            
00000cd9  __aeabi_memcpy                
00000cd9  __aeabi_memcpy4               
00000cd9  __aeabi_memcpy8               
ffffffff  __binit__                     
UNDEFED   __mpu_init                    
20207e00  __stack                       
20200000  __start___llvm_prf_bits       
20200000  __start___llvm_prf_cnts       
20200000  __stop___llvm_prf_bits        
20200000  __stop___llvm_prf_cnts        
00000c65  _c_int00_noargs               
UNDEFED   _system_post_cinit            
00000cef  _system_pre_init              
00000ce1  abort                         
ffffffff  binit                         
00000000  interruptVectors              
000000c1  main                          
00000ab9  memcpy                        
000005cd  sendWord_SpecialMode          


GLOBAL SYMBOLS: SORTED BY Symbol Address 

address   name                          
-------   ----                          
00000000  __TI_ATRegion0_region_sz      
00000000  __TI_ATRegion0_src_addr       
00000000  __TI_ATRegion0_trg_addr       
00000000  __TI_ATRegion1_region_sz      
00000000  __TI_ATRegion1_src_addr       
00000000  __TI_ATRegion1_trg_addr       
00000000  __TI_ATRegion2_region_sz      
00000000  __TI_ATRegion2_src_addr       
00000000  __TI_ATRegion2_trg_addr       
00000000  __TI_static_base__            
00000000  interruptVectors              
000000c1  main                          
00000200  __STACK_SIZE                  
000005cd  sendWord_SpecialMode          
000007e1  Special_mode                  
00000951  Normal_mode                   
00000ab9  memcpy                        
00000b53  ADC0_IRQHandler               
00000b53  ADC1_IRQHandler               
00000b53  AES_IRQHandler                
00000b53  CANFD0_IRQHandler             
00000b53  DAC0_IRQHandler               
00000b53  DMA_IRQHandler                
00000b53  Default_Handler               
00000b53  GROUP0_IRQHandler             
00000b53  GROUP1_IRQHandler             
00000b53  HardFault_Handler             
00000b53  I2C0_IRQHandler               
00000b53  I2C1_IRQHandler               
00000b53  NMI_Handler                   
00000b53  PendSV_Handler                
00000b53  RTC_IRQHandler                
00000b53  SPI0_IRQHandler               
00000b53  SPI1_IRQHandler               
00000b53  SVC_Handler                   
00000b53  SysTick_Handler               
00000b53  TIMA0_IRQHandler              
00000b53  TIMA1_IRQHandler              
00000b53  TIMG0_IRQHandler              
00000b53  TIMG12_IRQHandler             
00000b53  TIMG6_IRQHandler              
00000b53  TIMG7_IRQHandler              
00000b53  TIMG8_IRQHandler              
00000b53  UART0_IRQHandler              
00000b53  UART1_IRQHandler              
00000b53  UART2_IRQHandler              
00000b53  UART3_IRQHandler              
00000b55  __TI_decompress_lzss          
00000bd1  __TI_auto_init_nobinit_nopinit
00000c0d  SYSCFG_DL_SYSCTL_init         
00000c3d  SYSCFG_DL_GPIO_init           
00000c65  _c_int00_noargs               
00000c8d  SYSCFG_DL_initPower           
00000cad  __TI_decompress_none          
00000cbf  SYSCFG_DL_init                
00000ccf  DL_Common_delayCycles         
00000cd9  __aeabi_memcpy                
00000cd9  __aeabi_memcpy4               
00000cd9  __aeabi_memcpy8               
00000ce1  abort                         
00000ce6  C$$EXIT                       
00000ce7  HOSTexit                      
00000ceb  Reset_Handler                 
00000cef  _system_pre_init              
00000cf8  __TI_Handler_Table_Base       
00000d00  __TI_Handler_Table_Limit      
00000d08  __TI_CINIT_Base               
00000d10  __TI_CINIT_Limit              
00000d10  __TI_CINIT_Warm               
20200000  __start___llvm_prf_bits       
20200000  __start___llvm_prf_cnts       
20200000  __stop___llvm_prf_bits        
20200000  __stop___llvm_prf_cnts        
20200002  OE_PWM_brightness             
20200003  OE_PWM_counter                
20200004  OE_PWM_enabled                
20207e00  __stack                       
20208000  __STACK_END                   
ffffffff  __TI_pprof_out_hndl           
ffffffff  __TI_prof_data_size           
ffffffff  __TI_prof_data_start          
ffffffff  __binit__                     
ffffffff  binit                         
UNDEFED   __mpu_init                    
UNDEFED   _system_post_cinit            

[85 symbols]
