******************************************************************************
            TI ARM Clang Linker PC v4.0.2                      
******************************************************************************
>> Linked Sun Jul 27 17:44:53 2025

OUTPUT FILE NAME:   <TLC5926_LED_Driver.out>
ENTRY POINT SYMBOL: "_c_int00_noargs"  address: 00001dd9


MEMORY CONFIGURATION

         name            origin    length      used     unused   attr    fill
----------------------  --------  ---------  --------  --------  ----  --------
  FLASH                 00000000   00020000  00001ee8  0001e118  R  X
  SRAM                  20200000   00008000  000002bc  00007d44  RW X
  BCR_CONFIG            41c00000   000000ff  00000000  000000ff  R   
  BSL_CONFIG            41c00100   00000080  00000000  00000080  R   


SEGMENT ALLOCATION MAP

run origin  load origin   length   init length attrs members
----------  ----------- ---------- ----------- ----- -------
00000000    00000000    00001ee8   00001ee8    r-x
  00000000    00000000    000000c0   000000c0    r-- .intvecs
  000000c0    000000c0    00001e00   00001e00    r-x .text
  00001ec0    00001ec0    00000010   00000010    r-- .rodata
  00001ed0    00001ed0    00000018   00000018    r-- .cinit
20200000    20200000    000000bc   00000000    rw-
  20200000    20200000    000000bc   00000000    rw- .bss
20207e00    20207e00    00000200   00000000    rw-
  20207e00    20207e00    00000200   00000000    rw- .stack


SECTION ALLOCATION MAP

 output                                  attributes/
section   page    origin      length       input sections
--------  ----  ----------  ----------   ----------------
.intvecs   0    00000000    000000c0     
                  00000000    000000c0     startup_mspm0g350x_ticlang.o (.intvecs)

.text      0    000000c0    00001e00     
                  000000c0    00001acc     LED_Driver.o (.text.main)
                  00001b8c    00000104     driverlib.a : dl_timer.o (.text.DL_Timer_initFourCCPWMMode)
                  00001c90    00000078     ti_msp_dl_config.o (.text.SYSCFG_DL_PWM_1_init)
                  00001d08    0000003c     libc.a : autoinit.c.obj (.text:__TI_auto_init_nobinit_nopinit)
                  00001d44    00000038     ti_msp_dl_config.o (.text.SYSCFG_DL_GPIO_init)
                  00001d7c    00000030     ti_msp_dl_config.o (.text.SYSCFG_DL_SYSCTL_init)
                  00001dac    0000002c     ti_msp_dl_config.o (.text.SYSCFG_DL_initPower)
                  00001dd8    00000028     libc.a : boot_cortex_m.c.obj (.text:_c_int00_noargs)
                  00001e00    00000020     ti_msp_dl_config.o (.text.SYSCFG_DL_init)
                  00001e20    0000001c     driverlib.a : dl_timer.o (.text.DL_Timer_setCaptCompUpdateMethod)
                  00001e3c    0000001c                 : dl_timer.o (.text.DL_Timer_setClockConfig)
                  00001e58    00000018                 : dl_timer.o (.text.DL_Timer_setCaptureCompareOutCtl)
                  00001e70    00000016     libc.a : copy_zero_init.c.obj (.text:decompress:ZI:__TI_zero_init_nomemset)
                  00001e86    00000002     startup_mspm0g350x_ticlang.o (.text.Default_Handler)
                  00001e88    00000010     driverlib.a : dl_timer.o (.text.DL_Timer_setCaptureCompareValue)
                  00001e98    0000000c     LED_Driver.o (.text.TIMA1_IRQHandler)
                  00001ea4    0000000a     driverlib.a : dl_common.o (.text.DL_Common_delayCycles)
                  00001eae    00000006     libc.a : exit.c.obj (.text:abort)
                  00001eb4    00000004     libsysbm.a : hostexit.c.obj (.text.HOSTexit)
                  00001eb8    00000004     startup_mspm0g350x_ticlang.o (.text.Reset_Handler)
                  00001ebc    00000004     libc.a : pre_init.c.obj (.text._system_pre_init)

.cinit     0    00001ed0    00000018     
                  00001ed0    00000008     (.cinit..bss.load) [load image, compression = zero_init]
                  00001ed8    00000004     (__TI_handler_table)
                  00001edc    00000008     (__TI_cinit_table)
                  00001ee4    00000004     --HOLE-- [fill = 0]

.rodata    0    00001ec0    00000010     
                  00001ec0    00000008     ti_msp_dl_config.o (.rodata.gPWM_1Config)
                  00001ec8    00000003     ti_msp_dl_config.o (.rodata.gPWM_1ClockConfig)
                  00001ecb    00000005     --HOLE-- [fill = 0]

.init_array 
*          0    00000000    00000000     UNINITIALIZED

.binit     0    00000000    00000000     

.bss       0    20200000    000000bc     UNINITIALIZED
                  20200000    000000bc     (.common:gPWM_1Backup)

.stack     0    20207e00    00000200     UNINITIALIZED
                  20207e00    00000004     libc.a : boot_cortex_m.c.obj (.stack)
                  20207e04    000001fc     --HOLE--

__llvm_prf_cnts 
*          0    20200000    00000000     UNINITIALIZED

__llvm_prf_bits 
*          0    20200000    00000000     UNINITIALIZED

MODULE SUMMARY

       Module                         code   ro data   rw data
       ------                         ----   -------   -------
    .\
       LED_Driver.o                   6872   0         0      
       ti_msp_dl_config.o             300    11        188    
       startup_mspm0g350x_ticlang.o   6      192       0      
    +--+------------------------------+------+---------+---------+
       Total:                         7178   203       188    
                                                              
    C:/ti/mspm0_sdk_2_04_00_06/source/ti/driverlib/lib/ticlang/m0p/mspm0g1x0x_g3x0x/driverlib.a
       dl_timer.o                     356    0         0      
       dl_common.o                    10     0         0      
    +--+------------------------------+------+---------+---------+
       Total:                         366    0         0      
                                                              
    C:\ti\ccs2010\ccs\tools\compiler\ti-cgt-armllvm_4.0.2.LTS\lib\armv6m-ti-none-eabi/c/libc.a
       autoinit.c.obj                 60     0         0      
       boot_cortex_m.c.obj            40     0         0      
       copy_zero_init.c.obj           22     0         0      
       exit.c.obj                     6      0         0      
       pre_init.c.obj                 4      0         0      
    +--+------------------------------+------+---------+---------+
       Total:                         132    0         0      
                                                              
    C:\ti\ccs2010\ccs\tools\compiler\ti-cgt-armllvm_4.0.2.LTS\lib\armv6m-ti-none-eabi/c/libsysbm.a
       hostexit.c.obj                 4      0         0      
    +--+------------------------------+------+---------+---------+
       Total:                         4      0         0      
                                                              
       Stack:                         0      0         512    
       Linker Generated:              0      20        0      
    +--+------------------------------+------+---------+---------+
       Grand Total:                   7680   223       700    


LINKER GENERATED COPY TABLES

__TI_cinit_table @ 00001edc records: 1, size/record: 8, table size: 8
	.bss: load addr=00001ed0, load size=00000008 bytes, run addr=20200000, run size=000000bc bytes, compression=zero_init


LINKER GENERATED HANDLER TABLE

__TI_handler_table @ 00001ed8 records: 1, size/record: 4, table size: 4
	index: 0, handler: __TI_zero_init


GLOBAL SYMBOLS: SORTED ALPHABETICALLY BY Name 

address   name                            
-------   ----                            
00001e87  ADC0_IRQHandler                 
00001e87  ADC1_IRQHandler                 
00001e87  AES_IRQHandler                  
00001eb4  C$$EXIT                         
00001e87  CANFD0_IRQHandler               
00001e87  DAC0_IRQHandler                 
00001ea5  DL_Common_delayCycles           
00001b8d  DL_Timer_initFourCCPWMMode      
00001e21  DL_Timer_setCaptCompUpdateMethod
00001e59  DL_Timer_setCaptureCompareOutCtl
00001e89  DL_Timer_setCaptureCompareValue 
00001e3d  DL_Timer_setClockConfig         
00001e87  DMA_IRQHandler                  
00001e87  Default_Handler                 
00001e87  GROUP0_IRQHandler               
00001e87  GROUP1_IRQHandler               
00001eb5  HOSTexit                        
00001e87  HardFault_Handler               
00001e87  I2C0_IRQHandler                 
00001e87  I2C1_IRQHandler                 
00001e87  NMI_Handler                     
00001e87  PendSV_Handler                  
00001e87  RTC_IRQHandler                  
00001eb9  Reset_Handler                   
00001e87  SPI0_IRQHandler                 
00001e87  SPI1_IRQHandler                 
00001e87  SVC_Handler                     
00001d45  SYSCFG_DL_GPIO_init             
00001c91  SYSCFG_DL_PWM_1_init            
00001d7d  SYSCFG_DL_SYSCTL_init           
00001e01  SYSCFG_DL_init                  
00001dad  SYSCFG_DL_initPower             
00001e87  SysTick_Handler                 
00001e87  TIMA0_IRQHandler                
00001e99  TIMA1_IRQHandler                
00001e87  TIMG0_IRQHandler                
00001e87  TIMG12_IRQHandler               
00001e87  TIMG6_IRQHandler                
00001e87  TIMG7_IRQHandler                
00001e87  TIMG8_IRQHandler                
00001e87  UART0_IRQHandler                
00001e87  UART1_IRQHandler                
00001e87  UART2_IRQHandler                
00001e87  UART3_IRQHandler                
20208000  __STACK_END                     
00000200  __STACK_SIZE                    
00000000  __TI_ATRegion0_region_sz        
00000000  __TI_ATRegion0_src_addr         
00000000  __TI_ATRegion0_trg_addr         
00000000  __TI_ATRegion1_region_sz        
00000000  __TI_ATRegion1_src_addr         
00000000  __TI_ATRegion1_trg_addr         
00000000  __TI_ATRegion2_region_sz        
00000000  __TI_ATRegion2_src_addr         
00000000  __TI_ATRegion2_trg_addr         
00001edc  __TI_CINIT_Base                 
00001ee4  __TI_CINIT_Limit                
00001ee4  __TI_CINIT_Warm                 
00001ed8  __TI_Handler_Table_Base         
00001edc  __TI_Handler_Table_Limit        
00001d09  __TI_auto_init_nobinit_nopinit  
ffffffff  __TI_pprof_out_hndl             
ffffffff  __TI_prof_data_size             
ffffffff  __TI_prof_data_start            
00000000  __TI_static_base__              
00001e71  __TI_zero_init_nomemset         
ffffffff  __binit__                       
UNDEFED   __mpu_init                      
20207e00  __stack                         
20200000  __start___llvm_prf_bits         
20200000  __start___llvm_prf_cnts         
20200000  __stop___llvm_prf_bits          
20200000  __stop___llvm_prf_cnts          
00001dd9  _c_int00_noargs                 
UNDEFED   _system_post_cinit              
00001ebd  _system_pre_init                
00001eaf  abort                           
ffffffff  binit                           
20200000  gPWM_1Backup                    
00000000  interruptVectors                
000000c1  main                            


GLOBAL SYMBOLS: SORTED BY Symbol Address 

address   name                            
-------   ----                            
00000000  __TI_ATRegion0_region_sz        
00000000  __TI_ATRegion0_src_addr         
00000000  __TI_ATRegion0_trg_addr         
00000000  __TI_ATRegion1_region_sz        
00000000  __TI_ATRegion1_src_addr         
00000000  __TI_ATRegion1_trg_addr         
00000000  __TI_ATRegion2_region_sz        
00000000  __TI_ATRegion2_src_addr         
00000000  __TI_ATRegion2_trg_addr         
00000000  __TI_static_base__              
00000000  interruptVectors                
000000c1  main                            
00000200  __STACK_SIZE                    
00001b8d  DL_Timer_initFourCCPWMMode      
00001c91  SYSCFG_DL_PWM_1_init            
00001d09  __TI_auto_init_nobinit_nopinit  
00001d45  SYSCFG_DL_GPIO_init             
00001d7d  SYSCFG_DL_SYSCTL_init           
00001dad  SYSCFG_DL_initPower             
00001dd9  _c_int00_noargs                 
00001e01  SYSCFG_DL_init                  
00001e21  DL_Timer_setCaptCompUpdateMethod
00001e3d  DL_Timer_setClockConfig         
00001e59  DL_Timer_setCaptureCompareOutCtl
00001e71  __TI_zero_init_nomemset         
00001e87  ADC0_IRQHandler                 
00001e87  ADC1_IRQHandler                 
00001e87  AES_IRQHandler                  
00001e87  CANFD0_IRQHandler               
00001e87  DAC0_IRQHandler                 
00001e87  DMA_IRQHandler                  
00001e87  Default_Handler                 
00001e87  GROUP0_IRQHandler               
00001e87  GROUP1_IRQHandler               
00001e87  HardFault_Handler               
00001e87  I2C0_IRQHandler                 
00001e87  I2C1_IRQHandler                 
00001e87  NMI_Handler                     
00001e87  PendSV_Handler                  
00001e87  RTC_IRQHandler                  
00001e87  SPI0_IRQHandler                 
00001e87  SPI1_IRQHandler                 
00001e87  SVC_Handler                     
00001e87  SysTick_Handler                 
00001e87  TIMA0_IRQHandler                
00001e87  TIMG0_IRQHandler                
00001e87  TIMG12_IRQHandler               
00001e87  TIMG6_IRQHandler                
00001e87  TIMG7_IRQHandler                
00001e87  TIMG8_IRQHandler                
00001e87  UART0_IRQHandler                
00001e87  UART1_IRQHandler                
00001e87  UART2_IRQHandler                
00001e87  UART3_IRQHandler                
00001e89  DL_Timer_setCaptureCompareValue 
00001e99  TIMA1_IRQHandler                
00001ea5  DL_Common_delayCycles           
00001eaf  abort                           
00001eb4  C$$EXIT                         
00001eb5  HOSTexit                        
00001eb9  Reset_Handler                   
00001ebd  _system_pre_init                
00001ed8  __TI_Handler_Table_Base         
00001edc  __TI_CINIT_Base                 
00001edc  __TI_Handler_Table_Limit        
00001ee4  __TI_CINIT_Limit                
00001ee4  __TI_CINIT_Warm                 
20200000  __start___llvm_prf_bits         
20200000  __start___llvm_prf_cnts         
20200000  __stop___llvm_prf_bits          
20200000  __stop___llvm_prf_cnts          
20200000  gPWM_1Backup                    
20207e00  __stack                         
20208000  __STACK_END                     
ffffffff  __TI_pprof_out_hndl             
ffffffff  __TI_prof_data_size             
ffffffff  __TI_prof_data_start            
ffffffff  __binit__                       
ffffffff  binit                           
UNDEFED   __mpu_init                      
UNDEFED   _system_post_cinit              

[81 symbols]
