******************************************************************************
            TI ARM Clang Linker PC v4.0.2                      
******************************************************************************
>> Linked Sun May 18 13:49:06 2025

OUTPUT FILE NAME:   <TLC5926_LED_Driver.out>
ENTRY POINT SYMBOL: "_c_int00_noargs"  address: 00000b41


MEMORY CONFIGURATION

         name            origin    length      used     unused   attr    fill
----------------------  --------  ---------  --------  --------  ----  --------
  FLASH                 00000000   00020000  00000c40  0001f3c0  R  X
  SRAM                  20200000   00008000  00000378  00007c88  RW X
  BCR_CONFIG            41c00000   000000ff  00000000  000000ff  R   
  BSL_CONFIG            41c00100   00000080  00000000  00000080  R   


SEGMENT ALLOCATION MAP

run origin  load origin   length   init length attrs members
----------  ----------- ---------- ----------- ----- -------
00000000    00000000    00000c40   00000c40    r-x
  00000000    00000000    000000c0   000000c0    r-- .intvecs
  000000c0    000000c0    00000b40   00000b40    r-x .text
  00000c00    00000c00    00000028   00000028    r-- .rodata
  00000c28    00000c28    00000018   00000018    r-- .cinit
20200000    20200000    00000178   00000000    rw-
  20200000    20200000    00000178   00000000    rw- .bss
20207e00    20207e00    00000200   00000000    rw-
  20207e00    20207e00    00000200   00000000    rw- .stack


SECTION ALLOCATION MAP

 output                                  attributes/
section   page    origin      length       input sections
--------  ----  ----------  ----------   ----------------
.intvecs   0    00000000    000000c0     
                  00000000    000000c0     startup_mspm0g350x_ticlang.o (.intvecs)

.text      0    000000c0    00000b40     
                  000000c0    00000430     LED_Driver.o (.text.main)
                  000004f0    00000158     LED_Driver.o (.text.Special_mode)
                  00000648    00000150     LED_Driver.o (.text.Normal_mode)
                  00000798    00000104     driverlib.a : dl_timer.o (.text.DL_Timer_initFourCCPWMMode)
                  0000089c    000000e8                 : dl_timer.o (.text.DL_Timer_initTimerMode)
                  00000984    00000078     ti_msp_dl_config.o (.text.SYSCFG_DL_PWM_1_init)
                  000009fc    00000044     ti_msp_dl_config.o (.text.SYSCFG_DL_TIMER_0_init)
                  00000a40    0000003c     libc.a : autoinit.c.obj (.text:__TI_auto_init_nobinit_nopinit)
                  00000a7c    00000034     ti_msp_dl_config.o (.text.SYSCFG_DL_GPIO_init)
                  00000ab0    00000034     ti_msp_dl_config.o (.text.SYSCFG_DL_initPower)
                  00000ae4    00000030     ti_msp_dl_config.o (.text.SYSCFG_DL_SYSCTL_init)
                  00000b14    0000002c     ti_msp_dl_config.o (.text.SYSCFG_DL_init)
                  00000b40    00000028     libc.a : boot_cortex_m.c.obj (.text:_c_int00_noargs)
                  00000b68    0000001c     driverlib.a : dl_timer.o (.text.DL_Timer_setCaptCompUpdateMethod)
                  00000b84    0000001c                 : dl_timer.o (.text.DL_Timer_setClockConfig)
                  00000ba0    00000018                 : dl_timer.o (.text.DL_Timer_setCaptureCompareOutCtl)
                  00000bb8    00000016     libc.a : copy_zero_init.c.obj (.text:decompress:ZI:__TI_zero_init_nomemset)
                  00000bce    00000002     startup_mspm0g350x_ticlang.o (.text.Default_Handler)
                  00000bd0    00000010     driverlib.a : dl_timer.o (.text.DL_Timer_setCaptureCompareValue)
                  00000be0    0000000a                 : dl_common.o (.text.DL_Common_delayCycles)
                  00000bea    00000006     libc.a : exit.c.obj (.text:abort)
                  00000bf0    00000004     libsysbm.a : hostexit.c.obj (.text.HOSTexit)
                  00000bf4    00000004     startup_mspm0g350x_ticlang.o (.text.Reset_Handler)
                  00000bf8    00000004     libc.a : pre_init.c.obj (.text._system_pre_init)
                  00000bfc    00000004     --HOLE-- [fill = 0]

.cinit     0    00000c28    00000018     
                  00000c28    00000008     (.cinit..bss.load) [load image, compression = zero_init]
                  00000c30    00000004     (__TI_handler_table)
                  00000c34    00000008     (__TI_cinit_table)
                  00000c3c    00000004     --HOLE-- [fill = 0]

.rodata    0    00000c00    00000028     
                  00000c00    00000014     ti_msp_dl_config.o (.rodata.gTIMER_0TimerConfig)
                  00000c14    00000008     ti_msp_dl_config.o (.rodata.gPWM_1Config)
                  00000c1c    00000003     ti_msp_dl_config.o (.rodata.gPWM_1ClockConfig)
                  00000c1f    00000003     ti_msp_dl_config.o (.rodata.gTIMER_0ClockConfig)
                  00000c22    00000006     --HOLE-- [fill = 0]

.init_array 
*          0    00000000    00000000     UNINITIALIZED

.binit     0    00000000    00000000     

.bss       0    20200000    00000178     UNINITIALIZED
                  20200000    000000bc     (.common:gPWM_1Backup)
                  202000bc    000000bc     (.common:gTIMER_0Backup)

.stack     0    20207e00    00000200     UNINITIALIZED
                  20207e00    00000004     libc.a : boot_cortex_m.c.obj (.stack)
                  20207e04    000001fc     --HOLE--

__llvm_prf_cnts 
*          0    20200000    00000000     UNINITIALIZED

__llvm_prf_bits 
*          0    20200000    00000000     UNINITIALIZED

MODULE SUMMARY

       Module                         code   ro data   rw data
       ------                         ----   -------   -------
    .\
       LED_Driver.o                   1752   0         0      
       ti_msp_dl_config.o             384    34        376    
       startup_mspm0g350x_ticlang.o   6      192       0      
    +--+------------------------------+------+---------+---------+
       Total:                         2142   226       376    
                                                              
    C:/ti/mspm0_sdk_2_04_00_06/source/ti/driverlib/lib/ticlang/m0p/mspm0g1x0x_g3x0x/driverlib.a
       dl_timer.o                     588    0         0      
       dl_common.o                    10     0         0      
    +--+------------------------------+------+---------+---------+
       Total:                         598    0         0      
                                                              
    C:\ti\ccs2010\ccs\tools\compiler\ti-cgt-armllvm_4.0.2.LTS\lib\armv6m-ti-none-eabi/c/libc.a
       autoinit.c.obj                 60     0         0      
       boot_cortex_m.c.obj            40     0         0      
       copy_zero_init.c.obj           22     0         0      
       exit.c.obj                     6      0         0      
       pre_init.c.obj                 4      0         0      
    +--+------------------------------+------+---------+---------+
       Total:                         132    0         0      
                                                              
    C:\ti\ccs2010\ccs\tools\compiler\ti-cgt-armllvm_4.0.2.LTS\lib\armv6m-ti-none-eabi/c/libsysbm.a
       hostexit.c.obj                 4      0         0      
    +--+------------------------------+------+---------+---------+
       Total:                         4      0         0      
                                                              
       Stack:                         0      0         512    
       Linker Generated:              0      20        0      
    +--+------------------------------+------+---------+---------+
       Grand Total:                   2876   246       888    


LINKER GENERATED COPY TABLES

__TI_cinit_table @ 00000c34 records: 1, size/record: 8, table size: 8
	.bss: load addr=00000c28, load size=00000008 bytes, run addr=20200000, run size=00000178 bytes, compression=zero_init


LINKER GENERATED HANDLER TABLE

__TI_handler_table @ 00000c30 records: 1, size/record: 4, table size: 4
	index: 0, handler: __TI_zero_init


GLOBAL SYMBOLS: SORTED ALPHABETICALLY BY Name 

address   name                            
-------   ----                            
00000bcf  ADC0_IRQHandler                 
00000bcf  ADC1_IRQHandler                 
00000bcf  AES_IRQHandler                  
00000bf0  C$$EXIT                         
00000bcf  CANFD0_IRQHandler               
00000bcf  DAC0_IRQHandler                 
00000be1  DL_Common_delayCycles           
00000799  DL_Timer_initFourCCPWMMode      
0000089d  DL_Timer_initTimerMode          
00000b69  DL_Timer_setCaptCompUpdateMethod
00000ba1  DL_Timer_setCaptureCompareOutCtl
00000bd1  DL_Timer_setCaptureCompareValue 
00000b85  DL_Timer_setClockConfig         
00000bcf  DMA_IRQHandler                  
00000bcf  Default_Handler                 
00000bcf  GROUP0_IRQHandler               
00000bcf  GROUP1_IRQHandler               
00000bf1  HOSTexit                        
00000bcf  HardFault_Handler               
00000bcf  I2C0_IRQHandler                 
00000bcf  I2C1_IRQHandler                 
00000bcf  NMI_Handler                     
00000649  Normal_mode                     
00000bcf  PendSV_Handler                  
00000bcf  RTC_IRQHandler                  
00000bf5  Reset_Handler                   
00000bcf  SPI0_IRQHandler                 
00000bcf  SPI1_IRQHandler                 
00000bcf  SVC_Handler                     
00000a7d  SYSCFG_DL_GPIO_init             
00000985  SYSCFG_DL_PWM_1_init            
00000ae5  SYSCFG_DL_SYSCTL_init           
000009fd  SYSCFG_DL_TIMER_0_init          
00000b15  SYSCFG_DL_init                  
00000ab1  SYSCFG_DL_initPower             
000004f1  Special_mode                    
00000bcf  SysTick_Handler                 
00000bcf  TIMA0_IRQHandler                
00000bcf  TIMA1_IRQHandler                
00000bcf  TIMG0_IRQHandler                
00000bcf  TIMG12_IRQHandler               
00000bcf  TIMG6_IRQHandler                
00000bcf  TIMG7_IRQHandler                
00000bcf  TIMG8_IRQHandler                
00000bcf  UART0_IRQHandler                
00000bcf  UART1_IRQHandler                
00000bcf  UART2_IRQHandler                
00000bcf  UART3_IRQHandler                
20208000  __STACK_END                     
00000200  __STACK_SIZE                    
00000000  __TI_ATRegion0_region_sz        
00000000  __TI_ATRegion0_src_addr         
00000000  __TI_ATRegion0_trg_addr         
00000000  __TI_ATRegion1_region_sz        
00000000  __TI_ATRegion1_src_addr         
00000000  __TI_ATRegion1_trg_addr         
00000000  __TI_ATRegion2_region_sz        
00000000  __TI_ATRegion2_src_addr         
00000000  __TI_ATRegion2_trg_addr         
00000c34  __TI_CINIT_Base                 
00000c3c  __TI_CINIT_Limit                
00000c3c  __TI_CINIT_Warm                 
00000c30  __TI_Handler_Table_Base         
00000c34  __TI_Handler_Table_Limit        
00000a41  __TI_auto_init_nobinit_nopinit  
ffffffff  __TI_pprof_out_hndl             
ffffffff  __TI_prof_data_size             
ffffffff  __TI_prof_data_start            
00000000  __TI_static_base__              
00000bb9  __TI_zero_init_nomemset         
ffffffff  __binit__                       
UNDEFED   __mpu_init                      
20207e00  __stack                         
20200000  __start___llvm_prf_bits         
20200000  __start___llvm_prf_cnts         
20200000  __stop___llvm_prf_bits          
20200000  __stop___llvm_prf_cnts          
00000b41  _c_int00_noargs                 
UNDEFED   _system_post_cinit              
00000bf9  _system_pre_init                
00000beb  abort                           
ffffffff  binit                           
20200000  gPWM_1Backup                    
202000bc  gTIMER_0Backup                  
00000000  interruptVectors                
000000c1  main                            


GLOBAL SYMBOLS: SORTED BY Symbol Address 

address   name                            
-------   ----                            
00000000  __TI_ATRegion0_region_sz        
00000000  __TI_ATRegion0_src_addr         
00000000  __TI_ATRegion0_trg_addr         
00000000  __TI_ATRegion1_region_sz        
00000000  __TI_ATRegion1_src_addr         
00000000  __TI_ATRegion1_trg_addr         
00000000  __TI_ATRegion2_region_sz        
00000000  __TI_ATRegion2_src_addr         
00000000  __TI_ATRegion2_trg_addr         
00000000  __TI_static_base__              
00000000  interruptVectors                
000000c1  main                            
00000200  __STACK_SIZE                    
000004f1  Special_mode                    
00000649  Normal_mode                     
00000799  DL_Timer_initFourCCPWMMode      
0000089d  DL_Timer_initTimerMode          
00000985  SYSCFG_DL_PWM_1_init            
000009fd  SYSCFG_DL_TIMER_0_init          
00000a41  __TI_auto_init_nobinit_nopinit  
00000a7d  SYSCFG_DL_GPIO_init             
00000ab1  SYSCFG_DL_initPower             
00000ae5  SYSCFG_DL_SYSCTL_init           
00000b15  SYSCFG_DL_init                  
00000b41  _c_int00_noargs                 
00000b69  DL_Timer_setCaptCompUpdateMethod
00000b85  DL_Timer_setClockConfig         
00000ba1  DL_Timer_setCaptureCompareOutCtl
00000bb9  __TI_zero_init_nomemset         
00000bcf  ADC0_IRQHandler                 
00000bcf  ADC1_IRQHandler                 
00000bcf  AES_IRQHandler                  
00000bcf  CANFD0_IRQHandler               
00000bcf  DAC0_IRQHandler                 
00000bcf  DMA_IRQHandler                  
00000bcf  Default_Handler                 
00000bcf  GROUP0_IRQHandler               
00000bcf  GROUP1_IRQHandler               
00000bcf  HardFault_Handler               
00000bcf  I2C0_IRQHandler                 
00000bcf  I2C1_IRQHandler                 
00000bcf  NMI_Handler                     
00000bcf  PendSV_Handler                  
00000bcf  RTC_IRQHandler                  
00000bcf  SPI0_IRQHandler                 
00000bcf  SPI1_IRQHandler                 
00000bcf  SVC_Handler                     
00000bcf  SysTick_Handler                 
00000bcf  TIMA0_IRQHandler                
00000bcf  TIMA1_IRQHandler                
00000bcf  TIMG0_IRQHandler                
00000bcf  TIMG12_IRQHandler               
00000bcf  TIMG6_IRQHandler                
00000bcf  TIMG7_IRQHandler                
00000bcf  TIMG8_IRQHandler                
00000bcf  UART0_IRQHandler                
00000bcf  UART1_IRQHandler                
00000bcf  UART2_IRQHandler                
00000bcf  UART3_IRQHandler                
00000bd1  DL_Timer_setCaptureCompareValue 
00000be1  DL_Common_delayCycles           
00000beb  abort                           
00000bf0  C$$EXIT                         
00000bf1  HOSTexit                        
00000bf5  Reset_Handler                   
00000bf9  _system_pre_init                
00000c30  __TI_Handler_Table_Base         
00000c34  __TI_CINIT_Base                 
00000c34  __TI_Handler_Table_Limit        
00000c3c  __TI_CINIT_Limit                
00000c3c  __TI_CINIT_Warm                 
20200000  __start___llvm_prf_bits         
20200000  __start___llvm_prf_cnts         
20200000  __stop___llvm_prf_bits          
20200000  __stop___llvm_prf_cnts          
20200000  gPWM_1Backup                    
202000bc  gTIMER_0Backup                  
20207e00  __stack                         
20208000  __STACK_END                     
ffffffff  __TI_pprof_out_hndl             
ffffffff  __TI_prof_data_size             
ffffffff  __TI_prof_data_start            
ffffffff  __binit__                       
ffffffff  binit                           
UNDEFED   __mpu_init                      
UNDEFED   _system_post_cinit              

[86 symbols]
