******************************************************************************
            TI ARM Clang Linker PC v4.0.2                      
******************************************************************************
>> Linked Thu May  1 13:48:10 2025

OUTPUT FILE NAME:   <CAN_BUS.out>
ENTRY POINT SYMBOL: "_c_int00_noargs"  address: 00000a9d


MEMORY CONFIGURATION

         name            origin    length      used     unused   attr    fill
----------------------  --------  ---------  --------  --------  ----  --------
  FLASH                 00000000   00020000  00000d30  0001f2d0  R  X
  SRAM                  20200000   00008000  00000201  00007dff  RW X
  BCR_CONFIG            41c00000   000000ff  00000000  000000ff  R   
  BSL_CONFIG            41c00100   00000080  00000000  00000080  R   


SEGMENT ALLOCATION MAP

run origin  load origin   length   init length attrs members
----------  ----------- ---------- ----------- ----- -------
00000000    00000000    00000d30   00000d30    r-x
  00000000    00000000    000000c0   000000c0    r-- .intvecs
  000000c0    000000c0    00000ae8   00000ae8    r-x .text
  00000ba8    00000ba8    00000170   00000170    r-- .rodata
  00000d18    00000d18    00000018   00000018    r-- .cinit
20200000    20200000    00000001   00000000    rw-
  20200000    20200000    00000001   00000000    rw- .bss
20207e00    20207e00    00000200   00000000    rw-
  20207e00    20207e00    00000200   00000000    rw- .stack


SECTION ALLOCATION MAP

 output                                  attributes/
section   page    origin      length       input sections
--------  ----  ----------  ----------   ----------------
.intvecs   0    00000000    000000c0     
                  00000000    000000c0     startup_mspm0g350x_ticlang.o (.intvecs)

.text      0    000000c0    00000ae8     
                  000000c0    00000214     driverlib.a : dl_mcan.o (.text.DL_MCAN_msgRAMConfig)
                  000002d4    000000e4                 : dl_mcan.o (.text.DL_MCAN_config)
                  000003b8    000000e4                 : dl_mcan.o (.text.DL_MCAN_writeMsgRam)
                  0000049c    000000e0     CAN_BUS.o (.text.main)
                  0000057c    000000dc     driverlib.a : dl_mcan.o (.text.DL_MCAN_init)
                  00000658    000000dc                 : dl_sysctl_mspm0g1x0x_g3x0x.o (.text.DL_SYSCTL_configSYSPLL)
                  00000734    000000d8                 : dl_mcan.o (.text.DL_MCAN_setBitTime)
                  0000080c    000000d4     ti_msp_dl_config.o (.text.SYSCFG_DL_MCAN0_init)
                  000008e0    0000005c     driverlib.a : dl_mcan.o (.text.DL_MCAN_getProtocolStatus)
                  0000093c    0000004c     ti_msp_dl_config.o (.text.SYSCFG_DL_SYSCTL_init)
                  00000988    00000044     driverlib.a : dl_mcan.o (.text.DL_MCAN_getRevisionId)
                  000009cc    0000003c     libc.a : autoinit.c.obj (.text:__TI_auto_init_nobinit_nopinit)
                  00000a08    00000034     driverlib.a : dl_mcan.o (.text.DL_MCAN_TXBufAddReq)
                  00000a3c    00000034                 : dl_mcan.o (.text.DL_MCAN_setExtIDAndMask)
                  00000a70    0000002c     ti_msp_dl_config.o (.text.SYSCFG_DL_initPower)
                  00000a9c    00000028     libc.a : boot_cortex_m.c.obj (.text:_c_int00_noargs)
                  00000ac4    00000024     driverlib.a : dl_mcan.o (.text.DL_MCAN_setClockConfig)
                  00000ae8    00000024     ti_msp_dl_config.o (.text.SYSCFG_DL_SYSCTL_CLK_init)
                  00000b0c    00000018     driverlib.a : dl_mcan.o (.text.DL_MCAN_setOpMode)
                  00000b24    00000018     ti_msp_dl_config.o (.text.SYSCFG_DL_init)
                  00000b3c    00000016     libc.a : copy_zero_init.c.obj (.text:decompress:ZI:__TI_zero_init_nomemset)
                  00000b52    00000002     startup_mspm0g350x_ticlang.o (.text.Default_Handler)
                  00000b54    00000014     ti_msp_dl_config.o (.text.SYSCFG_DL_GPIO_init)
                  00000b68    00000010     driverlib.a : dl_mcan.o (.text.DL_MCAN_getOpMode)
                  00000b78    00000010                 : dl_mcan.o (.text.DL_MCAN_isMemInitDone)
                  00000b88    0000000a                 : dl_common.o (.text.DL_Common_delayCycles)
                  00000b92    00000006     libc.a : exit.c.obj (.text:abort)
                  00000b98    00000004     libsysbm.a : hostexit.c.obj (.text.HOSTexit)
                  00000b9c    00000004     startup_mspm0g350x_ticlang.o (.text.Reset_Handler)
                  00000ba0    00000004     libc.a : pre_init.c.obj (.text._system_pre_init)
                  00000ba4    00000004     --HOLE-- [fill = 0]

.cinit     0    00000d18    00000018     
                  00000d18    00000008     (.cinit..bss.load) [load image, compression = zero_init]
                  00000d20    00000004     (__TI_handler_table)
                  00000d24    00000008     (__TI_cinit_table)
                  00000d2c    00000004     --HOLE-- [fill = 0]

.rodata    0    00000ba8    00000170     
                  00000ba8    00000060     ti_msp_dl_config.o (.rodata.gMCAN0MsgRAMConfigParams)
                  00000c08    00000040     driverlib.a : dl_mcan.o (.rodata..L__const.DL_MCAN_getDataSize.dataSize)
                  00000c48    00000034     ti_msp_dl_config.o (.rodata.gMCAN0InitParams)
                  00000c7c    0000002c     ti_msp_dl_config.o (.rodata.gMCAN0ConfigParams)
                  00000ca8    00000028     ti_msp_dl_config.o (.rodata.gSYSPLLConfig)
                  00000cd0    00000020     driverlib.a : dl_mcan.o (.rodata.cst32)
                  00000cf0    00000020     ti_msp_dl_config.o (.rodata.gMCAN0BitTimes)
                  00000d10    00000004     ti_msp_dl_config.o (.rodata.gMCAN0ClockConf)
                  00000d14    00000004     --HOLE-- [fill = 0]

.init_array 
*          0    00000000    00000000     UNINITIALIZED

.binit     0    00000000    00000000     

.bss       0    20200000    00000001     UNINITIALIZED
                  20200000    00000001     (.common:error)

.stack     0    20207e00    00000200     UNINITIALIZED
                  20207e00    00000004     libc.a : boot_cortex_m.c.obj (.stack)
                  20207e04    000001fc     --HOLE--

__llvm_prf_cnts 
*          0    20200000    00000000     UNINITIALIZED

__llvm_prf_bits 
*          0    20200000    00000000     UNINITIALIZED

MODULE SUMMARY

       Module                         code   ro data   rw data
       ------                         ----   -------   -------
    .\
       ti_msp_dl_config.o             412    268       0      
       CAN_BUS.o                      224    0         1      
       startup_mspm0g350x_ticlang.o   6      192       0      
    +--+------------------------------+------+---------+---------+
       Total:                         642    460       1      
                                                              
    C:/ti/mspm0_sdk_2_04_00_06/source/ti/driverlib/lib/ticlang/m0p/mspm0g1x0x_g3x0x/driverlib.a
       dl_mcan.o                      1780   96        0      
       dl_sysctl_mspm0g1x0x_g3x0x.o   220    0         0      
       dl_common.o                    10     0         0      
    +--+------------------------------+------+---------+---------+
       Total:                         2010   96        0      
                                                              
    C:\ti\ccs2010\ccs\tools\compiler\ti-cgt-armllvm_4.0.2.LTS\lib\armv6m-ti-none-eabi/c/libc.a
       autoinit.c.obj                 60     0         0      
       boot_cortex_m.c.obj            40     0         0      
       copy_zero_init.c.obj           22     0         0      
       exit.c.obj                     6      0         0      
       pre_init.c.obj                 4      0         0      
    +--+------------------------------+------+---------+---------+
       Total:                         132    0         0      
                                                              
    C:\ti\ccs2010\ccs\tools\compiler\ti-cgt-armllvm_4.0.2.LTS\lib\armv6m-ti-none-eabi/c/libsysbm.a
       hostexit.c.obj                 4      0         0      
    +--+------------------------------+------+---------+---------+
       Total:                         4      0         0      
                                                              
       Stack:                         0      0         512    
       Linker Generated:              0      20        0      
    +--+------------------------------+------+---------+---------+
       Grand Total:                   2788   576       513    


LINKER GENERATED COPY TABLES

__TI_cinit_table @ 00000d24 records: 1, size/record: 8, table size: 8
	.bss: load addr=00000d18, load size=00000008 bytes, run addr=20200000, run size=00000001 bytes, compression=zero_init


LINKER GENERATED HANDLER TABLE

__TI_handler_table @ 00000d20 records: 1, size/record: 4, table size: 4
	index: 0, handler: __TI_zero_init


GLOBAL SYMBOLS: SORTED ALPHABETICALLY BY Name 

address   name                          
-------   ----                          
00000b53  ADC0_IRQHandler               
00000b53  ADC1_IRQHandler               
00000b53  AES_IRQHandler                
00000b98  C$$EXIT                       
00000b53  CANFD0_IRQHandler             
00000b53  DAC0_IRQHandler               
00000b89  DL_Common_delayCycles         
00000a09  DL_MCAN_TXBufAddReq           
000002d5  DL_MCAN_config                
00000b69  DL_MCAN_getOpMode             
000008e1  DL_MCAN_getProtocolStatus     
00000989  DL_MCAN_getRevisionId         
0000057d  DL_MCAN_init                  
00000b79  DL_MCAN_isMemInitDone         
000000c1  DL_MCAN_msgRAMConfig          
00000735  DL_MCAN_setBitTime            
00000ac5  DL_MCAN_setClockConfig        
00000a3d  DL_MCAN_setExtIDAndMask       
00000b0d  DL_MCAN_setOpMode             
000003b9  DL_MCAN_writeMsgRam           
00000659  DL_SYSCTL_configSYSPLL        
00000b53  DMA_IRQHandler                
00000b53  Default_Handler               
00000b53  GROUP0_IRQHandler             
00000b53  GROUP1_IRQHandler             
00000b99  HOSTexit                      
00000b53  HardFault_Handler             
00000b53  I2C0_IRQHandler               
00000b53  I2C1_IRQHandler               
00000b53  NMI_Handler                   
00000b53  PendSV_Handler                
00000b53  RTC_IRQHandler                
00000b9d  Reset_Handler                 
00000b53  SPI0_IRQHandler               
00000b53  SPI1_IRQHandler               
00000b53  SVC_Handler                   
00000b55  SYSCFG_DL_GPIO_init           
0000080d  SYSCFG_DL_MCAN0_init          
00000ae9  SYSCFG_DL_SYSCTL_CLK_init     
0000093d  SYSCFG_DL_SYSCTL_init         
00000b25  SYSCFG_DL_init                
00000a71  SYSCFG_DL_initPower           
00000b53  SysTick_Handler               
00000b53  TIMA0_IRQHandler              
00000b53  TIMA1_IRQHandler              
00000b53  TIMG0_IRQHandler              
00000b53  TIMG12_IRQHandler             
00000b53  TIMG6_IRQHandler              
00000b53  TIMG7_IRQHandler              
00000b53  TIMG8_IRQHandler              
00000b53  UART0_IRQHandler              
00000b53  UART1_IRQHandler              
00000b53  UART2_IRQHandler              
00000b53  UART3_IRQHandler              
20208000  __STACK_END                   
00000200  __STACK_SIZE                  
00000000  __TI_ATRegion0_region_sz      
00000000  __TI_ATRegion0_src_addr       
00000000  __TI_ATRegion0_trg_addr       
00000000  __TI_ATRegion1_region_sz      
00000000  __TI_ATRegion1_src_addr       
00000000  __TI_ATRegion1_trg_addr       
00000000  __TI_ATRegion2_region_sz      
00000000  __TI_ATRegion2_src_addr       
00000000  __TI_ATRegion2_trg_addr       
00000d24  __TI_CINIT_Base               
00000d2c  __TI_CINIT_Limit              
00000d2c  __TI_CINIT_Warm               
00000d20  __TI_Handler_Table_Base       
00000d24  __TI_Handler_Table_Limit      
000009cd  __TI_auto_init_nobinit_nopinit
ffffffff  __TI_pprof_out_hndl           
ffffffff  __TI_prof_data_size           
ffffffff  __TI_prof_data_start          
00000000  __TI_static_base__            
00000b3d  __TI_zero_init_nomemset       
ffffffff  __binit__                     
UNDEFED   __mpu_init                    
20207e00  __stack                       
20200000  __start___llvm_prf_bits       
20200000  __start___llvm_prf_cnts       
20200000  __stop___llvm_prf_bits        
20200000  __stop___llvm_prf_cnts        
00000a9d  _c_int00_noargs               
UNDEFED   _system_post_cinit            
00000ba1  _system_pre_init              
00000b93  abort                         
ffffffff  binit                         
20200000  error                         
00000000  interruptVectors              
0000049d  main                          


GLOBAL SYMBOLS: SORTED BY Symbol Address 

address   name                          
-------   ----                          
00000000  __TI_ATRegion0_region_sz      
00000000  __TI_ATRegion0_src_addr       
00000000  __TI_ATRegion0_trg_addr       
00000000  __TI_ATRegion1_region_sz      
00000000  __TI_ATRegion1_src_addr       
00000000  __TI_ATRegion1_trg_addr       
00000000  __TI_ATRegion2_region_sz      
00000000  __TI_ATRegion2_src_addr       
00000000  __TI_ATRegion2_trg_addr       
00000000  __TI_static_base__            
00000000  interruptVectors              
000000c1  DL_MCAN_msgRAMConfig          
00000200  __STACK_SIZE                  
000002d5  DL_MCAN_config                
000003b9  DL_MCAN_writeMsgRam           
0000049d  main                          
0000057d  DL_MCAN_init                  
00000659  DL_SYSCTL_configSYSPLL        
00000735  DL_MCAN_setBitTime            
0000080d  SYSCFG_DL_MCAN0_init          
000008e1  DL_MCAN_getProtocolStatus     
0000093d  SYSCFG_DL_SYSCTL_init         
00000989  DL_MCAN_getRevisionId         
000009cd  __TI_auto_init_nobinit_nopinit
00000a09  DL_MCAN_TXBufAddReq           
00000a3d  DL_MCAN_setExtIDAndMask       
00000a71  SYSCFG_DL_initPower           
00000a9d  _c_int00_noargs               
00000ac5  DL_MCAN_setClockConfig        
00000ae9  SYSCFG_DL_SYSCTL_CLK_init     
00000b0d  DL_MCAN_setOpMode             
00000b25  SYSCFG_DL_init                
00000b3d  __TI_zero_init_nomemset       
00000b53  ADC0_IRQHandler               
00000b53  ADC1_IRQHandler               
00000b53  AES_IRQHandler                
00000b53  CANFD0_IRQHandler             
00000b53  DAC0_IRQHandler               
00000b53  DMA_IRQHandler                
00000b53  Default_Handler               
00000b53  GROUP0_IRQHandler             
00000b53  GROUP1_IRQHandler             
00000b53  HardFault_Handler             
00000b53  I2C0_IRQHandler               
00000b53  I2C1_IRQHandler               
00000b53  NMI_Handler                   
00000b53  PendSV_Handler                
00000b53  RTC_IRQHandler                
00000b53  SPI0_IRQHandler               
00000b53  SPI1_IRQHandler               
00000b53  SVC_Handler                   
00000b53  SysTick_Handler               
00000b53  TIMA0_IRQHandler              
00000b53  TIMA1_IRQHandler              
00000b53  TIMG0_IRQHandler              
00000b53  TIMG12_IRQHandler             
00000b53  TIMG6_IRQHandler              
00000b53  TIMG7_IRQHandler              
00000b53  TIMG8_IRQHandler              
00000b53  UART0_IRQHandler              
00000b53  UART1_IRQHandler              
00000b53  UART2_IRQHandler              
00000b53  UART3_IRQHandler              
00000b55  SYSCFG_DL_GPIO_init           
00000b69  DL_MCAN_getOpMode             
00000b79  DL_MCAN_isMemInitDone         
00000b89  DL_Common_delayCycles         
00000b93  abort                         
00000b98  C$$EXIT                       
00000b99  HOSTexit                      
00000b9d  Reset_Handler                 
00000ba1  _system_pre_init              
00000d20  __TI_Handler_Table_Base       
00000d24  __TI_CINIT_Base               
00000d24  __TI_Handler_Table_Limit      
00000d2c  __TI_CINIT_Limit              
00000d2c  __TI_CINIT_Warm               
20200000  __start___llvm_prf_bits       
20200000  __start___llvm_prf_cnts       
20200000  __stop___llvm_prf_bits        
20200000  __stop___llvm_prf_cnts        
20200000  error                         
20207e00  __stack                       
20208000  __STACK_END                   
ffffffff  __TI_pprof_out_hndl           
ffffffff  __TI_prof_data_size           
ffffffff  __TI_prof_data_start          
ffffffff  __binit__                     
ffffffff  binit                         
UNDEFED   __mpu_init                    
UNDEFED   _system_post_cinit            

[91 symbols]
