******************************************************************************
            TI ARM Clang Linker PC v4.0.2                      
******************************************************************************
>> Linked Wed Jul 30 19:49:25 2025

OUTPUT FILE NAME:   <CAN_BUS.out>
ENTRY POINT SYMBOL: "_c_int00_noargs"  address: 00000dc9


MEMORY CONFIGURATION

         name            origin    length      used     unused   attr    fill
----------------------  --------  ---------  --------  --------  ----  --------
  FLASH                 00000000   00020000  00001098  0001ef68  R  X
  SRAM                  20200000   00008000  00000361  00007c9f  RW X
  BCR_CONFIG            41c00000   000000ff  00000000  000000ff  R   
  BSL_CONFIG            41c00100   00000080  00000000  00000080  R   


SEGMENT ALLOCATION MAP

run origin  load origin   length   init length attrs members
----------  ----------- ---------- ----------- ----- -------
00000000    00000000    00001098   00001098    r-x
  00000000    00000000    000000c0   000000c0    r-- .intvecs
  000000c0    000000c0    00000e20   00000e20    r-x .text
  00000ee0    00000ee0    00000188   00000188    r-- .rodata
  00001068    00001068    00000030   00000030    r-- .cinit
20200000    20200000    00000161   00000000    rw-
  20200000    20200000    00000160   00000000    rw- .bss
  20200160    20200160    00000001   00000000    rw- .data
20207e00    20207e00    00000200   00000000    rw-
  20207e00    20207e00    00000200   00000000    rw- .stack


SECTION ALLOCATION MAP

 output                                  attributes/
section   page    origin      length       input sections
--------  ----  ----------  ----------   ----------------
.intvecs   0    00000000    000000c0     
                  00000000    000000c0     startup_mspm0g350x_ticlang.o (.intvecs)

.text      0    000000c0    00000e20     
                  000000c0    00000214     driverlib.a : dl_mcan.o (.text.DL_MCAN_msgRAMConfig)
                  000002d4    0000016c     CAN_BUS.o (.text.main)
                  00000440    000000e8     driverlib.a : dl_timer.o (.text.DL_Timer_initTimerMode)
                  00000528    000000e4                 : dl_mcan.o (.text.DL_MCAN_config)
                  0000060c    000000e4                 : dl_mcan.o (.text.DL_MCAN_writeMsgRam)
                  000006f0    000000dc                 : dl_mcan.o (.text.DL_MCAN_init)
                  000007cc    000000dc                 : dl_sysctl_mspm0g1x0x_g3x0x.o (.text.DL_SYSCTL_configSYSPLL)
                  000008a8    000000d8                 : dl_mcan.o (.text.DL_MCAN_setBitTime)
                  00000980    000000d4     ti_msp_dl_config.o (.text.SYSCFG_DL_MCAN0_init)
                  00000a54    0000009a     libc.a : memcpy16.S.obj (.text:memcpy)
                  00000aee    00000002     startup_mspm0g350x_ticlang.o (.text.Default_Handler)
                  00000af0    0000007c     libc.a : copy_decompress_lzss.c.obj (.text:decompress:lzss)
                  00000b6c    0000005c     driverlib.a : dl_mcan.o (.text.DL_MCAN_getProtocolStatus)
                  00000bc8    0000004c     ti_msp_dl_config.o (.text.SYSCFG_DL_SYSCTL_init)
                  00000c14    00000044     driverlib.a : dl_mcan.o (.text.DL_MCAN_getRevisionId)
                  00000c58    00000044     ti_msp_dl_config.o (.text.SYSCFG_DL_TIMER_0_init)
                  00000c9c    0000003c     libc.a : autoinit.c.obj (.text:__TI_auto_init_nobinit_nopinit)
                  00000cd8    00000034     driverlib.a : dl_mcan.o (.text.DL_MCAN_TXBufAddReq)
                  00000d0c    00000034                 : dl_mcan.o (.text.DL_MCAN_setExtIDAndMask)
                  00000d40    00000034     ti_msp_dl_config.o (.text.SYSCFG_DL_initPower)
                  00000d74    0000002c     ti_msp_dl_config.o (.text.SYSCFG_DL_GPIO_init)
                  00000da0    00000028     ti_msp_dl_config.o (.text.SYSCFG_DL_init)
                  00000dc8    00000028     libc.a : boot_cortex_m.c.obj (.text:_c_int00_noargs)
                  00000df0    00000024     driverlib.a : dl_mcan.o (.text.DL_MCAN_setClockConfig)
                  00000e14    00000024     ti_msp_dl_config.o (.text.SYSCFG_DL_SYSCTL_CLK_init)
                  00000e38    0000001c     driverlib.a : dl_timer.o (.text.DL_Timer_setClockConfig)
                  00000e54    00000018                 : dl_mcan.o (.text.DL_MCAN_setOpMode)
                  00000e6c    00000016     libc.a : copy_zero_init.c.obj (.text:decompress:ZI:__TI_zero_init_nomemset)
                  00000e82    00000012            : copy_decompress_none.c.obj (.text:decompress:none)
                  00000e94    00000010     driverlib.a : dl_mcan.o (.text.DL_MCAN_getOpMode)
                  00000ea4    00000010                 : dl_mcan.o (.text.DL_MCAN_isMemInitDone)
                  00000eb4    0000000a                 : dl_common.o (.text.DL_Common_delayCycles)
                  00000ebe    00000002     --HOLE-- [fill = 0]
                  00000ec0    00000008     libclang_rt.builtins.a : aeabi_memcpy.S.obj (.text.__aeabi_memcpy)
                  00000ec8    00000006     libc.a : exit.c.obj (.text:abort)
                  00000ece    00000004     libsysbm.a : hostexit.c.obj (.text.HOSTexit)
                  00000ed2    00000004     startup_mspm0g350x_ticlang.o (.text.Reset_Handler)
                  00000ed6    00000004     libc.a : pre_init.c.obj (.text._system_pre_init)
                  00000eda    00000006     --HOLE-- [fill = 0]

.cinit     0    00001068    00000030     
                  00001068    0000000c     (__TI_handler_table)
                  00001074    00000008     (.cinit..bss.load) [load image, compression = zero_init]
                  0000107c    00000005     (.cinit..data.load) [load image, compression = lzss]
                  00001081    00000003     --HOLE-- [fill = 0]
                  00001084    00000010     (__TI_cinit_table)
                  00001094    00000004     --HOLE-- [fill = 0]

.rodata    0    00000ee0    00000188     
                  00000ee0    00000060     ti_msp_dl_config.o (.rodata.gMCAN0MsgRAMConfigParams)
                  00000f40    00000040     driverlib.a : dl_mcan.o (.rodata..L__const.DL_MCAN_getDataSize.dataSize)
                  00000f80    00000034     ti_msp_dl_config.o (.rodata.gMCAN0InitParams)
                  00000fb4    0000002c     ti_msp_dl_config.o (.rodata.gMCAN0ConfigParams)
                  00000fe0    00000028     ti_msp_dl_config.o (.rodata.gSYSPLLConfig)
                  00001008    00000020     driverlib.a : dl_mcan.o (.rodata.cst32)
                  00001028    00000020     ti_msp_dl_config.o (.rodata.gMCAN0BitTimes)
                  00001048    00000014     ti_msp_dl_config.o (.rodata.gTIMER_0TimerConfig)
                  0000105c    00000004     ti_msp_dl_config.o (.rodata.gMCAN0ClockConf)
                  00001060    00000003     ti_msp_dl_config.o (.rodata.gTIMER_0ClockConfig)
                  00001063    00000005     --HOLE-- [fill = 0]

.init_array 
*          0    00000000    00000000     UNINITIALIZED

.binit     0    00000000    00000000     

.bss       0    20200000    00000160     UNINITIALIZED
                  20200000    000000bc     (.common:gTIMER_0Backup)
                  202000bc    000000a4     (.common:txMsg)

.data      0    20200160    00000001     UNINITIALIZED
                  20200160    00000001     CAN_BUS.o (.data.error)

.stack     0    20207e00    00000200     UNINITIALIZED
                  20207e00    00000004     libc.a : boot_cortex_m.c.obj (.stack)
                  20207e04    000001fc     --HOLE--

__llvm_prf_cnts 
*          0    20200000    00000000     UNINITIALIZED

__llvm_prf_bits 
*          0    20200000    00000000     UNINITIALIZED

MODULE SUMMARY

       Module                         code   ro data   rw data
       ------                         ----   -------   -------
    .\
       ti_msp_dl_config.o             528    291       188    
       CAN_BUS.o                      364    0         165    
       startup_mspm0g350x_ticlang.o   6      192       0      
    +--+------------------------------+------+---------+---------+
       Total:                         898    483       353    
                                                              
    C:/ti/mspm0_sdk_2_04_00_06/source/ti/driverlib/lib/ticlang/m0p/mspm0g1x0x_g3x0x/driverlib.a
       dl_mcan.o                      1780   96        0      
       dl_timer.o                     260    0         0      
       dl_sysctl_mspm0g1x0x_g3x0x.o   220    0         0      
       dl_common.o                    10     0         0      
    +--+------------------------------+------+---------+---------+
       Total:                         2270   96        0      
                                                              
    C:\ti\ccs2010\ccs\tools\compiler\ti-cgt-armllvm_4.0.2.LTS\lib\armv6m-ti-none-eabi/c/libc.a
       memcpy16.S.obj                 154    0         0      
       copy_decompress_lzss.c.obj     124    0         0      
       autoinit.c.obj                 60     0         0      
       boot_cortex_m.c.obj            40     0         0      
       copy_zero_init.c.obj           22     0         0      
       copy_decompress_none.c.obj     18     0         0      
       exit.c.obj                     6      0         0      
       pre_init.c.obj                 4      0         0      
    +--+------------------------------+------+---------+---------+
       Total:                         428    0         0      
                                                              
    C:\ti\ccs2010\ccs\tools\compiler\ti-cgt-armllvm_4.0.2.LTS\lib\armv6m-ti-none-eabi/c/libsysbm.a
       hostexit.c.obj                 4      0         0      
    +--+------------------------------+------+---------+---------+
       Total:                         4      0         0      
                                                              
    C:\ti\ccs2010\ccs\tools\compiler\ti-cgt-armllvm_4.0.2.LTS\lib\armv6m-ti-none-eabi/libclang_rt.builtins.a
       aeabi_memcpy.S.obj             8      0         0      
    +--+------------------------------+------+---------+---------+
       Total:                         8      0         0      
                                                              
       Stack:                         0      0         512    
       Linker Generated:              0      41        0      
    +--+------------------------------+------+---------+---------+
       Grand Total:                   3608   620       865    


LINKER GENERATED COPY TABLES

__TI_cinit_table @ 00001084 records: 2, size/record: 8, table size: 16
	.bss: load addr=00001074, load size=00000008 bytes, run addr=20200000, run size=00000160 bytes, compression=zero_init
	.data: load addr=0000107c, load size=00000005 bytes, run addr=20200160, run size=00000001 bytes, compression=lzss


LINKER GENERATED HANDLER TABLE

__TI_handler_table @ 00001068 records: 3, size/record: 4, table size: 12
	index: 0, handler: __TI_decompress_lzss
	index: 1, handler: __TI_decompress_none
	index: 2, handler: __TI_zero_init


GLOBAL SYMBOLS: SORTED ALPHABETICALLY BY Name 

address   name                          
-------   ----                          
00000aef  ADC0_IRQHandler               
00000aef  ADC1_IRQHandler               
00000aef  AES_IRQHandler                
00000ece  C$$EXIT                       
00000aef  CANFD0_IRQHandler             
00000aef  DAC0_IRQHandler               
00000eb5  DL_Common_delayCycles         
00000cd9  DL_MCAN_TXBufAddReq           
00000529  DL_MCAN_config                
00000e95  DL_MCAN_getOpMode             
00000b6d  DL_MCAN_getProtocolStatus     
00000c15  DL_MCAN_getRevisionId         
000006f1  DL_MCAN_init                  
00000ea5  DL_MCAN_isMemInitDone         
000000c1  DL_MCAN_msgRAMConfig          
000008a9  DL_MCAN_setBitTime            
00000df1  DL_MCAN_setClockConfig        
00000d0d  DL_MCAN_setExtIDAndMask       
00000e55  DL_MCAN_setOpMode             
0000060d  DL_MCAN_writeMsgRam           
000007cd  DL_SYSCTL_configSYSPLL        
00000441  DL_Timer_initTimerMode        
00000e39  DL_Timer_setClockConfig       
00000aef  DMA_IRQHandler                
00000aef  Default_Handler               
00000aef  GROUP0_IRQHandler             
00000aef  GROUP1_IRQHandler             
00000ecf  HOSTexit                      
00000aef  HardFault_Handler             
00000aef  I2C0_IRQHandler               
00000aef  I2C1_IRQHandler               
00000aef  NMI_Handler                   
00000aef  PendSV_Handler                
00000aef  RTC_IRQHandler                
00000ed3  Reset_Handler                 
00000aef  SPI0_IRQHandler               
00000aef  SPI1_IRQHandler               
00000aef  SVC_Handler                   
00000d75  SYSCFG_DL_GPIO_init           
00000981  SYSCFG_DL_MCAN0_init          
00000e15  SYSCFG_DL_SYSCTL_CLK_init     
00000bc9  SYSCFG_DL_SYSCTL_init         
00000c59  SYSCFG_DL_TIMER_0_init        
00000da1  SYSCFG_DL_init                
00000d41  SYSCFG_DL_initPower           
00000aef  SysTick_Handler               
00000aef  TIMA0_IRQHandler              
00000aef  TIMA1_IRQHandler              
00000aef  TIMG0_IRQHandler              
00000aef  TIMG12_IRQHandler             
00000aef  TIMG6_IRQHandler              
00000aef  TIMG7_IRQHandler              
00000aef  TIMG8_IRQHandler              
00000aef  UART0_IRQHandler              
00000aef  UART1_IRQHandler              
00000aef  UART2_IRQHandler              
00000aef  UART3_IRQHandler              
20208000  __STACK_END                   
00000200  __STACK_SIZE                  
00000000  __TI_ATRegion0_region_sz      
00000000  __TI_ATRegion0_src_addr       
00000000  __TI_ATRegion0_trg_addr       
00000000  __TI_ATRegion1_region_sz      
00000000  __TI_ATRegion1_src_addr       
00000000  __TI_ATRegion1_trg_addr       
00000000  __TI_ATRegion2_region_sz      
00000000  __TI_ATRegion2_src_addr       
00000000  __TI_ATRegion2_trg_addr       
00001084  __TI_CINIT_Base               
00001094  __TI_CINIT_Limit              
00001094  __TI_CINIT_Warm               
00001068  __TI_Handler_Table_Base       
00001074  __TI_Handler_Table_Limit      
00000c9d  __TI_auto_init_nobinit_nopinit
00000af1  __TI_decompress_lzss          
00000e83  __TI_decompress_none          
ffffffff  __TI_pprof_out_hndl           
ffffffff  __TI_prof_data_size           
ffffffff  __TI_prof_data_start          
00000000  __TI_static_base__            
00000e6d  __TI_zero_init_nomemset       
00000ec1  __aeabi_memcpy                
00000ec1  __aeabi_memcpy4               
00000ec1  __aeabi_memcpy8               
ffffffff  __binit__                     
UNDEFED   __mpu_init                    
20207e00  __stack                       
20200000  __start___llvm_prf_bits       
20200000  __start___llvm_prf_cnts       
20200000  __stop___llvm_prf_bits        
20200000  __stop___llvm_prf_cnts        
00000dc9  _c_int00_noargs               
UNDEFED   _system_post_cinit            
00000ed7  _system_pre_init              
00000ec9  abort                         
ffffffff  binit                         
20200160  error                         
20200000  gTIMER_0Backup                
00000000  interruptVectors              
000002d5  main                          
00000a55  memcpy                        
202000bc  txMsg                         


GLOBAL SYMBOLS: SORTED BY Symbol Address 

address   name                          
-------   ----                          
00000000  __TI_ATRegion0_region_sz      
00000000  __TI_ATRegion0_src_addr       
00000000  __TI_ATRegion0_trg_addr       
00000000  __TI_ATRegion1_region_sz      
00000000  __TI_ATRegion1_src_addr       
00000000  __TI_ATRegion1_trg_addr       
00000000  __TI_ATRegion2_region_sz      
00000000  __TI_ATRegion2_src_addr       
00000000  __TI_ATRegion2_trg_addr       
00000000  __TI_static_base__            
00000000  interruptVectors              
000000c1  DL_MCAN_msgRAMConfig          
00000200  __STACK_SIZE                  
000002d5  main                          
00000441  DL_Timer_initTimerMode        
00000529  DL_MCAN_config                
0000060d  DL_MCAN_writeMsgRam           
000006f1  DL_MCAN_init                  
000007cd  DL_SYSCTL_configSYSPLL        
000008a9  DL_MCAN_setBitTime            
00000981  SYSCFG_DL_MCAN0_init          
00000a55  memcpy                        
00000aef  ADC0_IRQHandler               
00000aef  ADC1_IRQHandler               
00000aef  AES_IRQHandler                
00000aef  CANFD0_IRQHandler             
00000aef  DAC0_IRQHandler               
00000aef  DMA_IRQHandler                
00000aef  Default_Handler               
00000aef  GROUP0_IRQHandler             
00000aef  GROUP1_IRQHandler             
00000aef  HardFault_Handler             
00000aef  I2C0_IRQHandler               
00000aef  I2C1_IRQHandler               
00000aef  NMI_Handler                   
00000aef  PendSV_Handler                
00000aef  RTC_IRQHandler                
00000aef  SPI0_IRQHandler               
00000aef  SPI1_IRQHandler               
00000aef  SVC_Handler                   
00000aef  SysTick_Handler               
00000aef  TIMA0_IRQHandler              
00000aef  TIMA1_IRQHandler              
00000aef  TIMG0_IRQHandler              
00000aef  TIMG12_IRQHandler             
00000aef  TIMG6_IRQHandler              
00000aef  TIMG7_IRQHandler              
00000aef  TIMG8_IRQHandler              
00000aef  UART0_IRQHandler              
00000aef  UART1_IRQHandler              
00000aef  UART2_IRQHandler              
00000aef  UART3_IRQHandler              
00000af1  __TI_decompress_lzss          
00000b6d  DL_MCAN_getProtocolStatus     
00000bc9  SYSCFG_DL_SYSCTL_init         
00000c15  DL_MCAN_getRevisionId         
00000c59  SYSCFG_DL_TIMER_0_init        
00000c9d  __TI_auto_init_nobinit_nopinit
00000cd9  DL_MCAN_TXBufAddReq           
00000d0d  DL_MCAN_setExtIDAndMask       
00000d41  SYSCFG_DL_initPower           
00000d75  SYSCFG_DL_GPIO_init           
00000da1  SYSCFG_DL_init                
00000dc9  _c_int00_noargs               
00000df1  DL_MCAN_setClockConfig        
00000e15  SYSCFG_DL_SYSCTL_CLK_init     
00000e39  DL_Timer_setClockConfig       
00000e55  DL_MCAN_setOpMode             
00000e6d  __TI_zero_init_nomemset       
00000e83  __TI_decompress_none          
00000e95  DL_MCAN_getOpMode             
00000ea5  DL_MCAN_isMemInitDone         
00000eb5  DL_Common_delayCycles         
00000ec1  __aeabi_memcpy                
00000ec1  __aeabi_memcpy4               
00000ec1  __aeabi_memcpy8               
00000ec9  abort                         
00000ece  C$$EXIT                       
00000ecf  HOSTexit                      
00000ed3  Reset_Handler                 
00000ed7  _system_pre_init              
00001068  __TI_Handler_Table_Base       
00001074  __TI_Handler_Table_Limit      
00001084  __TI_CINIT_Base               
00001094  __TI_CINIT_Limit              
00001094  __TI_CINIT_Warm               
20200000  __start___llvm_prf_bits       
20200000  __start___llvm_prf_cnts       
20200000  __stop___llvm_prf_bits        
20200000  __stop___llvm_prf_cnts        
20200000  gTIMER_0Backup                
202000bc  txMsg                         
20200160  error                         
20207e00  __stack                       
20208000  __STACK_END                   
ffffffff  __TI_pprof_out_hndl           
ffffffff  __TI_prof_data_size           
ffffffff  __TI_prof_data_start          
ffffffff  __binit__                     
ffffffff  binit                         
UNDEFED   __mpu_init                    
UNDEFED   _system_post_cinit            

[102 symbols]
