******************************************************************************
            TI ARM Clang Linker PC v4.0.3                      
******************************************************************************
>> Linked Sat Jul 26 14:47:37 2025

OUTPUT FILE NAME:   <pwm_led_driver_LP_MSPM0G3507_nortos_ticlang.out>
ENTRY POINT SYMBOL: "_c_int00_noargs"  address: 000005c1


MEMORY CONFIGURATION

         name            origin    length      used     unused   attr    fill
----------------------  --------  ---------  --------  --------  ----  --------
  FLASH                 00000000   00020000  00000720  0001f8e0  R  X
  SRAM                  20200000   00008000  000002c0  00007d40  RW X
  BCR_CONFIG            41c00000   000000ff  00000000  000000ff  R   
  BSL_CONFIG            41c00100   00000080  00000000  00000080  R   


SEGMENT ALLOCATION MAP

run origin  load origin   length   init length attrs members
----------  ----------- ---------- ----------- ----- -------
00000000    00000000    00000720   00000720    r-x
  00000000    00000000    000000c0   000000c0    r-- .intvecs
  000000c0    000000c0    00000620   00000620    r-x .text
  000006e0    000006e0    00000010   00000010    r-- .rodata
  000006f0    000006f0    00000030   00000030    r-- .cinit
20200000    20200000    000000c0   00000000    rw-
  20200000    20200000    000000bc   00000000    rw- .bss
  202000bc    202000bc    00000004   00000000    rw- .data
20207e00    20207e00    00000200   00000000    rw-
  20207e00    20207e00    00000200   00000000    rw- .stack


SECTION ALLOCATION MAP

 output                                  attributes/
section   page    origin      length       input sections
--------  ----  ----------  ----------   ----------------
.intvecs   0    00000000    000000c0     
                  00000000    000000c0     startup_mspm0g350x_ticlang.o (.intvecs)

.text      0    000000c0    00000620     
                  000000c0    000001c4     pwm_led_driver.o (.text.main)
                  00000284    00000104     driverlib.a : dl_timer.o (.text.DL_Timer_initFourCCPWMMode)
                  00000388    0000009a     libc.a : memcpy16.S.obj (.text:memcpy)
                  00000422    00000002     startup_mspm0g350x_ticlang.o (.text.Default_Handler)
                  00000424    0000007c     libc.a : copy_decompress_lzss.c.obj (.text:decompress:lzss)
                  000004a0    00000078     ti_msp_dl_config.o (.text.SYSCFG_DL_PWM_1_init)
                  00000518    00000040     ti_msp_dl_config.o (.text.SYSCFG_DL_SYSCTL_init)
                  00000558    0000003c     libc.a : autoinit.c.obj (.text:__TI_auto_init_nobinit_nopinit)
                  00000594    0000002c     ti_msp_dl_config.o (.text.SYSCFG_DL_initPower)
                  000005c0    00000028     libc.a : boot_cortex_m.c.obj (.text:_c_int00_noargs)
                  000005e8    00000020     ti_msp_dl_config.o (.text.SYSCFG_DL_init)
                  00000608    0000001c     driverlib.a : dl_timer.o (.text.DL_Timer_setCaptCompUpdateMethod)
                  00000624    0000001c                 : dl_timer.o (.text.DL_Timer_setClockConfig)
                  00000640    00000018                 : dl_timer.o (.text.DL_Timer_setCaptureCompareOutCtl)
                  00000658    00000018     ti_msp_dl_config.o (.text.SYSCFG_DL_GPIO_init)
                  00000670    00000016     libc.a : copy_zero_init.c.obj (.text:decompress:ZI:__TI_zero_init_nomemset)
                  00000686    00000012            : copy_decompress_none.c.obj (.text:decompress:none)
                  00000698    00000010     driverlib.a : dl_timer.o (.text.DL_Timer_setCaptureCompareValue)
                  000006a8    0000000c     pwm_led_driver.o (.text.TIMA0_IRQHandler)
                  000006b4    0000000a     driverlib.a : dl_common.o (.text.DL_Common_delayCycles)
                  000006be    00000002     --HOLE-- [fill = 0]
                  000006c0    00000008     libclang_rt.builtins.a : aeabi_memcpy.S.obj (.text.__aeabi_memcpy)
                  000006c8    00000006     libc.a : exit.c.obj (.text:abort)
                  000006ce    00000004     libsysbm.a : hostexit.c.obj (.text.HOSTexit)
                  000006d2    00000004     startup_mspm0g350x_ticlang.o (.text.Reset_Handler)
                  000006d6    00000004     libc.a : pre_init.c.obj (.text._system_pre_init)
                  000006da    00000006     --HOLE-- [fill = 0]

.cinit     0    000006f0    00000030     
                  000006f0    0000000c     (__TI_handler_table)
                  000006fc    00000008     (.cinit..bss.load) [load image, compression = zero_init]
                  00000704    00000007     (.cinit..data.load) [load image, compression = lzss]
                  0000070b    00000001     --HOLE-- [fill = 0]
                  0000070c    00000010     (__TI_cinit_table)
                  0000071c    00000004     --HOLE-- [fill = 0]

.rodata    0    000006e0    00000010     
                  000006e0    00000008     ti_msp_dl_config.o (.rodata.gPWM_1Config)
                  000006e8    00000003     ti_msp_dl_config.o (.rodata.gPWM_1ClockConfig)
                  000006eb    00000005     --HOLE-- [fill = 0]

.init_array 
*          0    00000000    00000000     UNINITIALIZED

.binit     0    00000000    00000000     

.bss       0    20200000    000000bc     UNINITIALIZED
                  20200000    000000bc     (.common:gPWM_1Backup)

.data      0    202000bc    00000004     UNINITIALIZED
                  202000bc    00000004     pwm_led_driver.o (.data.duty)

.stack     0    20207e00    00000200     UNINITIALIZED
                  20207e00    00000004     libc.a : boot_cortex_m.c.obj (.stack)
                  20207e04    000001fc     --HOLE--

__llvm_prf_cnts 
*          0    20200000    00000000     UNINITIALIZED

__llvm_prf_bits 
*          0    20200000    00000000     UNINITIALIZED

MODULE SUMMARY

       Module                         code   ro data   rw data
       ------                         ----   -------   -------
    .\
       ti_msp_dl_config.o             284    11        188    
       pwm_led_driver.o               464    0         4      
       startup_mspm0g350x_ticlang.o   6      192       0      
    +--+------------------------------+------+---------+---------+
       Total:                         754    203       192    
                                                              
    C:/ti/mspm0_sdk_2_05_01_00/source/ti/driverlib/lib/ticlang/m0p/mspm0g1x0x_g3x0x/driverlib.a
       dl_timer.o                     356    0         0      
       dl_common.o                    10     0         0      
    +--+------------------------------+------+---------+---------+
       Total:                         366    0         0      
                                                              
    C:\ti\ccs2010\ccs\tools\compiler\ti-cgt-armllvm_4.0.3.LTS\lib\armv6m-ti-none-eabi/c/libc.a
       memcpy16.S.obj                 154    0         0      
       copy_decompress_lzss.c.obj     124    0         0      
       autoinit.c.obj                 60     0         0      
       boot_cortex_m.c.obj            40     0         0      
       copy_zero_init.c.obj           22     0         0      
       copy_decompress_none.c.obj     18     0         0      
       exit.c.obj                     6      0         0      
       pre_init.c.obj                 4      0         0      
    +--+------------------------------+------+---------+---------+
       Total:                         428    0         0      
                                                              
    C:\ti\ccs2010\ccs\tools\compiler\ti-cgt-armllvm_4.0.3.LTS\lib\armv6m-ti-none-eabi/c/libsysbm.a
       hostexit.c.obj                 4      0         0      
    +--+------------------------------+------+---------+---------+
       Total:                         4      0         0      
                                                              
    C:\ti\ccs2010\ccs\tools\compiler\ti-cgt-armllvm_4.0.3.LTS\lib\armv6m-ti-none-eabi/libclang_rt.builtins.a
       aeabi_memcpy.S.obj             8      0         0      
    +--+------------------------------+------+---------+---------+
       Total:                         8      0         0      
                                                              
       Stack:                         0      0         512    
       Linker Generated:              0      43        0      
    +--+------------------------------+------+---------+---------+
       Grand Total:                   1560   246       704    


LINKER GENERATED COPY TABLES

__TI_cinit_table @ 0000070c records: 2, size/record: 8, table size: 16
	.bss: load addr=000006fc, load size=00000008 bytes, run addr=20200000, run size=000000bc bytes, compression=zero_init
	.data: load addr=00000704, load size=00000007 bytes, run addr=202000bc, run size=00000004 bytes, compression=lzss


LINKER GENERATED HANDLER TABLE

__TI_handler_table @ 000006f0 records: 3, size/record: 4, table size: 12
	index: 0, handler: __TI_decompress_lzss
	index: 1, handler: __TI_decompress_none
	index: 2, handler: __TI_zero_init


GLOBAL SYMBOLS: SORTED ALPHABETICALLY BY Name 

address   name                            
-------   ----                            
00000423  ADC0_IRQHandler                 
00000423  ADC1_IRQHandler                 
00000423  AES_IRQHandler                  
000006ce  C$$EXIT                         
00000423  CANFD0_IRQHandler               
00000423  DAC0_IRQHandler                 
000006b5  DL_Common_delayCycles           
00000285  DL_Timer_initFourCCPWMMode      
00000609  DL_Timer_setCaptCompUpdateMethod
00000641  DL_Timer_setCaptureCompareOutCtl
00000699  DL_Timer_setCaptureCompareValue 
00000625  DL_Timer_setClockConfig         
00000423  DMA_IRQHandler                  
00000423  Default_Handler                 
00000423  GROUP0_IRQHandler               
00000423  GROUP1_IRQHandler               
000006cf  HOSTexit                        
00000423  HardFault_Handler               
00000423  I2C0_IRQHandler                 
00000423  I2C1_IRQHandler                 
00000423  NMI_Handler                     
00000423  PendSV_Handler                  
00000423  RTC_IRQHandler                  
000006d3  Reset_Handler                   
00000423  SPI0_IRQHandler                 
00000423  SPI1_IRQHandler                 
00000423  SVC_Handler                     
00000659  SYSCFG_DL_GPIO_init             
000004a1  SYSCFG_DL_PWM_1_init            
00000519  SYSCFG_DL_SYSCTL_init           
000005e9  SYSCFG_DL_init                  
00000595  SYSCFG_DL_initPower             
00000423  SysTick_Handler                 
000006a9  TIMA0_IRQHandler                
00000423  TIMA1_IRQHandler                
00000423  TIMG0_IRQHandler                
00000423  TIMG12_IRQHandler               
00000423  TIMG6_IRQHandler                
00000423  TIMG7_IRQHandler                
00000423  TIMG8_IRQHandler                
00000423  UART0_IRQHandler                
00000423  UART1_IRQHandler                
00000423  UART2_IRQHandler                
00000423  UART3_IRQHandler                
20208000  __STACK_END                     
00000200  __STACK_SIZE                    
00000000  __TI_ATRegion0_region_sz        
00000000  __TI_ATRegion0_src_addr         
00000000  __TI_ATRegion0_trg_addr         
00000000  __TI_ATRegion1_region_sz        
00000000  __TI_ATRegion1_src_addr         
00000000  __TI_ATRegion1_trg_addr         
00000000  __TI_ATRegion2_region_sz        
00000000  __TI_ATRegion2_src_addr         
00000000  __TI_ATRegion2_trg_addr         
0000070c  __TI_CINIT_Base                 
0000071c  __TI_CINIT_Limit                
0000071c  __TI_CINIT_Warm                 
000006f0  __TI_Handler_Table_Base         
000006fc  __TI_Handler_Table_Limit        
00000559  __TI_auto_init_nobinit_nopinit  
00000425  __TI_decompress_lzss            
00000687  __TI_decompress_none            
ffffffff  __TI_pprof_out_hndl             
ffffffff  __TI_prof_data_size             
ffffffff  __TI_prof_data_start            
00000000  __TI_static_base__              
00000671  __TI_zero_init_nomemset         
000006c1  __aeabi_memcpy                  
000006c1  __aeabi_memcpy4                 
000006c1  __aeabi_memcpy8                 
ffffffff  __binit__                       
UNDEFED   __mpu_init                      
20207e00  __stack                         
20200000  __start___llvm_prf_bits         
20200000  __start___llvm_prf_cnts         
20200000  __stop___llvm_prf_bits          
20200000  __stop___llvm_prf_cnts          
000005c1  _c_int00_noargs                 
UNDEFED   _system_post_cinit              
000006d7  _system_pre_init                
000006c9  abort                           
ffffffff  binit                           
202000bc  duty                            
20200000  gPWM_1Backup                    
00000000  interruptVectors                
000000c1  main                            
00000389  memcpy                          


GLOBAL SYMBOLS: SORTED BY Symbol Address 

address   name                            
-------   ----                            
00000000  __TI_ATRegion0_region_sz        
00000000  __TI_ATRegion0_src_addr         
00000000  __TI_ATRegion0_trg_addr         
00000000  __TI_ATRegion1_region_sz        
00000000  __TI_ATRegion1_src_addr         
00000000  __TI_ATRegion1_trg_addr         
00000000  __TI_ATRegion2_region_sz        
00000000  __TI_ATRegion2_src_addr         
00000000  __TI_ATRegion2_trg_addr         
00000000  __TI_static_base__              
00000000  interruptVectors                
000000c1  main                            
00000200  __STACK_SIZE                    
00000285  DL_Timer_initFourCCPWMMode      
00000389  memcpy                          
00000423  ADC0_IRQHandler                 
00000423  ADC1_IRQHandler                 
00000423  AES_IRQHandler                  
00000423  CANFD0_IRQHandler               
00000423  DAC0_IRQHandler                 
00000423  DMA_IRQHandler                  
00000423  Default_Handler                 
00000423  GROUP0_IRQHandler               
00000423  GROUP1_IRQHandler               
00000423  HardFault_Handler               
00000423  I2C0_IRQHandler                 
00000423  I2C1_IRQHandler                 
00000423  NMI_Handler                     
00000423  PendSV_Handler                  
00000423  RTC_IRQHandler                  
00000423  SPI0_IRQHandler                 
00000423  SPI1_IRQHandler                 
00000423  SVC_Handler                     
00000423  SysTick_Handler                 
00000423  TIMA1_IRQHandler                
00000423  TIMG0_IRQHandler                
00000423  TIMG12_IRQHandler               
00000423  TIMG6_IRQHandler                
00000423  TIMG7_IRQHandler                
00000423  TIMG8_IRQHandler                
00000423  UART0_IRQHandler                
00000423  UART1_IRQHandler                
00000423  UART2_IRQHandler                
00000423  UART3_IRQHandler                
00000425  __TI_decompress_lzss            
000004a1  SYSCFG_DL_PWM_1_init            
00000519  SYSCFG_DL_SYSCTL_init           
00000559  __TI_auto_init_nobinit_nopinit  
00000595  SYSCFG_DL_initPower             
000005c1  _c_int00_noargs                 
000005e9  SYSCFG_DL_init                  
00000609  DL_Timer_setCaptCompUpdateMethod
00000625  DL_Timer_setClockConfig         
00000641  DL_Timer_setCaptureCompareOutCtl
00000659  SYSCFG_DL_GPIO_init             
00000671  __TI_zero_init_nomemset         
00000687  __TI_decompress_none            
00000699  DL_Timer_setCaptureCompareValue 
000006a9  TIMA0_IRQHandler                
000006b5  DL_Common_delayCycles           
000006c1  __aeabi_memcpy                  
000006c1  __aeabi_memcpy4                 
000006c1  __aeabi_memcpy8                 
000006c9  abort                           
000006ce  C$$EXIT                         
000006cf  HOSTexit                        
000006d3  Reset_Handler                   
000006d7  _system_pre_init                
000006f0  __TI_Handler_Table_Base         
000006fc  __TI_Handler_Table_Limit        
0000070c  __TI_CINIT_Base                 
0000071c  __TI_CINIT_Limit                
0000071c  __TI_CINIT_Warm                 
20200000  __start___llvm_prf_bits         
20200000  __start___llvm_prf_cnts         
20200000  __stop___llvm_prf_bits          
20200000  __stop___llvm_prf_cnts          
20200000  gPWM_1Backup                    
202000bc  duty                            
20207e00  __stack                         
20208000  __STACK_END                     
ffffffff  __TI_pprof_out_hndl             
ffffffff  __TI_prof_data_size             
ffffffff  __TI_prof_data_start            
ffffffff  __binit__                       
ffffffff  binit                           
UNDEFED   __mpu_init                      
UNDEFED   _system_post_cinit              

[88 symbols]
