******************************************************************************
            TI ARM Clang Linker PC v4.0.2                      
******************************************************************************
>> Linked Sat Mar 15 16:32:21 2025

OUTPUT FILE NAME:   <empty_mspm0g3107_nortos_ticlang.out>
ENTRY POINT SYMBOL: "_c_int00_noinit_noargs"  address: 000001d1


MEMORY CONFIGURATION

         name            origin    length      used     unused   attr    fill
----------------------  --------  ---------  --------  --------  ----  --------
  FLASH                 00000000   00020000  00000220  0001fde0  R  X
  SRAM                  20200000   00008000  00000200  00007e00  RW X
  BCR_CONFIG            41c00000   000000ff  00000000  000000ff  R   
  BSL_CONFIG            41c00100   00000080  00000000  00000080  R   


SEGMENT ALLOCATION MAP

run origin  load origin   length   init length attrs members
----------  ----------- ---------- ----------- ----- -------
00000000    00000000    00000220   00000220    r-x
  00000000    00000000    000000c0   000000c0    r-- .intvecs
  000000c0    000000c0    00000160   00000160    r-x .text
20207e00    20207e00    00000200   00000000    rw-
  20207e00    20207e00    00000200   00000000    rw- .stack


SECTION ALLOCATION MAP

 output                                  attributes/
section   page    origin      length       input sections
--------  ----  ----------  ----------   ----------------
.intvecs   0    00000000    000000c0     
                  00000000    000000c0     startup_mspm0g310x_ticlang.o (.intvecs)

.text      0    000000c0    00000160     
                  000000c0    000000a0     empty_mspm0g3107.o (.text.main)
                  00000160    00000030     ti_msp_dl_config.o (.text.SYSCFG_DL_SYSCTL_init)
                  00000190    00000020     ti_msp_dl_config.o (.text.SYSCFG_DL_GPIO_init)
                  000001b0    00000020     ti_msp_dl_config.o (.text.SYSCFG_DL_initPower)
                  000001d0    00000020     libc.a : boot_cortex_m.c.obj (.text:_c_int00_noinit_noargs)
                  000001f0    00000010     ti_msp_dl_config.o (.text.SYSCFG_DL_init)
                  00000200    0000000a     driverlib.a : dl_common.o (.text.DL_Common_delayCycles)
                  0000020a    00000006     libc.a : exit.c.obj (.text:abort)
                  00000210    00000004     libsysbm.a : hostexit.c.obj (.text.HOSTexit)
                  00000214    00000004     startup_mspm0g310x_ticlang.o (.text.Reset_Handler)
                  00000218    00000004     libc.a : pre_init.c.obj (.text._system_pre_init)
                  0000021c    00000002     startup_mspm0g310x_ticlang.o (.text.Default_Handler)
                  0000021e    00000002     --HOLE-- [fill = 0]

.cinit     0    00000000    00000000     

.init_array 
*          0    00000000    00000000     UNINITIALIZED

.binit     0    00000000    00000000     

.stack     0    20207e00    00000200     UNINITIALIZED
                  20207e00    00000004     libc.a : boot_cortex_m.c.obj (.stack)
                  20207e04    000001fc     --HOLE--

__llvm_prf_cnts 
*          0    20200000    00000000     UNINITIALIZED

__llvm_prf_bits 
*          0    20200000    00000000     UNINITIALIZED

MODULE SUMMARY

       Module                         code   ro data   rw data
       ------                         ----   -------   -------
    .\
       startup_mspm0g310x_ticlang.o   6      192       0      
       empty_mspm0g3107.o             160    0         0      
    +--+------------------------------+------+---------+---------+
       Total:                         166    192       0      
                                                              
    .\syscfg\
       ti_msp_dl_config.o             128    0         0      
    +--+------------------------------+------+---------+---------+
       Total:                         128    0         0      
                                                              
    C:/ti/mspm0_sdk_2_04_00_06/source/ti/driverlib/lib/ticlang/m0p/mspm0g1x0x_g3x0x/driverlib.a
       dl_common.o                    10     0         0      
    +--+------------------------------+------+---------+---------+
       Total:                         10     0         0      
                                                              
    C:\ti\ccs2010\ccs\tools\compiler\ti-cgt-armllvm_4.0.2.LTS\lib\armv6m-ti-none-eabi/c/libc.a
       boot_cortex_m.c.obj            32     0         0      
       exit.c.obj                     6      0         0      
       pre_init.c.obj                 4      0         0      
    +--+------------------------------+------+---------+---------+
       Total:                         42     0         0      
                                                              
    C:\ti\ccs2010\ccs\tools\compiler\ti-cgt-armllvm_4.0.2.LTS\lib\armv6m-ti-none-eabi/c/libsysbm.a
       hostexit.c.obj                 4      0         0      
    +--+------------------------------+------+---------+---------+
       Total:                         4      0         0      
                                                              
       Stack:                         0      0         512    
    +--+------------------------------+------+---------+---------+
       Grand Total:                   350    192       512    


GLOBAL SYMBOLS: SORTED ALPHABETICALLY BY Name 

address   name                    
-------   ----                    
0000021d  ADC0_IRQHandler         
0000021d  ADC1_IRQHandler         
0000021d  AES_IRQHandler          
00000210  C$$EXIT                 
0000021d  CANFD0_IRQHandler       
00000201  DL_Common_delayCycles   
0000021d  DMA_IRQHandler          
0000021d  Default_Handler         
0000021d  GROUP0_IRQHandler       
0000021d  GROUP1_IRQHandler       
00000211  HOSTexit                
0000021d  HardFault_Handler       
0000021d  I2C0_IRQHandler         
0000021d  I2C1_IRQHandler         
0000021d  NMI_Handler             
0000021d  PendSV_Handler          
0000021d  RTC_IRQHandler          
00000215  Reset_Handler           
0000021d  SPI0_IRQHandler         
0000021d  SPI1_IRQHandler         
0000021d  SVC_Handler             
00000191  SYSCFG_DL_GPIO_init     
00000161  SYSCFG_DL_SYSCTL_init   
000001f1  SYSCFG_DL_init          
000001b1  SYSCFG_DL_initPower     
0000021d  SysTick_Handler         
0000021d  TIMA0_IRQHandler        
0000021d  TIMA1_IRQHandler        
0000021d  TIMG0_IRQHandler        
0000021d  TIMG12_IRQHandler       
0000021d  TIMG6_IRQHandler        
0000021d  TIMG7_IRQHandler        
0000021d  TIMG8_IRQHandler        
0000021d  UART0_IRQHandler        
0000021d  UART1_IRQHandler        
0000021d  UART2_IRQHandler        
0000021d  UART3_IRQHandler        
20208000  __STACK_END             
00000200  __STACK_SIZE            
00000000  __TI_ATRegion0_region_sz
00000000  __TI_ATRegion0_src_addr 
00000000  __TI_ATRegion0_trg_addr 
00000000  __TI_ATRegion1_region_sz
00000000  __TI_ATRegion1_src_addr 
00000000  __TI_ATRegion1_trg_addr 
00000000  __TI_ATRegion2_region_sz
00000000  __TI_ATRegion2_src_addr 
00000000  __TI_ATRegion2_trg_addr 
00000000  __TI_CINIT_Base         
00000000  __TI_CINIT_Limit        
00000000  __TI_CINIT_Warm         
ffffffff  __TI_pprof_out_hndl     
ffffffff  __TI_prof_data_size     
ffffffff  __TI_prof_data_start    
00000000  __TI_static_base__      
ffffffff  __binit__               
UNDEFED   __mpu_init              
20207e00  __stack                 
20200000  __start___llvm_prf_bits 
20200000  __start___llvm_prf_cnts 
20200000  __stop___llvm_prf_bits  
20200000  __stop___llvm_prf_cnts  
000001d1  _c_int00_noinit_noargs  
00000219  _system_pre_init        
0000020b  abort                   
ffffffff  binit                   
00000000  interruptVectors        
000000c1  main                    


GLOBAL SYMBOLS: SORTED BY Symbol Address 

address   name                    
-------   ----                    
00000000  __TI_ATRegion0_region_sz
00000000  __TI_ATRegion0_src_addr 
00000000  __TI_ATRegion0_trg_addr 
00000000  __TI_ATRegion1_region_sz
00000000  __TI_ATRegion1_src_addr 
00000000  __TI_ATRegion1_trg_addr 
00000000  __TI_ATRegion2_region_sz
00000000  __TI_ATRegion2_src_addr 
00000000  __TI_ATRegion2_trg_addr 
00000000  __TI_CINIT_Base         
00000000  __TI_CINIT_Limit        
00000000  __TI_CINIT_Warm         
00000000  __TI_static_base__      
00000000  interruptVectors        
000000c1  main                    
00000161  SYSCFG_DL_SYSCTL_init   
00000191  SYSCFG_DL_GPIO_init     
000001b1  SYSCFG_DL_initPower     
000001d1  _c_int00_noinit_noargs  
000001f1  SYSCFG_DL_init          
00000200  __STACK_SIZE            
00000201  DL_Common_delayCycles   
0000020b  abort                   
00000210  C$$EXIT                 
00000211  HOSTexit                
00000215  Reset_Handler           
00000219  _system_pre_init        
0000021d  ADC0_IRQHandler         
0000021d  ADC1_IRQHandler         
0000021d  AES_IRQHandler          
0000021d  CANFD0_IRQHandler       
0000021d  DMA_IRQHandler          
0000021d  Default_Handler         
0000021d  GROUP0_IRQHandler       
0000021d  GROUP1_IRQHandler       
0000021d  HardFault_Handler       
0000021d  I2C0_IRQHandler         
0000021d  I2C1_IRQHandler         
0000021d  NMI_Handler             
0000021d  PendSV_Handler          
0000021d  RTC_IRQHandler          
0000021d  SPI0_IRQHandler         
0000021d  SPI1_IRQHandler         
0000021d  SVC_Handler             
0000021d  SysTick_Handler         
0000021d  TIMA0_IRQHandler        
0000021d  TIMA1_IRQHandler        
0000021d  TIMG0_IRQHandler        
0000021d  TIMG12_IRQHandler       
0000021d  TIMG6_IRQHandler        
0000021d  TIMG7_IRQHandler        
0000021d  TIMG8_IRQHandler        
0000021d  UART0_IRQHandler        
0000021d  UART1_IRQHandler        
0000021d  UART2_IRQHandler        
0000021d  UART3_IRQHandler        
20200000  __start___llvm_prf_bits 
20200000  __start___llvm_prf_cnts 
20200000  __stop___llvm_prf_bits  
20200000  __stop___llvm_prf_cnts  
20207e00  __stack                 
20208000  __STACK_END             
ffffffff  __TI_pprof_out_hndl     
ffffffff  __TI_prof_data_size     
ffffffff  __TI_prof_data_start    
ffffffff  __binit__               
ffffffff  binit                   
UNDEFED   __mpu_init              

[68 symbols]
